Component: Arm Compiler for Embedded 6.22 Tool: armlink [5ee90200]

==============================================================================

Section Cross References

    keiluvisoin_startup.o(RESET) refers to keiluvisoin_startup.o(STACK) for __initial_sp
    keiluvisoin_startup.o(RESET) refers to keiluvisoin_startup.o(.text) for Reset_Handler
    keiluvisoin_startup.o(RESET) refers to task.o(.text) for SVC_Dispatcher
    keiluvisoin_startup.o(RESET) refers to port.o(.text) for OsPort_PendSVHandler
    keiluvisoin_startup.o(RESET) refers to alarm.o(.text) for SystemTimerHandler
    keiluvisoin_startup.o(.text) refers to schedule.o(.text) for SystemInit
    keiluvisoin_startup.o(.text) refers to entry.o(.ARM.Collect$$$$00000000) for __main
    counter.o(.text) refers to oscfg.o(.rodata.OsCfg_SYSTEM_TICK_IN_MS) for OsCfg_SYSTEM_TICK_IN_MS
    counter.o(.text) refers to counter.o(.bss.OsCnt_SystemCounter) for OsCnt_SystemCounter
    counter.o(.text) refers to counter.o(.bss.SysTickCount) for SysTickCount
    counter.o(.ARM.exidx) refers to counter.o(.text) for [Anonymous Symbol]
    hook.o(.ARM.exidx) refers to hook.o(.text) for [Anonymous Symbol]
    oscfg.o(.data.OsCfg_TCBs) refers to schedule.o(.text) for OsTask_GetError_Task
    oscfg.o(.data.OsCfg_TCBs) refers to task.o(.text) for OsTask_IdleMechanism
    oscfg.o(.data.OsCfg_Alarms) refers to oscfg.o(.data.MainCounter) for MainCounter
    schedule.o(.text) refers to wdgmanager.o(.data.wdgConfig) for wdgConfig
    schedule.o(.text) refers to rte.o(.text) for Rte_Call_RP_WdgM_Init
    schedule.o(.text) refers to task.o(.text) for StartOS
    schedule.o(.text) refers to event.o(.text) for WaitEvent
    schedule.o(.text) refers to schedule.o(.data.ErrorFlag) for ErrorFlag
    schedule.o(.ARM.exidx) refers to schedule.o(.text) for [Anonymous Symbol]
    compressorcontrolswc.o(.text) refers to rte.o(.text) for Rte_Read_RP_CompressorData_CompressorValue
    compressorcontrolswc.o(.ARM.exidx) refers to compressorcontrolswc.o(.text) for [Anonymous Symbol]
    coolingcontrolswc.o(.text) refers to rte.o(.text) for Rte_Read_RP_ComData_TempSpeedValue
    coolingcontrolswc.o(.ARM.exidx) refers to coolingcontrolswc.o(.text) for [Anonymous Symbol]
    fancontrolswc.o(.text) refers to rte.o(.text) for Rte_Read_RP_FanData_FanValue
    fancontrolswc.o(.ARM.exidx) refers to fancontrolswc.o(.text) for [Anonymous Symbol]
    nvblockswc.o(.text) refers to rte.o(.bss.Data) for Data
    nvblockswc.o(.text) refers to nvmmanager.o(.text) for NvM_WriteBlock
    nvblockswc.o(.ARM.exidx) refers to nvblockswc.o(.text) for [Anonymous Symbol]
    iohwabcompressor.o(.text) refers to pwm.o(.text) for Pwm_SetDutyCycle
    iohwabcompressor.o(.ARM.exidx) refers to iohwabcompressor.o(.text) for [Anonymous Symbol]
    iohwabfan.o(.text) refers to pwm.o(.text) for Pwm_SetDutyCycle
    iohwabfan.o(.ARM.exidx) refers to iohwabfan.o(.text) for [Anonymous Symbol]
    hwabmem.o(.text) refers to fls.o(.text) for Fls_Write
    hwabmem.o(.ARM.exidx) refers to hwabmem.o(.text) for [Anonymous Symbol]
    wdgif.o(.text) refers to wdg.o(.text) for Wdg_SetMode
    wdgif.o(.ARM.exidx) refers to wdgif.o(.text) for [Anonymous Symbol]
    iohwabcan.o(.text) refers to iohwabcan.o(.bss.CanRxBuffer) for CanRxBuffer
    iohwabcan.o(.text) refers to iohwabcan.o(.bss.CanRxLength) for CanRxLength
    iohwabcan.o(.text) refers to iohwabcan.o(.bss.status) for status
    iohwabcan.o(.text) refers to pdur.o(.text) for PduR_LoIfRxIndication
    iohwabcan.o(.ARM.exidx) refers to iohwabcan.o(.text) for [Anonymous Symbol]
    pwm.o(.ARM.exidx) refers to pwm.o(.text) for [Anonymous Symbol]
    fls.o(.ARM.exidx) refers to fls.o(.text) for [Anonymous Symbol]
    wdg.o(.ARM.exidx) refers to wdg.o(.text) for [Anonymous Symbol]
    can.o(.text) refers to can.o(.bss.frameData) for frameData
    can.o(.text) refers to iohwabcan.o(.text) for CanIf_RxIndication
    can.o(.ARM.exidx) refers to can.o(.text) for [Anonymous Symbol]
    rte.o(.text) refers to com.o(.text) for Com_ReceiveSignal
    rte.o(.text) refers to rte.o(.bss.EngineSpeedValue) for EngineSpeedValue
    rte.o(.text) refers to coolingcontrolswc.o(.text) for CoolingControl_Runable
    rte.o(.text) refers to fancontrolswc.o(.text) for FanControl_Runable
    rte.o(.text) refers to compressorcontrolswc.o(.text) for CompressorControl_Runable
    rte.o(.text) refers to nvblockswc.o(.text) for HandleNVM_Runable
    rte.o(.text) refers to rte.o(.bss.TemperatureValue) for TemperatureValue
    rte.o(.text) refers to rte.o(.bss.FanRatio) for FanRatio
    rte.o(.text) refers to rte.o(.bss.CompressorRatio) for CompressorRatio
    rte.o(.text) refers to rte.o(.bss.ExpectedTemp) for ExpectedTemp
    rte.o(.text) refers to iohwabfan.o(.text) for AdjustFanControl
    rte.o(.text) refers to iohwabcompressor.o(.text) for AdjustCompressorControl
    rte.o(.text) refers to diagnosticmanager.o(.text) for SetEventStatus
    rte.o(.text) refers to wdgmanager.o(.text) for WdgM_Init
    rte.o(.ARM.exidx) refers to rte.o(.text) for [Anonymous Symbol]
    diagnosticmanager.o(.text) refers to diagnosticmanager.o(.bss.eventCount) for eventCount
    diagnosticmanager.o(.text) refers to diagnosticmanager.o(.bss.diagnosticEvents) for diagnosticEvents
    diagnosticmanager.o(.text) refers to rte.o(.bss.Data) for Data
    diagnosticmanager.o(.ARM.exidx) refers to diagnosticmanager.o(.text) for [Anonymous Symbol]
    nvmmanager.o(.text) refers to hwabmem.o(.text) for MemIf_Write
    nvmmanager.o(.ARM.exidx) refers to nvmmanager.o(.text) for [Anonymous Symbol]
    wdgmanager.o(.text) refers to wdgmanager.o(.bss.currentConfig) for currentConfig
    wdgmanager.o(.text) refers to wdgif.o(.text) for WdgIf_SetMode
    wdgmanager.o(.ARM.exidx) refers to wdgmanager.o(.text) for [Anonymous Symbol]
    com.o(.text) refers to com.o(.bss.Com_SignalBuffer) for Com_SignalBuffer
    com.o(.text) refers to com.o(.bss.Com_SignalLength) for Com_SignalLength
    com.o(.text) refers to memcpya.o(.text) for __aeabi_memcpy
    com.o(.ARM.exidx) refers to com.o(.text) for [Anonymous Symbol]
    pdur.o(.text) refers to com.o(.text) for Com_RxIndication
    pdur.o(.ARM.exidx) refers to pdur.o(.text) for [Anonymous Symbol]
    alarm.o(.text) refers to counter.o(.text) for OsCnt_GetSystemCounter
    alarm.o(.text) refers to tcbprocessor.o(.text) for OsTcb_GetTaskStateProcessor
    alarm.o(.text) refers to errmgr.o(.text) for OsErrMgr_SetServiceID
    alarm.o(.text) refers to hook.o(.text) for ErrorHook
    alarm.o(.text) refers to port.o(.text) for OsPort_PushUpperContext
    alarm.o(.text) refers to oscfg.o(.data.OsCfg_Alarms) for OsCfg_Alarms
    alarm.o(.text) refers to oscfg.o(.rodata.OsCfg_USE_ERROR_HOOK) for OsCfg_USE_ERROR_HOOK
    alarm.o(.text) refers to oscfg.o(.rodata.OsCfg_USE_POSTTASK_HOOK) for OsCfg_USE_POSTTASK_HOOK
    alarm.o(.text) refers to oscfg.o(.rodata.OsCfg_MAX_NUM_OF_ALARMS) for OsCfg_MAX_NUM_OF_ALARMS
    event.o(.text) refers to tcbprocessor.o(.text) for OsTcb_GetTaskIDProcessor
    event.o(.text) refers to svccontext.o(.text) for SVCCnxt_EventMgrSetTskID
    task.o(.text) refers to portable.o(.text) for OsPort_CoreInit
    task.o(.text) refers to tcbprocessor.o(.text) for OsTcb_TasksInit
    task.o(.text) refers to hook.o(.text) for StartupHook
    task.o(.text) refers to counter.o(.text) for SysTick_Init
    task.o(.text) refers to port.o(.text) for OsPort_JumpToApp
    task.o(.text) refers to svccontext.o(.text) for SVCCnxt_TskMgrSetTskID
    task.o(.text) refers to rcbprocessor.o(.text) for OsRes_GetResourceProcessor
    task.o(.text) refers to oscfg.o(.rodata.OsCfg_USE_STARTUP_HOOK) for OsCfg_USE_STARTUP_HOOK
    task.o(.text) refers to oscfg.o(.rodata.OsCfg_USE_STACK_OVER_FLOW_HOOK) for OsCfg_USE_STACK_OVER_FLOW_HOOK
    task.o(.text) refers to oscfg.o(.rodata.OsCfg_USE_POSTTASK_HOOK) for OsCfg_USE_POSTTASK_HOOK
    port.o(.text) refers to portable.o(.text) for OsPort_SetThreadMode
    port.o(.text) refers to tcbprocessor.o(.text) for OsTcb_GetCurrentTCBRef
    errmgr.o(.text) refers to errmgr.o(.data) for OsErrMgr_DetectedService
    rcbprocessor.o(.text) refers to tcbprocessor.o(.text) for OsTcb_GetTaskIDProcessor
    rcbprocessor.o(.text) refers to svccontext.o(.text) for SVCCnxt_ResMgrGetResID
    rcbprocessor.o(.text) refers to errmgr.o(.text) for OsErrMgr_SetServiceID
    rcbprocessor.o(.text) refers to hook.o(.text) for ErrorHook
    rcbprocessor.o(.text) refers to oscfg.o(.rodata.OsCfg_MAX_NUM_OF_RESOURCES) for OsCfg_MAX_NUM_OF_RESOURCES
    rcbprocessor.o(.text) refers to oscfg.o(.rodata.OsCfg_ResourceTaskAuthorized) for OsCfg_ResourceTaskAuthorized
    rcbprocessor.o(.text) refers to oscfg.o(.bss.RCB) for RCB
    rcbprocessor.o(.text) refers to oscfg.o(.rodata.OsCfg_ResourceCeilPri) for OsCfg_ResourceCeilPri
    rcbprocessor.o(.text) refers to oscfg.o(.rodata.OsCfg_USE_ERROR_HOOK) for OsCfg_USE_ERROR_HOOK
    svccontext.o(.text) refers to oscfg.o(.bss.SVCCnxt_ErrCodes) for SVCCnxt_ErrCodes
    svccontext.o(.text) refers to svccontext.o(.data) for SVCCnxt_TskMgrCnxt
    svccontext.o(.text) refers to oscfg.o(.bss.SVCCnxt_ResMgrCnxt) for SVCCnxt_ResMgrCnxt
    tcbprocessor.o(.text) refers to svccontext.o(.text) for SVCCnxt_TskMgrGetTskID
    tcbprocessor.o(.text) refers to errmgr.o(.text) for OsErrMgr_SetServiceID
    tcbprocessor.o(.text) refers to hook.o(.text) for ErrorHook
    tcbprocessor.o(.text) refers to portable.o(.text) for OsPort_SetInitialStack
    tcbprocessor.o(.text) refers to oscfg.o(.data.OsCfg_TCBs) for OsCfg_TCBs
    tcbprocessor.o(.text) refers to oscfg.o(.rodata.OsCfg_USE_STACK_OVER_FLOW_HOOK) for OsCfg_USE_STACK_OVER_FLOW_HOOK
    tcbprocessor.o(.text) refers to oscfg.o(.rodata.OsCfg_StackSize) for OsCfg_StackSize
    tcbprocessor.o(.text) refers to oscfg.o(.bss.OsCfg_Stack) for OsCfg_Stack
    tcbprocessor.o(.text) refers to oscfg.o(.rodata.OsCfg_MAX_NUM_OF_TASKS) for OsCfg_MAX_NUM_OF_TASKS
    tcbprocessor.o(.text) refers to tcbprocessor.o(.data) for TcbProcessor_RunningTaskID
    tcbprocessor.o(.text) refers to oscfg.o(.rodata.OsCfg_USE_ERROR_HOOK) for OsCfg_USE_ERROR_HOOK
    tcbprocessor.o(.text) refers to oscfg.o(.rodata.OsCfg_USE_POSTTASK_HOOK) for OsCfg_USE_POSTTASK_HOOK
    tcbprocessor.o(.text) refers to oscfg.o(.rodata.OsCfg_USE_PRETASK_HOOK) for OsCfg_USE_PRETASK_HOOK
    tcbprocessor.o(.text) refers to oscfg.o(.rodata.OsCfg_ALL_STACK_SIZE) for OsCfg_ALL_STACK_SIZE
    tcbprocessor.o(.text) refers to task.o(.text) for OsTask_IdleMechanism
    tcbprocessor.o(.data) refers to oscfg.o(.data.OsCfg_TCBs) for OsCfg_TCBs
    entry.o(.ARM.Collect$$$$00000000) refers (Special) to entry10a.o(.ARM.Collect$$$$0000000D) for __rt_final_cpp
    entry.o(.ARM.Collect$$$$00000000) refers (Special) to entry11a.o(.ARM.Collect$$$$0000000F) for __rt_final_exit
    entry.o(.ARM.Collect$$$$00000000) refers (Special) to entry7b.o(.ARM.Collect$$$$00000008) for _main_clock
    entry.o(.ARM.Collect$$$$00000000) refers (Special) to entry8b.o(.ARM.Collect$$$$0000000A) for _main_cpp_init
    entry.o(.ARM.Collect$$$$00000000) refers (Special) to entry9a.o(.ARM.Collect$$$$0000000B) for _main_init
    entry.o(.ARM.Collect$$$$00000000) refers (Special) to entry5.o(.ARM.Collect$$$$00000004) for _main_scatterload
    entry.o(.ARM.Collect$$$$00000000) refers (Special) to entry2.o(.ARM.Collect$$$$00000001) for _main_stk
    entry2.o(.ARM.Collect$$$$00000001) refers to entry2.o(.ARM.Collect$$$$00002712) for __lit__00000000
    entry2.o(.ARM.Collect$$$$00002712) refers to keiluvisoin_startup.o(STACK) for __initial_sp
    entry2.o(__vectab_stack_and_reset_area) refers to keiluvisoin_startup.o(STACK) for __initial_sp
    entry2.o(__vectab_stack_and_reset_area) refers to entry.o(.ARM.Collect$$$$00000000) for __main
    entry5.o(.ARM.Collect$$$$00000004) refers to init.o(.text) for __scatterload
    entry9a.o(.ARM.Collect$$$$0000000B) refers to schedule.o(.text) for main
    entry9b.o(.ARM.Collect$$$$0000000C) refers to schedule.o(.text) for main
    init.o(.text) refers to entry5.o(.ARM.Collect$$$$00000004) for __main_after_scatterload


==============================================================================

Removing Unused input sections from the image.

    Removing keiluvisoin_startup.o(HEAP), (0 bytes).
    Removing counter.o(.ARM.exidx), (24 bytes).
    Removing hook.o(.ARM.exidx), (40 bytes).
    Removing oscfg.o(.text), (0 bytes).
    Removing oscfg.o(.rodata.OsCfg_USE_PARAMETER_ACCESS), (1 bytes).
    Removing oscfg.o(.rodata.OsCfg_USE_GET_SERVICE_ID), (1 bytes).
    Removing oscfg.o(.rodata.OSTICKDURATION), (4 bytes).
    Removing schedule.o(.ARM.exidx), (48 bytes).
    Removing schedule.o(.bss.GetError_Runable), (4 bytes).
    Removing schedule.o(.ARM.use_no_argv), (4 bytes).
    Removing compressorcontrolswc.o(.ARM.exidx), (8 bytes).
    Removing coolingcontrolswc.o(.ARM.exidx), (8 bytes).
    Removing fancontrolswc.o(.ARM.exidx), (8 bytes).
    Removing nvblockswc.o(.ARM.exidx), (8 bytes).
    Removing iohwabcompressor.o(.ARM.exidx), (8 bytes).
    Removing iohwabfan.o(.ARM.exidx), (8 bytes).
    Removing hwabmem.o(.ARM.exidx), (16 bytes).
    Removing wdgif.o(.ARM.exidx), (16 bytes).
    Removing iohwabcan.o(.text), (108 bytes).
    Removing iohwabcan.o(.ARM.exidx), (24 bytes).
    Removing iohwabcan.o(.bss.status), (1 bytes).
    Removing iohwabcan.o(.bss.CanRxBuffer), (4 bytes).
    Removing iohwabcan.o(.bss.CanRxLength), (1 bytes).
    Removing pwm.o(.ARM.exidx), (8 bytes).
    Removing fls.o(.ARM.exidx), (16 bytes).
    Removing wdg.o(.ARM.exidx), (16 bytes).
    Removing can.o(.text), (42 bytes).
    Removing can.o(.ARM.exidx), (8 bytes).
    Removing can.o(.bss.frameData), (3 bytes).
    Removing rte.o(.ARM.exidx), (192 bytes).
    Removing rte.o(.bss.ErrorCode), (2 bytes).
    Removing diagnosticmanager.o(.ARM.exidx), (24 bytes).
    Removing nvmmanager.o(.ARM.exidx), (16 bytes).
    Removing wdgmanager.o(.ARM.exidx), (48 bytes).
    Removing com.o(.ARM.exidx), (16 bytes).
    Removing pdur.o(.text), (14 bytes).
    Removing pdur.o(.ARM.exidx), (8 bytes).

37 unused section(s) (total 757 bytes) removed from the image.

==============================================================================

Image Symbol Table

    Local Symbols

    Symbol Name                              Value     Ov Type        Size  Object(Section)

    ../OSEK/startup/keilUvisoin_startup.s    0x00000000   Number         0  keiluvisoin_startup.o ABSOLUTE
    ../clib/microlib/init/entry.s            0x00000000   Number         0  entry.o ABSOLUTE
    ../clib/microlib/init/entry.s            0x00000000   Number         0  entry2.o ABSOLUTE
    ../clib/microlib/init/entry.s            0x00000000   Number         0  entry5.o ABSOLUTE
    ../clib/microlib/init/entry.s            0x00000000   Number         0  entry7a.o ABSOLUTE
    ../clib/microlib/init/entry.s            0x00000000   Number         0  entry7b.o ABSOLUTE
    ../clib/microlib/init/entry.s            0x00000000   Number         0  entry8a.o ABSOLUTE
    ../clib/microlib/init/entry.s            0x00000000   Number         0  entry8b.o ABSOLUTE
    ../clib/microlib/init/entry.s            0x00000000   Number         0  entry9a.o ABSOLUTE
    ../clib/microlib/init/entry.s            0x00000000   Number         0  entry9b.o ABSOLUTE
    ../clib/microlib/init/entry.s            0x00000000   Number         0  entry10a.o ABSOLUTE
    ../clib/microlib/init/entry.s            0x00000000   Number         0  entry10b.o ABSOLUTE
    ../clib/microlib/init/entry.s            0x00000000   Number         0  entry11a.o ABSOLUTE
    ../clib/microlib/init/entry.s            0x00000000   Number         0  entry11b.o ABSOLUTE
    ../clib/microlib/string/memcpy.c         0x00000000   Number         0  memcpya.o ABSOLUTE
    ../clib/microlib/string/memcpy.c         0x00000000   Number         0  memcpyb.o ABSOLUTE
    Can.c                                    0x00000000   Number         0  can.o ABSOLUTE
    Com.c                                    0x00000000   Number         0  com.o ABSOLUTE
    CompressorControlSWC.c                   0x00000000   Number         0  compressorcontrolswc.o ABSOLUTE
    CoolingControlSWC.c                      0x00000000   Number         0  coolingcontrolswc.o ABSOLUTE
    DiagnosticManager.c                      0x00000000   Number         0  diagnosticmanager.o ABSOLUTE
    FanControlSWC.c                          0x00000000   Number         0  fancontrolswc.o ABSOLUTE
    Fls.c                                    0x00000000   Number         0  fls.o ABSOLUTE
    HwAbMem.c                                0x00000000   Number         0  hwabmem.o ABSOLUTE
    IOHwAbCan.c                              0x00000000   Number         0  iohwabcan.o ABSOLUTE
    IOHwAbCompressor.c                       0x00000000   Number         0  iohwabcompressor.o ABSOLUTE
    IOHwAbFan.c                              0x00000000   Number         0  iohwabfan.o ABSOLUTE
    NVBlockSWC.c                             0x00000000   Number         0  nvblockswc.o ABSOLUTE
    NVMManager.c                             0x00000000   Number         0  nvmmanager.o ABSOLUTE
    OsCfg.c                                  0x00000000   Number         0  oscfg.o ABSOLUTE
    PduR.c                                   0x00000000   Number         0  pdur.o ABSOLUTE
    Pwm.c                                    0x00000000   Number         0  pwm.o ABSOLUTE
    RTE.c                                    0x00000000   Number         0  rte.o ABSOLUTE
    Wdg.c                                    0x00000000   Number         0  wdg.o ABSOLUTE
    WdgIf.c                                  0x00000000   Number         0  wdgif.o ABSOLUTE
    WdgManager.c                             0x00000000   Number         0  wdgmanager.o ABSOLUTE
    counter.c                                0x00000000   Number         0  counter.o ABSOLUTE
    dc.s                                     0x00000000   Number         0  dc.o ABSOLUTE
    handlers.s                               0x00000000   Number         0  handlers.o ABSOLUTE
    hook.c                                   0x00000000   Number         0  hook.o ABSOLUTE
    init.s                                   0x00000000   Number         0  init.o ABSOLUTE
    schedule.c                               0x00000000   Number         0  schedule.o ABSOLUTE
    src\ErrMgr.c                             0x00000000   Number         0  errmgr.o ABSOLUTE
    src\RcbProcessor.c                       0x00000000   Number         0  rcbprocessor.o ABSOLUTE
    src\SVCContext.c                         0x00000000   Number         0  svccontext.o ABSOLUTE
    src\TcbProcessor.c                       0x00000000   Number         0  tcbprocessor.o ABSOLUTE
    src\alarm.c                              0x00000000   Number         0  alarm.o ABSOLUTE
    src\event.c                              0x00000000   Number         0  event.o ABSOLUTE
    src\portable\Keil\port.s                 0x00000000   Number         0  port.o ABSOLUTE
    src\portable\Keil\portable.c             0x00000000   Number         0  portable.o ABSOLUTE
    src\task.c                               0x00000000   Number         0  task.o ABSOLUTE
    RESET                                    0x00000000   Section      620  keiluvisoin_startup.o(RESET)
    .ARM.Collect$$$$00000000                 0x0000026c   Section        0  entry.o(.ARM.Collect$$$$00000000)
    .ARM.Collect$$$$00000001                 0x0000026c   Section        4  entry2.o(.ARM.Collect$$$$00000001)
    .ARM.Collect$$$$00000004                 0x00000270   Section        4  entry5.o(.ARM.Collect$$$$00000004)
    .ARM.Collect$$$$00000008                 0x00000274   Section        0  entry7b.o(.ARM.Collect$$$$00000008)
    .ARM.Collect$$$$0000000A                 0x00000274   Section        0  entry8b.o(.ARM.Collect$$$$0000000A)
    .ARM.Collect$$$$0000000B                 0x00000274   Section        8  entry9a.o(.ARM.Collect$$$$0000000B)
    __lit__00000000                          0x0000027c   Data           4  entry2.o(.ARM.Collect$$$$00002712)
    .ARM.Collect$$$$0000000D                 0x0000027c   Section        0  entry10a.o(.ARM.Collect$$$$0000000D)
    .ARM.Collect$$$$0000000F                 0x0000027c   Section        0  entry11a.o(.ARM.Collect$$$$0000000F)
    .ARM.Collect$$$$00002712                 0x0000027c   Section        4  entry2.o(.ARM.Collect$$$$00002712)
    $v0                                      0x00000280   Number         0  keiluvisoin_startup.o(.text)
    .text                                    0x00000280   Section      252  keiluvisoin_startup.o(.text)
    [Anonymous Symbol]                       0x0000037c   Section        0  counter.o(.text)
    [Anonymous Symbol]                       0x000003f8   Section        0  hook.o(.text)
    [Anonymous Symbol]                       0x0000040c   Section        0  schedule.o(.text)
    [Anonymous Symbol]                       0x000004a0   Section        0  compressorcontrolswc.o(.text)
    [Anonymous Symbol]                       0x000004b8   Section        0  coolingcontrolswc.o(.text)
    [Anonymous Symbol]                       0x00000544   Section        0  fancontrolswc.o(.text)
    [Anonymous Symbol]                       0x0000055c   Section        0  nvblockswc.o(.text)
    [Anonymous Symbol]                       0x000005ac   Section        0  iohwabcompressor.o(.text)
    [Anonymous Symbol]                       0x000005bc   Section        0  iohwabfan.o(.text)
    [Anonymous Symbol]                       0x000005cc   Section        0  hwabmem.o(.text)
    [Anonymous Symbol]                       0x00000600   Section        0  wdgif.o(.text)
    [Anonymous Symbol]                       0x00000624   Section        0  pwm.o(.text)
    [Anonymous Symbol]                       0x00000628   Section        0  fls.o(.text)
    [Anonymous Symbol]                       0x00000648   Section        0  wdg.o(.text)
    [Anonymous Symbol]                       0x00000674   Section        0  rte.o(.text)
    [Anonymous Symbol]                       0x000007c0   Section        0  diagnosticmanager.o(.text)
    [Anonymous Symbol]                       0x00000864   Section        0  nvmmanager.o(.text)
    [Anonymous Symbol]                       0x00000884   Section        0  wdgmanager.o(.text)
    [Anonymous Symbol]                       0x00000908   Section        0  com.o(.text)
    .text                                    0x0000096c   Section        0  alarm.o(.text)
    OsAlrm_AssignAlarmEntry                  0x00000a09   Thumb Code    38  alarm.o(.text)
    OsAlrm_ValidateStartValue                0x00000a2f   Thumb Code    44  alarm.o(.text)
    OsAlrm_ValidateCycle                     0x00000a5b   Thumb Code    46  alarm.o(.text)
    OsAlrm_AlarmActionExecute                0x00000b5b   Thumb Code   200  alarm.o(.text)
    OsAlrm_AlarmFireProcessor                0x00000c23   Thumb Code    82  alarm.o(.text)
    SystemAlarmsProcessor                    0x00000c75   Thumb Code    74  alarm.o(.text)
    OsAlrm_ValidateID                        0x00000ceb   Thumb Code    16  alarm.o(.text)
    OsAlrm_GetFirePoint                      0x00000cfb   Thumb Code    14  alarm.o(.text)
    OsAlrm_AlarmIsEnabled                    0x00000d09   Thumb Code    16  alarm.o(.text)
    OsAlrm_DisableAlarm                      0x00000d19   Thumb Code    16  alarm.o(.text)
    OsAlrm_GetAlrmTaskID                     0x00000d29   Thumb Code    16  alarm.o(.text)
    .text                                    0x00000d4c   Section        0  event.o(.text)
    .text                                    0x00000db4   Section        0  task.o(.text)
    .text                                    0x00000f20   Section       90  port.o(.text)
    .text                                    0x00000f7c   Section        0  errmgr.o(.text)
    .text                                    0x00000fd8   Section        0  rcbprocessor.o(.text)
    .text                                    0x000010f4   Section        0  svccontext.o(.text)
    OsTcb_SetInitialStack                    0x0000114d   Thumb Code   252  tcbprocessor.o(.text)
    .text                                    0x0000114c   Section        0  tcbprocessor.o(.text)
    OsTcb_StackPointersInit                  0x00001249   Thumb Code   110  tcbprocessor.o(.text)
    OsTcb_SetTaskState                       0x000012e7   Thumb Code    20  tcbprocessor.o(.text)
    OsTcb_ResetTaskEvent                     0x00001311   Thumb Code    26  tcbprocessor.o(.text)
    OsTcb_ResetTCB                           0x000013a7   Thumb Code    66  tcbprocessor.o(.text)
    OsTcb_CheckEventTrigger                  0x0000160d   Thumb Code    42  tcbprocessor.o(.text)
    OsTcb_SetTaskEvent                       0x00001637   Thumb Code    30  tcbprocessor.o(.text)
    OsTcb_StackCanarInit                     0x00001a0d   Thumb Code   114  tcbprocessor.o(.text)
    OsTcb_IdleTaskInit                       0x00001a7f   Thumb Code   144  tcbprocessor.o(.text)
    OsTcb_GetTaskPriority                    0x00001b0f   Thumb Code    16  tcbprocessor.o(.text)
    OsTcb_TaskModelIsBasic                   0x00001b1f   Thumb Code    24  tcbprocessor.o(.text)
    OsTcb_TaskIDValid                        0x00001b37   Thumb Code    18  tcbprocessor.o(.text)
    OsTcb_SetCurrentTCBRef                   0x00001b49   Thumb Code    16  tcbprocessor.o(.text)
    .text                                    0x00001b88   Section        0  portable.o(.text)
    .text                                    0x00001c20   Section        0  memcpya.o(.text)
    .text                                    0x00001c44   Section       48  init.o(.text)
    i.__scatterload_copy                     0x00001c74   Section       14  handlers.o(i.__scatterload_copy)
    i.__scatterload_null                     0x00001c82   Section        2  handlers.o(i.__scatterload_null)
    i.__scatterload_zeroinit                 0x00001c84   Section       14  handlers.o(i.__scatterload_zeroinit)
    OsErrMgr_DetectedService                 0x20000000   Data           1  errmgr.o(.data)
    .data                                    0x20000000   Section       12  errmgr.o(.data)
    OsErrMgr_DetectedTaskID                  0x20000001   Data           1  errmgr.o(.data)
    OsErrMgr_DetectedEventID                 0x20000002   Data           1  errmgr.o(.data)
    OSErrMgr_DetectedResID                   0x20000003   Data           1  errmgr.o(.data)
    OsErrMgr_OverflowContext                 0x20000004   Data           8  errmgr.o(.data)
    SVCCnxt_TskMgrCnxt                       0x2000000c   Data           1  svccontext.o(.data)
    .data                                    0x2000000c   Section        3  svccontext.o(.data)
    SVCCnxt_EventMgrCnxt                     0x2000000d   Data           2  svccontext.o(.data)
    .data                                    0x20000010   Section        6  tcbprocessor.o(.data)
    TcbProcessor_RunningTaskID               0x20000014   Data           1  tcbprocessor.o(.data)
    TaskHookIsSilent                         0x20000015   Data           1  tcbprocessor.o(.data)
    OsCnt_SystemCounter                      0x20000468   Data           4  counter.o(.bss.OsCnt_SystemCounter)
    [Anonymous Symbol]                       0x20000468   Section        0  counter.o(.bss.OsCnt_SystemCounter)
    SysTickCount                             0x20000474   Data           4  counter.o(.bss.SysTickCount)
    [Anonymous Symbol]                       0x20000474   Section        0  counter.o(.bss.SysTickCount)
    currentConfig                            0x2000047c   Data           4  wdgmanager.o(.bss.currentConfig)
    [Anonymous Symbol]                       0x2000047c   Section        0  wdgmanager.o(.bss.currentConfig)
    STACK                                    0x20000618   Section      512  keiluvisoin_startup.o(STACK)

    Global Symbols

    Symbol Name                              Value     Ov Type        Size  Object(Section)

    BuildAttributes$$THM_ISAv4$E$P$D$K$B$S$7EM$VFPi3$EXTD16$VFPS$VFMA$PE$A:L22UL41UL21$X:L11$S22US41US21$IEEE1$IW$~IW$USESV6$~STKCKD$USESV7$~SHL$OTIME$EBA8$MICROLIB$REQ8$PRES8$EABIv2 0x00000000   Number         0  anon$$obj.o ABSOLUTE
    __Vectors                                0x00000000   Data           4  keiluvisoin_startup.o(RESET)
    __cpp_initialize__aeabi_                  - Undefined Weak Reference
    __cxa_finalize                            - Undefined Weak Reference
    __decompress                              - Undefined Weak Reference
    _clock_init                               - Undefined Weak Reference
    _microlib_exit                            - Undefined Weak Reference
    __Vectors_End                            0x0000026c   Data           0  keiluvisoin_startup.o(RESET)
    __Vectors_Size                           0x0000026c   Number         0  keiluvisoin_startup.o ABSOLUTE
    __main                                   0x0000026d   Thumb Code     0  entry.o(.ARM.Collect$$$$00000000)
    _main_stk                                0x0000026d   Thumb Code     0  entry2.o(.ARM.Collect$$$$00000001)
    _main_scatterload                        0x00000271   Thumb Code     0  entry5.o(.ARM.Collect$$$$00000004)
    __main_after_scatterload                 0x00000275   Thumb Code     0  entry5.o(.ARM.Collect$$$$00000004)
    _main_clock                              0x00000275   Thumb Code     0  entry7b.o(.ARM.Collect$$$$00000008)
    _main_cpp_init                           0x00000275   Thumb Code     0  entry8b.o(.ARM.Collect$$$$0000000A)
    _main_init                               0x00000275   Thumb Code     0  entry9a.o(.ARM.Collect$$$$0000000B)
    __rt_final_cpp                           0x0000027d   Thumb Code     0  entry10a.o(.ARM.Collect$$$$0000000D)
    __rt_final_exit                          0x0000027d   Thumb Code     0  entry11a.o(.ARM.Collect$$$$0000000F)
    Reset_Handler                            0x00000281   Thumb Code     8  keiluvisoin_startup.o(.text)
    NMI_Handler                              0x00000289   Thumb Code     2  keiluvisoin_startup.o(.text)
    HardFault_Handler                        0x0000028b   Thumb Code     2  keiluvisoin_startup.o(.text)
    MemManage_Handler                        0x0000028d   Thumb Code     2  keiluvisoin_startup.o(.text)
    BusFault_Handler                         0x0000028f   Thumb Code     2  keiluvisoin_startup.o(.text)
    UsageFault_Handler                       0x00000291   Thumb Code     2  keiluvisoin_startup.o(.text)
    SVC_Handler                              0x00000293   Thumb Code     2  keiluvisoin_startup.o(.text)
    DebugMon_Handler                         0x00000295   Thumb Code     2  keiluvisoin_startup.o(.text)
    PendSV_Handler                           0x00000297   Thumb Code     2  keiluvisoin_startup.o(.text)
    SysTick_Handler                          0x00000299   Thumb Code     2  keiluvisoin_startup.o(.text)
    GPIOA_Handler                            0x0000029b   Thumb Code     2  keiluvisoin_startup.o(.text)
    GPIOB_Handler                            0x0000029d   Thumb Code     2  keiluvisoin_startup.o(.text)
    GPIOC_Handler                            0x0000029f   Thumb Code     2  keiluvisoin_startup.o(.text)
    GPIOD_Handler                            0x000002a1   Thumb Code     2  keiluvisoin_startup.o(.text)
    GPIOE_Handler                            0x000002a3   Thumb Code     2  keiluvisoin_startup.o(.text)
    UART0_Handler                            0x000002a5   Thumb Code     2  keiluvisoin_startup.o(.text)
    UART1_Handler                            0x000002a7   Thumb Code     2  keiluvisoin_startup.o(.text)
    SSI0_Handler                             0x000002a9   Thumb Code     2  keiluvisoin_startup.o(.text)
    I2C0_Handler                             0x000002ab   Thumb Code     2  keiluvisoin_startup.o(.text)
    PMW0_FAULT_Handler                       0x000002ad   Thumb Code     2  keiluvisoin_startup.o(.text)
    PWM0_0_Handler                           0x000002af   Thumb Code     2  keiluvisoin_startup.o(.text)
    PWM0_1_Handler                           0x000002b1   Thumb Code     2  keiluvisoin_startup.o(.text)
    PWM0_2_Handler                           0x000002b3   Thumb Code     2  keiluvisoin_startup.o(.text)
    QEI0_Handler                             0x000002b5   Thumb Code     2  keiluvisoin_startup.o(.text)
    ADC0SS0_Handler                          0x000002b7   Thumb Code     2  keiluvisoin_startup.o(.text)
    ADC0SS1_Handler                          0x000002b9   Thumb Code     2  keiluvisoin_startup.o(.text)
    ADC0SS2_Handler                          0x000002bb   Thumb Code     2  keiluvisoin_startup.o(.text)
    ADC0SS3_Handler                          0x000002bd   Thumb Code     2  keiluvisoin_startup.o(.text)
    WDT0_Handler                             0x000002bf   Thumb Code     2  keiluvisoin_startup.o(.text)
    TIMER0A_Handler                          0x000002c1   Thumb Code     2  keiluvisoin_startup.o(.text)
    TIMER0B_Handler                          0x000002c3   Thumb Code     2  keiluvisoin_startup.o(.text)
    TIMER1A_Handler                          0x000002c5   Thumb Code     2  keiluvisoin_startup.o(.text)
    TIMER1B_Handler                          0x000002c7   Thumb Code     2  keiluvisoin_startup.o(.text)
    TIMER2A_Handler                          0x000002c9   Thumb Code     2  keiluvisoin_startup.o(.text)
    TIMER2B_Handler                          0x000002cb   Thumb Code     2  keiluvisoin_startup.o(.text)
    COMP0_Handler                            0x000002cd   Thumb Code     2  keiluvisoin_startup.o(.text)
    COMP1_Handler                            0x000002cf   Thumb Code     2  keiluvisoin_startup.o(.text)
    COMP2_Handler                            0x000002d1   Thumb Code     2  keiluvisoin_startup.o(.text)
    SYSCTL_Handler                           0x000002d3   Thumb Code     2  keiluvisoin_startup.o(.text)
    FLASH_Handler                            0x000002d5   Thumb Code     2  keiluvisoin_startup.o(.text)
    GPIOF_Handler                            0x000002d7   Thumb Code     2  keiluvisoin_startup.o(.text)
    GPIOG_Handler                            0x000002d9   Thumb Code     2  keiluvisoin_startup.o(.text)
    GPIOH_Handler                            0x000002db   Thumb Code     2  keiluvisoin_startup.o(.text)
    UART2_Handler                            0x000002dd   Thumb Code     2  keiluvisoin_startup.o(.text)
    SSI1_Handler                             0x000002df   Thumb Code     2  keiluvisoin_startup.o(.text)
    TIMER3A_Handler                          0x000002e1   Thumb Code     2  keiluvisoin_startup.o(.text)
    TIMER3B_Handler                          0x000002e3   Thumb Code     2  keiluvisoin_startup.o(.text)
    I2C1_Handler                             0x000002e5   Thumb Code     2  keiluvisoin_startup.o(.text)
    QEI1_Handler                             0x000002e7   Thumb Code     2  keiluvisoin_startup.o(.text)
    CAN0_Handler                             0x000002e9   Thumb Code     2  keiluvisoin_startup.o(.text)
    CAN1_Handler                             0x000002eb   Thumb Code     2  keiluvisoin_startup.o(.text)
    CAN2_Handler                             0x000002ed   Thumb Code     2  keiluvisoin_startup.o(.text)
    HIB_Handler                              0x000002ef   Thumb Code     2  keiluvisoin_startup.o(.text)
    USB0_Handler                             0x000002f1   Thumb Code     2  keiluvisoin_startup.o(.text)
    PWM0_3_Handler                           0x000002f3   Thumb Code     2  keiluvisoin_startup.o(.text)
    UDMA_Handler                             0x000002f5   Thumb Code     2  keiluvisoin_startup.o(.text)
    UDMAERR_Handler                          0x000002f7   Thumb Code     2  keiluvisoin_startup.o(.text)
    ADC1SS0_Handler                          0x000002f9   Thumb Code     2  keiluvisoin_startup.o(.text)
    ADC1SS1_Handler                          0x000002fb   Thumb Code     2  keiluvisoin_startup.o(.text)
    ADC1SS2_Handler                          0x000002fd   Thumb Code     2  keiluvisoin_startup.o(.text)
    ADC1SS3_Handler                          0x000002ff   Thumb Code     2  keiluvisoin_startup.o(.text)
    GPIOJ_Handler                            0x00000301   Thumb Code     2  keiluvisoin_startup.o(.text)
    GPIOK_Handler                            0x00000303   Thumb Code     2  keiluvisoin_startup.o(.text)
    GPIOL_Handler                            0x00000305   Thumb Code     2  keiluvisoin_startup.o(.text)
    SSI2_Handler                             0x00000307   Thumb Code     2  keiluvisoin_startup.o(.text)
    SSI3_Handler                             0x00000309   Thumb Code     2  keiluvisoin_startup.o(.text)
    UART3_Handler                            0x0000030b   Thumb Code     2  keiluvisoin_startup.o(.text)
    UART4_Handler                            0x0000030d   Thumb Code     2  keiluvisoin_startup.o(.text)
    UART5_Handler                            0x0000030f   Thumb Code     2  keiluvisoin_startup.o(.text)
    UART6_Handler                            0x00000311   Thumb Code     2  keiluvisoin_startup.o(.text)
    UART7_Handler                            0x00000313   Thumb Code     2  keiluvisoin_startup.o(.text)
    I2C2_Handler                             0x00000315   Thumb Code     2  keiluvisoin_startup.o(.text)
    I2C3_Handler                             0x00000317   Thumb Code     2  keiluvisoin_startup.o(.text)
    TIMER4A_Handler                          0x00000319   Thumb Code     2  keiluvisoin_startup.o(.text)
    TIMER4B_Handler                          0x0000031b   Thumb Code     2  keiluvisoin_startup.o(.text)
    TIMER5A_Handler                          0x0000031d   Thumb Code     2  keiluvisoin_startup.o(.text)
    TIMER5B_Handler                          0x0000031f   Thumb Code     2  keiluvisoin_startup.o(.text)
    WTIMER0A_Handler                         0x00000321   Thumb Code     2  keiluvisoin_startup.o(.text)
    WTIMER0B_Handler                         0x00000323   Thumb Code     2  keiluvisoin_startup.o(.text)
    WTIMER1A_Handler                         0x00000325   Thumb Code     2  keiluvisoin_startup.o(.text)
    WTIMER1B_Handler                         0x00000327   Thumb Code     2  keiluvisoin_startup.o(.text)
    WTIMER2A_Handler                         0x00000329   Thumb Code     2  keiluvisoin_startup.o(.text)
    WTIMER2B_Handler                         0x0000032b   Thumb Code     2  keiluvisoin_startup.o(.text)
    WTIMER3A_Handler                         0x0000032d   Thumb Code     2  keiluvisoin_startup.o(.text)
    WTIMER3B_Handler                         0x0000032f   Thumb Code     2  keiluvisoin_startup.o(.text)
    WTIMER4A_Handler                         0x00000331   Thumb Code     2  keiluvisoin_startup.o(.text)
    WTIMER4B_Handler                         0x00000333   Thumb Code     2  keiluvisoin_startup.o(.text)
    WTIMER5A_Handler                         0x00000335   Thumb Code     2  keiluvisoin_startup.o(.text)
    WTIMER5B_Handler                         0x00000337   Thumb Code     2  keiluvisoin_startup.o(.text)
    FPU_Handler                              0x00000339   Thumb Code     2  keiluvisoin_startup.o(.text)
    I2C4_Handler                             0x0000033b   Thumb Code     2  keiluvisoin_startup.o(.text)
    I2C5_Handler                             0x0000033d   Thumb Code     2  keiluvisoin_startup.o(.text)
    GPIOM_Handler                            0x0000033f   Thumb Code     2  keiluvisoin_startup.o(.text)
    GPION_Handler                            0x00000341   Thumb Code     2  keiluvisoin_startup.o(.text)
    QEI2_Handler                             0x00000343   Thumb Code     2  keiluvisoin_startup.o(.text)
    GPIOP0_Handler                           0x00000345   Thumb Code     2  keiluvisoin_startup.o(.text)
    GPIOP1_Handler                           0x00000347   Thumb Code     2  keiluvisoin_startup.o(.text)
    GPIOP2_Handler                           0x00000349   Thumb Code     2  keiluvisoin_startup.o(.text)
    GPIOP3_Handler                           0x0000034b   Thumb Code     2  keiluvisoin_startup.o(.text)
    GPIOP4_Handler                           0x0000034d   Thumb Code     2  keiluvisoin_startup.o(.text)
    GPIOP5_Handler                           0x0000034f   Thumb Code     2  keiluvisoin_startup.o(.text)
    GPIOP6_Handler                           0x00000351   Thumb Code     2  keiluvisoin_startup.o(.text)
    GPIOP7_Handler                           0x00000353   Thumb Code     2  keiluvisoin_startup.o(.text)
    GPIOQ0_Handler                           0x00000355   Thumb Code     2  keiluvisoin_startup.o(.text)
    GPIOQ1_Handler                           0x00000357   Thumb Code     2  keiluvisoin_startup.o(.text)
    GPIOQ2_Handler                           0x00000359   Thumb Code     2  keiluvisoin_startup.o(.text)
    GPIOQ3_Handler                           0x0000035b   Thumb Code     2  keiluvisoin_startup.o(.text)
    GPIOQ4_Handler                           0x0000035d   Thumb Code     2  keiluvisoin_startup.o(.text)
    GPIOQ5_Handler                           0x0000035f   Thumb Code     2  keiluvisoin_startup.o(.text)
    GPIOQ6_Handler                           0x00000361   Thumb Code     2  keiluvisoin_startup.o(.text)
    GPIOQ7_Handler                           0x00000363   Thumb Code     2  keiluvisoin_startup.o(.text)
    GPIOR_Handler                            0x00000365   Thumb Code     2  keiluvisoin_startup.o(.text)
    GPIOS_Handler                            0x00000367   Thumb Code     2  keiluvisoin_startup.o(.text)
    PMW1_0_Handler                           0x00000369   Thumb Code     2  keiluvisoin_startup.o(.text)
    PWM1_1_Handler                           0x0000036b   Thumb Code     2  keiluvisoin_startup.o(.text)
    PWM1_2_Handler                           0x0000036d   Thumb Code     2  keiluvisoin_startup.o(.text)
    PWM1_3_Handler                           0x0000036f   Thumb Code     2  keiluvisoin_startup.o(.text)
    PWM1_FAULT_Handler                       0x00000371   Thumb Code     2  keiluvisoin_startup.o(.text)
    SysTick_Init                             0x0000037d   Thumb Code    78  counter.o(.text)
    OsCnt_IncrSystemCounter                  0x000003cd   Thumb Code    30  counter.o(.text)
    OsCnt_GetSystemCounter                   0x000003ed   Thumb Code    12  counter.o(.text)
    ErrorHook                                0x000003f9   Thumb Code     2  hook.o(.text)
    StartupHook                              0x000003fd   Thumb Code     2  hook.o(.text)
    PreTaskHook                              0x00000401   Thumb Code     2  hook.o(.text)
    PostTaskHook                             0x00000405   Thumb Code     2  hook.o(.text)
    StackOverFlowHook                        0x00000409   Thumb Code     2  hook.o(.text)
    SystemInit                               0x0000040d   Thumb Code     2  schedule.o(.text)
    main                                     0x00000411   Thumb Code    18  schedule.o(.text)
    OsTask_Component_Task                    0x00000425   Thumb Code    18  schedule.o(.text)
    OsTask_GetError_Task                     0x00000439   Thumb Code    14  schedule.o(.text)
    OsTask_Main_Task                         0x00000449   Thumb Code    48  schedule.o(.text)
    OsTask_ComReceive_Task                   0x00000479   Thumb Code    40  schedule.o(.text)
    CompressorControl_Runable                0x000004a1   Thumb Code    24  compressorcontrolswc.o(.text)
    CoolingControl_Runable                   0x000004b9   Thumb Code   138  coolingcontrolswc.o(.text)
    FanControl_Runable                       0x00000545   Thumb Code    24  fancontrolswc.o(.text)
    HandleNVM_Runable                        0x0000055d   Thumb Code    80  nvblockswc.o(.text)
    AdjustCompressorControl                  0x000005ad   Thumb Code    14  iohwabcompressor.o(.text)
    AdjustFanControl                         0x000005bd   Thumb Code    14  iohwabfan.o(.text)
    MemIf_Write                              0x000005cd   Thumb Code    18  hwabmem.o(.text)
    MemIf_Read                               0x000005e1   Thumb Code    30  hwabmem.o(.text)
    WdgIf_SetMode                            0x00000601   Thumb Code    18  wdgif.o(.text)
    WdgIf_SetTriggerCondition                0x00000615   Thumb Code    14  wdgif.o(.text)
    Pwm_SetDutyCycle                         0x00000625   Thumb Code     2  pwm.o(.text)
    Fls_Write                                0x00000629   Thumb Code    16  fls.o(.text)
    Fls_Read                                 0x00000639   Thumb Code    16  fls.o(.text)
    Wdg_SetMode                              0x00000649   Thumb Code    14  wdg.o(.text)
    Wdg_SetTriggerCondition                  0x00000659   Thumb Code    26  wdg.o(.text)
    Rte_EV_ComReceive                        0x00000675   Thumb Code    22  rte.o(.text)
    Rte_EV_Main                              0x0000068d   Thumb Code     4  rte.o(.text)
    Rte_EV_Component                         0x00000691   Thumb Code    14  rte.o(.text)
    Rte_EV_GetError                          0x000006a1   Thumb Code     6  rte.o(.text)
    Rte_Write_PP_ComData_TempSpeedValue      0x000006a9   Thumb Code    24  rte.o(.text)
    Rte_Read_RP_ComData_TempSpeedValue       0x000006c1   Thumb Code    44  rte.o(.text)
    Rte_Write_PP_FanData_FanValue            0x000006ed   Thumb Code    16  rte.o(.text)
    Rte_Read_RP_FanData_FanValue             0x000006fd   Thumb Code    24  rte.o(.text)
    Rte_Write_PP_CompressorData_CompressorValue 0x00000715   Thumb Code    16  rte.o(.text)
    Rte_Read_RP_CompressorData_CompressorValue 0x00000725   Thumb Code    24  rte.o(.text)
    Rte_Read_RP_PARAM_ExpectedTemperature    0x0000073d   Thumb Code    24  rte.o(.text)
    Rte_Write_PP_PARAM_ExpectedTemperature   0x00000755   Thumb Code    16  rte.o(.text)
    Rte_Call_RP_AdjustFan_ControlFan         0x00000765   Thumb Code     4  rte.o(.text)
    Rte_Call_RP_AdjustCompressor_ControlCompressor 0x00000769   Thumb Code     4  rte.o(.text)
    Rte_Call_RP_NVData_CallServerFunction    0x0000076d   Thumb Code    10  rte.o(.text)
    Rte_Call_RP_NVHandle_SeverHandle         0x00000779   Thumb Code     4  rte.o(.text)
    Rte_Call_RP_ERROR_ReportDiagnosticResult 0x0000077d   Thumb Code    10  rte.o(.text)
    Rte_Call_RP_ERROR_SetEvent               0x00000789   Thumb Code     4  rte.o(.text)
    Rte_Call_RP_WdgM_Init                    0x0000078d   Thumb Code    16  rte.o(.text)
    Rte_Call_RP_WdgM_DeInit                  0x0000079d   Thumb Code     4  rte.o(.text)
    Rte_Call_RP_WdgM_SetMode                 0x000007a1   Thumb Code     4  rte.o(.text)
    Rte_Call_RP_WdgM_GetMode                 0x000007a5   Thumb Code    20  rte.o(.text)
    Rte_Call_RP_WdgM_PerformReset            0x000007b9   Thumb Code     4  rte.o(.text)
    Rte_Call_RP_WdgM_CheckpointReached       0x000007bd   Thumb Code     4  rte.o(.text)
    ReportDiagnosticEvent                    0x000007c1   Thumb Code    60  diagnosticmanager.o(.text)
    GetDiagnosticEventStatus                 0x000007fd   Thumb Code    48  diagnosticmanager.o(.text)
    SetEventStatus                           0x0000082d   Thumb Code    56  diagnosticmanager.o(.text)
    NvM_WriteBlock                           0x00000865   Thumb Code    16  nvmmanager.o(.text)
    NvM_ReadBlock                            0x00000875   Thumb Code    16  nvmmanager.o(.text)
    WdgM_Init                                0x00000885   Thumb Code    50  wdgmanager.o(.text)
    WdgM_PerformReset                        0x000008b9   Thumb Code     8  wdgmanager.o(.text)
    WdgM_DeInit                              0x000008c1   Thumb Code    22  wdgmanager.o(.text)
    WdgM_SetMode                             0x000008d9   Thumb Code    16  wdgmanager.o(.text)
    WdgM_GetMode                             0x000008e9   Thumb Code    26  wdgmanager.o(.text)
    WdgM_CheckpointReached                   0x00000905   Thumb Code     4  wdgmanager.o(.text)
    Com_ReceiveSignal                        0x00000909   Thumb Code    58  com.o(.text)
    Com_RxIndication                         0x00000945   Thumb Code    38  com.o(.text)
    DeclareAlarm                             0x0000096d   Thumb Code     2  alarm.o(.text)
    GetAlarmBase                             0x0000096f   Thumb Code    74  alarm.o(.text)
    GetAlarm                                 0x000009b9   Thumb Code    80  alarm.o(.text)
    SetAbsAlarm                              0x00000a89   Thumb Code    76  alarm.o(.text)
    SetRelAlarm                              0x00000ad5   Thumb Code    94  alarm.o(.text)
    CancelAlarm                              0x00000b33   Thumb Code    40  alarm.o(.text)
    SystemTimerHandler                       0x00000cbf   Thumb Code    44  alarm.o(.text)
    SetEvent                                 0x00000d4d   Thumb Code    34  event.o(.text)
    ClearEvent                               0x00000d6f   Thumb Code    26  event.o(.text)
    GetEvent                                 0x00000d89   Thumb Code    16  event.o(.text)
    WaitEvent                                0x00000d99   Thumb Code    26  event.o(.text)
    StartOS                                  0x00000db5   Thumb Code    48  task.o(.text)
    ActivateTask                             0x00000de5   Thumb Code    30  task.o(.text)
    TerminateTask                            0x00000e03   Thumb Code    22  task.o(.text)
    ChainTask                                0x00000e19   Thumb Code    30  task.o(.text)
    Schedule                                 0x00000e37   Thumb Code    22  task.o(.text)
    GetTaskID                                0x00000e4d   Thumb Code    16  task.o(.text)
    GetTaskState                             0x00000e5d   Thumb Code    16  task.o(.text)
    SVC_Dispatcher                           0x00000e6d   Thumb Code   160  task.o(.text)
    OsTask_IdleMechanism                     0x00000f0d   Thumb Code     4  task.o(.text)
    OsPort_JumpToApp                         0x00000f21   Thumb Code     0  port.o(.text)
    OsPort_PendSVHandler                     0x00000f43   Thumb Code     0  port.o(.text)
    OsPort_PushUpperContext                  0x00000f55   Thumb Code     0  port.o(.text)
    OsPort_PopUpperContext                   0x00000f63   Thumb Code     0  port.o(.text)
    OsPort_ReturnWithAutopop                 0x00000f71   Thumb Code     0  port.o(.text)
    OsErrMgr_SetServiceID                    0x00000f7d   Thumb Code     6  errmgr.o(.text)
    OsErrMgr_GetServiceID                    0x00000f83   Thumb Code     6  errmgr.o(.text)
    OsErrMgr_StoreTaskID                     0x00000f89   Thumb Code     6  errmgr.o(.text)
    OsErrMgr_GetTaskID                       0x00000f8f   Thumb Code     6  errmgr.o(.text)
    OsErrMgr_StoreEventID                    0x00000f95   Thumb Code     6  errmgr.o(.text)
    OsErrMgr_GetEventID                      0x00000f9b   Thumb Code     6  errmgr.o(.text)
    OsErrMgr_StoreResID                      0x00000fa1   Thumb Code     6  errmgr.o(.text)
    OsErrMgr_GetResID                        0x00000fa7   Thumb Code     6  errmgr.o(.text)
    OsErrMgr_SetOverFlowContext              0x00000fad   Thumb Code     8  errmgr.o(.text)
    OsErrMgr_GetOverFlowContext              0x00000fb5   Thumb Code    14  errmgr.o(.text)
    OsRes_GetResourceProcessor               0x00000fd9   Thumb Code   136  rcbprocessor.o(.text)
    OsRcb_ReleaseResourceProcessor           0x00001061   Thumb Code   128  rcbprocessor.o(.text)
    SVCCnxt_SetErrCode                       0x000010f5   Thumb Code     6  svccontext.o(.text)
    SVCCnxt_GetErrCode                       0x000010fb   Thumb Code     8  svccontext.o(.text)
    SVCCnxt_TskMgrSetTskID                   0x00001103   Thumb Code     6  svccontext.o(.text)
    SVCCnxt_TskMgrGetTskID                   0x00001109   Thumb Code     8  svccontext.o(.text)
    SVCCnxt_EventMgrSetTskID                 0x00001111   Thumb Code     6  svccontext.o(.text)
    SVCCnxt_EventMgrGetTskID                 0x00001117   Thumb Code     8  svccontext.o(.text)
    SVCCnxt_EventMgrSetEventMsk              0x0000111f   Thumb Code     6  svccontext.o(.text)
    SVCCnxt_EventMgrGetEventMsk              0x00001125   Thumb Code     8  svccontext.o(.text)
    SVCCnxt_ResMgrSetResID                   0x0000112d   Thumb Code     6  svccontext.o(.text)
    SVCCnxt_ResMgrGetResID                   0x00001133   Thumb Code     8  svccontext.o(.text)
    OsTcb_TasksInit                          0x000012b7   Thumb Code    48  tcbprocessor.o(.text)
    OsTcb_GetTaskState                       0x000012fb   Thumb Code    16  tcbprocessor.o(.text)
    OsTcb_GetTaskIDProcessor                 0x0000130b   Thumb Code     6  tcbprocessor.o(.text)
    OsTcb_ActivateTaskTCBProcesor            0x0000132b   Thumb Code   124  tcbprocessor.o(.text)
    OsTcb_GetResOccupied                     0x000013e9   Thumb Code    16  tcbprocessor.o(.text)
    OsTcb_ChainTaskTCBProcessor              0x000013f9   Thumb Code   178  tcbprocessor.o(.text)
    OsTcb_SetScheduleReq                     0x000014ab   Thumb Code    18  tcbprocessor.o(.text)
    OsTcb_TerminateTaskTCBProcessor          0x000014bd   Thumb Code    82  tcbprocessor.o(.text)
    OsTcb_JumpToNextTCB                      0x0000150f   Thumb Code   254  tcbprocessor.o(.text)
    OsTcb_SetEventProcessor                  0x00001655   Thumb Code   152  tcbprocessor.o(.text)
    OsTcb_ClearEventProcessor                0x000016ed   Thumb Code   128  tcbprocessor.o(.text)
    OsTcb_GetEventProcessor                  0x0000176d   Thumb Code    92  tcbprocessor.o(.text)
    OsTcb_WaitEventProcessor                 0x000017c9   Thumb Code   154  tcbprocessor.o(.text)
    OsTcb_GetTaskStateProcessor              0x00001863   Thumb Code    60  tcbprocessor.o(.text)
    OsTcb_TaskAlrmExpiredProcessor           0x0000189f   Thumb Code    32  tcbprocessor.o(.text)
    OsTcb_EventAlrmExpiredProcessor          0x000018bf   Thumb Code    32  tcbprocessor.o(.text)
    OsTcb_SetTaskPri                         0x000018df   Thumb Code    18  tcbprocessor.o(.text)
    OsTcb_GetTaskPriorityEx                  0x000018f1   Thumb Code    12  tcbprocessor.o(.text)
    OsTcb_SetResOccupied                     0x000018fd   Thumb Code    14  tcbprocessor.o(.text)
    OsTcb_GetCurrentTCBRef                   0x0000190b   Thumb Code     8  tcbprocessor.o(.text)
    OsTcb_GetTcbSP                           0x00001913   Thumb Code    14  tcbprocessor.o(.text)
    OsTcb_UpdateTCBSP                        0x00001921   Thumb Code    36  tcbprocessor.o(.text)
    OsTcb_UpdatePSP                          0x00001945   Thumb Code    56  tcbprocessor.o(.text)
    OsTcb_SilenceHook                        0x0000197d   Thumb Code     8  tcbprocessor.o(.text)
    OsTcb_ScheduleProcessor                  0x00001985   Thumb Code    92  tcbprocessor.o(.text)
    OsTcb_ThreadStackOverFlow                0x000019e1   Thumb Code    44  tcbprocessor.o(.text)
    OsPort_SetInitialStack                   0x00001b89   Thumb Code    90  portable.o(.text)
    OsPort_GetSVCNumber                      0x00001be3   Thumb Code    14  portable.o(.text)
    OsPort_GetPSP                            0x00001bf1   Thumb Code     8  portable.o(.text)
    OsPort_SetPSP                            0x00001bf9   Thumb Code     6  portable.o(.text)
    OsPort_SetThreadMode                     0x00001bff   Thumb Code    14  portable.o(.text)
    OsPort_CoreInit                          0x00001c0d   Thumb Code    14  portable.o(.text)
    __aeabi_memcpy                           0x00001c21   Thumb Code    36  memcpya.o(.text)
    __aeabi_memcpy4                          0x00001c21   Thumb Code     0  memcpya.o(.text)
    __aeabi_memcpy8                          0x00001c21   Thumb Code     0  memcpya.o(.text)
    __scatterload                            0x00001c45   Thumb Code    38  init.o(.text)
    __scatterload_rt2                        0x00001c45   Thumb Code     0  init.o(.text)
    __scatterload_copy                       0x00001c75   Thumb Code    14  handlers.o(i.__scatterload_copy)
    __scatterload_null                       0x00001c83   Thumb Code     2  handlers.o(i.__scatterload_null)
    __scatterload_zeroinit                   0x00001c85   Thumb Code    14  handlers.o(i.__scatterload_zeroinit)
    OsCfg_ALL_STACK_SIZE                     0x00001c92   Data           2  oscfg.o(.rodata.OsCfg_ALL_STACK_SIZE)
    OsCfg_MAX_NUM_OF_ALARMS                  0x00001c94   Data           1  oscfg.o(.rodata.OsCfg_MAX_NUM_OF_ALARMS)
    OsCfg_MAX_NUM_OF_RESOURCES               0x00001c95   Data           1  oscfg.o(.rodata.OsCfg_MAX_NUM_OF_RESOURCES)
    OsCfg_MAX_NUM_OF_TASKS                   0x00001c96   Data           1  oscfg.o(.rodata.OsCfg_MAX_NUM_OF_TASKS)
    OsCfg_ResourceCeilPri                    0x00001c97   Data           1  oscfg.o(.rodata.OsCfg_ResourceCeilPri)
    OsCfg_ResourceTaskAuthorized             0x00001c98   Data           1  oscfg.o(.rodata.OsCfg_ResourceTaskAuthorized)
    OsCfg_SYSTEM_TICK_IN_MS                  0x00001c9c   Data           4  oscfg.o(.rodata.OsCfg_SYSTEM_TICK_IN_MS)
    OsCfg_StackSize                          0x00001ca0   Data          16  oscfg.o(.rodata.OsCfg_StackSize)
    OsCfg_USE_ERROR_HOOK                     0x00001cb0   Data           1  oscfg.o(.rodata.OsCfg_USE_ERROR_HOOK)
    OsCfg_USE_POSTTASK_HOOK                  0x00001cb1   Data           1  oscfg.o(.rodata.OsCfg_USE_POSTTASK_HOOK)
    OsCfg_USE_PRETASK_HOOK                   0x00001cb2   Data           1  oscfg.o(.rodata.OsCfg_USE_PRETASK_HOOK)
    OsCfg_USE_STACK_OVER_FLOW_HOOK           0x00001cb3   Data           1  oscfg.o(.rodata.OsCfg_USE_STACK_OVER_FLOW_HOOK)
    OsCfg_USE_STARTUP_HOOK                   0x00001cb4   Data           1  oscfg.o(.rodata.OsCfg_USE_STARTUP_HOOK)
    Region$$Table$$Base                      0x00001cb8   Number         0  anon$$obj.o(Region$$Table)
    Region$$Table$$Limit                     0x00001cd8   Number         0  anon$$obj.o(Region$$Table)
    Current_TCB_Ref                          0x20000010   Data           4  tcbprocessor.o(.data)
    ErrorFlag                                0x20000016   Data           1  schedule.o(.data.ErrorFlag)
    MainCounter                              0x20000018   Data          12  oscfg.o(.data.MainCounter)
    OsCfg_Alarms                             0x20000024   Data          48  oscfg.o(.data.OsCfg_Alarms)
    OsCfg_TCBs                               0x20000054   Data         140  oscfg.o(.data.OsCfg_TCBs)
    wdgConfig                                0x200000e0   Data           4  wdgmanager.o(.data.wdgConfig)
    Com_SignalBuffer                         0x200000e8   Data           4  com.o(.bss.Com_SignalBuffer)
    Com_SignalLength                         0x200000ec   Data           1  com.o(.bss.Com_SignalLength)
    CompressorRatio                          0x200000ee   Data           2  rte.o(.bss.CompressorRatio)
    Data                                     0x200000f0   Data          16  rte.o(.bss.Data)
    EngineSpeedValue                         0x20000100   Data           2  rte.o(.bss.EngineSpeedValue)
    ExpectedTemp                             0x20000102   Data           1  rte.o(.bss.ExpectedTemp)
    FanRatio                                 0x20000104   Data           2  rte.o(.bss.FanRatio)
    OsCfg_Stack                              0x20000108   Data         864  oscfg.o(.bss.OsCfg_Stack)
    RCB                                      0x2000046c   Data           2  oscfg.o(.bss.RCB)
    SVCCnxt_ErrCodes                         0x2000046e   Data           4  oscfg.o(.bss.SVCCnxt_ErrCodes)
    SVCCnxt_ResMgrCnxt                       0x20000472   Data           1  oscfg.o(.bss.SVCCnxt_ResMgrCnxt)
    TemperatureValue                         0x20000478   Data           1  rte.o(.bss.TemperatureValue)
    diagnosticEvents                         0x20000480   Data         400  diagnosticmanager.o(.bss.diagnosticEvents)
    eventCount                               0x20000610   Data           4  diagnosticmanager.o(.bss.eventCount)
    __initial_sp                             0x20000818   Data           0  keiluvisoin_startup.o(STACK)



==============================================================================

Memory Map of the image

  Image Entry point : 0x00000281

  Load Region LR_1 (Base: 0x00000000, Size: 0x00001dbc, Max: 0xffffffff, ABSOLUTE)

    Execution Region ER_RO (Exec base: 0x00000000, Load base: 0x00000000, Size: 0x00001cd8, Max: 0xffffffff, ABSOLUTE)

    Exec Addr    Load Addr    Size         Type   Attr      Idx    E Section Name        Object

    0x00000000   0x00000000   0x0000026c   Data   RO            3    RESET               keiluvisoin_startup.o
    0x0000026c   0x0000026c   0x00000000   Code   RO          391  * .ARM.Collect$$$$00000000  mc_w.l(entry.o)
    0x0000026c   0x0000026c   0x00000004   Code   RO          398    .ARM.Collect$$$$00000001  mc_w.l(entry2.o)
    0x00000270   0x00000270   0x00000004   Code   RO          401    .ARM.Collect$$$$00000004  mc_w.l(entry5.o)
    0x00000274   0x00000274   0x00000000   Code   RO          403    .ARM.Collect$$$$00000008  mc_w.l(entry7b.o)
    0x00000274   0x00000274   0x00000000   Code   RO          405    .ARM.Collect$$$$0000000A  mc_w.l(entry8b.o)
    0x00000274   0x00000274   0x00000008   Code   RO          406    .ARM.Collect$$$$0000000B  mc_w.l(entry9a.o)
    0x0000027c   0x0000027c   0x00000000   Code   RO          408    .ARM.Collect$$$$0000000D  mc_w.l(entry10a.o)
    0x0000027c   0x0000027c   0x00000000   Code   RO          410    .ARM.Collect$$$$0000000F  mc_w.l(entry11a.o)
    0x0000027c   0x0000027c   0x00000004   Code   RO          399    .ARM.Collect$$$$00002712  mc_w.l(entry2.o)
    0x00000280   0x00000280   0x000000fc   Code   RO            4  * .text               keiluvisoin_startup.o
    0x0000037c   0x0000037c   0x0000007c   Code   RO           10    .text               counter.o
    0x000003f8   0x000003f8   0x00000012   Code   RO           19    .text               hook.o
    0x0000040a   0x0000040a   0x00000002   PAD
    0x0000040c   0x0000040c   0x00000094   Code   RO           54    .text               schedule.o
    0x000004a0   0x000004a0   0x00000018   Code   RO           64    .text               compressorcontrolswc.o
    0x000004b8   0x000004b8   0x0000008a   Code   RO           71    .text               coolingcontrolswc.o
    0x00000542   0x00000542   0x00000002   PAD
    0x00000544   0x00000544   0x00000018   Code   RO           79    .text               fancontrolswc.o
    0x0000055c   0x0000055c   0x00000050   Code   RO           86    .text               nvblockswc.o
    0x000005ac   0x000005ac   0x0000000e   Code   RO           94    .text               iohwabcompressor.o
    0x000005ba   0x000005ba   0x00000002   PAD
    0x000005bc   0x000005bc   0x0000000e   Code   RO          102    .text               iohwabfan.o
    0x000005ca   0x000005ca   0x00000002   PAD
    0x000005cc   0x000005cc   0x00000032   Code   RO          110    .text               hwabmem.o
    0x000005fe   0x000005fe   0x00000002   PAD
    0x00000600   0x00000600   0x00000022   Code   RO          118    .text               wdgif.o
    0x00000622   0x00000622   0x00000002   PAD
    0x00000624   0x00000624   0x00000002   Code   RO          137    .text               pwm.o
    0x00000626   0x00000626   0x00000002   PAD
    0x00000628   0x00000628   0x00000020   Code   RO          144    .text               fls.o
    0x00000648   0x00000648   0x0000002a   Code   RO          152    .text               wdg.o
    0x00000672   0x00000672   0x00000002   PAD
    0x00000674   0x00000674   0x0000014c   Code   RO          168    .text               rte.o
    0x000007c0   0x000007c0   0x000000a4   Code   RO          183    .text               diagnosticmanager.o
    0x00000864   0x00000864   0x00000020   Code   RO          193    .text               nvmmanager.o
    0x00000884   0x00000884   0x00000084   Code   RO          201    .text               wdgmanager.o
    0x00000908   0x00000908   0x00000062   Code   RO          211    .text               com.o
    0x0000096a   0x0000096a   0x00000002   PAD
    0x0000096c   0x0000096c   0x000003e0   Code   RO          228    .text               OsekLib.lib(alarm.o)
    0x00000d4c   0x00000d4c   0x00000066   Code   RO          273    .text               OsekLib.lib(event.o)
    0x00000db2   0x00000db2   0x00000002   PAD
    0x00000db4   0x00000db4   0x0000016c   Code   RO          291    .text               OsekLib.lib(task.o)
    0x00000f20   0x00000f20   0x0000005a   Code   RO          318    .text               OsekLib.lib(port.o)
    0x00000f7a   0x00000f7a   0x00000002   PAD
    0x00000f7c   0x00000f7c   0x0000005c   Code   RO          321    .text               OsekLib.lib(errmgr.o)
    0x00000fd8   0x00000fd8   0x0000011c   Code   RO          335    .text               OsekLib.lib(rcbprocessor.o)
    0x000010f4   0x000010f4   0x00000058   Code   RO          347    .text               OsekLib.lib(svccontext.o)
    0x0000114c   0x0000114c   0x00000a3c   Code   RO          361    .text               OsekLib.lib(tcbprocessor.o)
    0x00001b88   0x00001b88   0x00000098   Code   RO          376    .text               OsekLib.lib(portable.o)
    0x00001c20   0x00001c20   0x00000024   Code   RO          394    .text               mc_w.l(memcpya.o)
    0x00001c44   0x00001c44   0x00000030   Code   RO          412    .text               mc_w.l(init.o)
    0x00001c74   0x00001c74   0x0000000e   Code   RO          416    i.__scatterload_copy  mc_w.l(handlers.o)
    0x00001c82   0x00001c82   0x00000002   Code   RO          417    i.__scatterload_null  mc_w.l(handlers.o)
    0x00001c84   0x00001c84   0x0000000e   Code   RO          418    i.__scatterload_zeroinit  mc_w.l(handlers.o)
    0x00001c92   0x00001c92   0x00000002   Data   RO           30    .rodata.OsCfg_ALL_STACK_SIZE  oscfg.o
    0x00001c94   0x00001c94   0x00000001   Data   RO           28    .rodata.OsCfg_MAX_NUM_OF_ALARMS  oscfg.o
    0x00001c95   0x00001c95   0x00000001   Data   RO           29    .rodata.OsCfg_MAX_NUM_OF_RESOURCES  oscfg.o
    0x00001c96   0x00001c96   0x00000001   Data   RO           27    .rodata.OsCfg_MAX_NUM_OF_TASKS  oscfg.o
    0x00001c97   0x00001c97   0x00000001   Data   RO           47    .rodata.OsCfg_ResourceCeilPri  oscfg.o
    0x00001c98   0x00001c98   0x00000001   Data   RO           46    .rodata.OsCfg_ResourceTaskAuthorized  oscfg.o
    0x00001c99   0x00001c99   0x00000003   PAD
    0x00001c9c   0x00001c9c   0x00000004   Data   RO           38    .rodata.OsCfg_SYSTEM_TICK_IN_MS  oscfg.o
    0x00001ca0   0x00001ca0   0x00000010   Data   RO           41    .rodata.OsCfg_StackSize  oscfg.o
    0x00001cb0   0x00001cb0   0x00000001   Data   RO           31    .rodata.OsCfg_USE_ERROR_HOOK  oscfg.o
    0x00001cb1   0x00001cb1   0x00000001   Data   RO           33    .rodata.OsCfg_USE_POSTTASK_HOOK  oscfg.o
    0x00001cb2   0x00001cb2   0x00000001   Data   RO           32    .rodata.OsCfg_USE_PRETASK_HOOK  oscfg.o
    0x00001cb3   0x00001cb3   0x00000001   Data   RO           35    .rodata.OsCfg_USE_STACK_OVER_FLOW_HOOK  oscfg.o
    0x00001cb4   0x00001cb4   0x00000001   Data   RO           34    .rodata.OsCfg_USE_STARTUP_HOOK  oscfg.o
    0x00001cb5   0x00001cb5   0x00000003   PAD
    0x00001cb8   0x00001cb8   0x00000020   Data   RO          415    Region$$Table       anon$$obj.o


    Execution Region ER_RW (Exec base: 0x20000000, Load base: 0x00001cd8, Size: 0x000000e4, Max: 0xffffffff, ABSOLUTE)

    Exec Addr    Load Addr    Size         Type   Attr      Idx    E Section Name        Object

    0x20000000   0x00001cd8   0x0000000c   Data   RW          322    .data               OsekLib.lib(errmgr.o)
    0x2000000c   0x00001ce4   0x00000003   Data   RW          348    .data               OsekLib.lib(svccontext.o)
    0x2000000f   0x00001ce7   0x00000001   PAD
    0x20000010   0x00001ce8   0x00000006   Data   RW          362    .data               OsekLib.lib(tcbprocessor.o)
    0x20000016   0x00001cee   0x00000001   Data   RW           56    .data.ErrorFlag     schedule.o
    0x20000017   0x00001cef   0x00000001   PAD
    0x20000018   0x00001cf0   0x0000000c   Data   RW           43    .data.MainCounter   oscfg.o
    0x20000024   0x00001cfc   0x00000030   Data   RW           44    .data.OsCfg_Alarms  oscfg.o
    0x20000054   0x00001d2c   0x0000008c   Data   RW           40    .data.OsCfg_TCBs    oscfg.o
    0x200000e0   0x00001db8   0x00000004   Data   RW          203    .data.wdgConfig     wdgmanager.o


    Execution Region ER_ZI (Exec base: 0x200000e8, Load base: 0x00001dbc, Size: 0x00000730, Max: 0xffffffff, ABSOLUTE)

    Exec Addr    Load Addr    Size         Type   Attr      Idx    E Section Name        Object

    0x200000e8        -       0x00000004   Zero   RW          213    .bss.Com_SignalBuffer  com.o
    0x200000ec        -       0x00000001   Zero   RW          214    .bss.Com_SignalLength  com.o
    0x200000ed   0x00001dbc   0x00000001   PAD
    0x200000ee        -       0x00000002   Zero   RW          173    .bss.CompressorRatio  rte.o
    0x200000f0        -       0x00000010   Zero   RW          176    .bss.Data           rte.o
    0x20000100        -       0x00000002   Zero   RW          171    .bss.EngineSpeedValue  rte.o
    0x20000102        -       0x00000001   Zero   RW          174    .bss.ExpectedTemp   rte.o
    0x20000103   0x00001dbc   0x00000001   PAD
    0x20000104        -       0x00000002   Zero   RW          172    .bss.FanRatio       rte.o
    0x20000106   0x00001dbc   0x00000002   PAD
    0x20000108        -       0x00000360   Zero   RW           42    .bss.OsCfg_Stack    oscfg.o
    0x20000468        -       0x00000004   Zero   RW           12    .bss.OsCnt_SystemCounter  counter.o
    0x2000046c        -       0x00000002   Zero   RW           49    .bss.RCB            oscfg.o
    0x2000046e        -       0x00000004   Zero   RW           45    .bss.SVCCnxt_ErrCodes  oscfg.o
    0x20000472        -       0x00000001   Zero   RW           48    .bss.SVCCnxt_ResMgrCnxt  oscfg.o
    0x20000473   0x00001dbc   0x00000001   PAD
    0x20000474        -       0x00000004   Zero   RW           13    .bss.SysTickCount   counter.o
    0x20000478        -       0x00000001   Zero   RW          170    .bss.TemperatureValue  rte.o
    0x20000479   0x00001dbc   0x00000003   PAD
    0x2000047c        -       0x00000004   Zero   RW          204    .bss.currentConfig  wdgmanager.o
    0x20000480        -       0x00000190   Zero   RW          186    .bss.diagnosticEvents  diagnosticmanager.o
    0x20000610        -       0x00000004   Zero   RW          185    .bss.eventCount     diagnosticmanager.o
    0x20000614   0x00001dbc   0x00000004   PAD
    0x20000618        -       0x00000200   Zero   RW            1    STACK               keiluvisoin_startup.o


==============================================================================

Image component sizes


      Code (inc. data)   RO Data    RW Data    ZI Data      Debug   Object Name

        98          0          0          0          5       1347   com.o
        24          0          0          0          0        593   compressorcontrolswc.o
       138          0          0          0          0        920   coolingcontrolswc.o
       124          0          0          0          8        804   counter.o
       164          0          0          0        404       1437   diagnosticmanager.o
        24          0          0          0          0        564   fancontrolswc.o
        32          0          0          0          0        954   fls.o
        18          0          0          0          0        877   hook.o
        50          0          0          0          0       1013   hwabmem.o
        14          0          0          0          0        673   iohwabcompressor.o
        14          0          0          0          0        645   iohwabfan.o
       252         10        620          0        512       5448   keiluvisoin_startup.o
        80          4          0          0          0        896   nvblockswc.o
        32          0          0          0          0        904   nvmmanager.o
         0          0         32        200        871       3010   oscfg.o
         2          0          0          0          0        626   pwm.o
       332          0          0          0         24       4945   rte.o
       148          0          0          1          0       1462   schedule.o
        42          0          0          0          0       1083   wdg.o
        34          0          0          0          0       1220   wdgif.o
       132          0          0          4          4       2051   wdgmanager.o

    ----------------------------------------------------------------------
      1772         14        690        206       1840      31472   Object Totals
         0          0         32          0          0          0   (incl. Generated)
        18          0          6          1         12          0   (incl. Padding)

    ----------------------------------------------------------------------

      Code (inc. data)   RO Data    RW Data    ZI Data      Debug   Library Member Name

       992         20          0          0          0      14592   alarm.o
        92         22          0         12          0       2466   errmgr.o
       102          0          0          0          0       1477   event.o
        90          0          0          0          0        256   port.o
       152          6          0          0          0       1706   portable.o
       284         20          0          0          0        864   rcbprocessor.o
        88         18          0          3          0       2614   svccontext.o
       364         26          0          0          0       2647   task.o
      2620        112          0          6          0      10800   tcbprocessor.o
         0          0          0          0          0          0   entry.o
         0          0          0          0          0          0   entry10a.o
         0          0          0          0          0          0   entry11a.o
         8          4          0          0          0          0   entry2.o
         4          0          0          0          0          0   entry5.o
         0          0          0          0          0          0   entry7b.o
         0          0          0          0          0          0   entry8b.o
         8          4          0          0          0          0   entry9a.o
        30          0          0          0          0          0   handlers.o
        48         10          0          0          0         68   init.o
        36          0          0          0          0         68   memcpya.o

    ----------------------------------------------------------------------
      4922        242          0         22          0      37558   Library Totals
         4          0          0          1          0          0   (incl. Padding)

    ----------------------------------------------------------------------

      Code (inc. data)   RO Data    RW Data    ZI Data      Debug   Library Name

      4784        224          0         21          0      37422   OsekLib.lib
       134         18          0          0          0        136   mc_w.l

    ----------------------------------------------------------------------
      4922        242          0         22          0      37558   Library Totals

    ----------------------------------------------------------------------

==============================================================================


      Code (inc. data)   RO Data    RW Data    ZI Data      Debug   

      6694        256        690        228       1840      68198   Grand Totals
      6694        256        690        228       1840      68198   ELF Image Totals
      6694        256        690        228          0          0   ROM Totals

==============================================================================

    Total RO  Size (Code + RO Data)                 7384 (   7.21kB)
    Total RW  Size (RW Data + ZI Data)              2068 (   2.02kB)
    Total ROM Size (Code + RO Data + RW Data)       7612 (   7.43kB)

==============================================================================

