Component: Arm Compiler for Embedded 6.22 Tool: armlink [5ee90200]

==============================================================================

Section Cross References

    keiluvisoin_startup.o(RESET) refers to keiluvisoin_startup.o(STACK) for __initial_sp
    keiluvisoin_startup.o(RESET) refers to keiluvisoin_startup.o(.text) for Reset_Handler
    keiluvisoin_startup.o(RESET) refers to task.o(.text) for SVC_Dispatcher
    keiluvisoin_startup.o(RESET) refers to port.o(.text) for OsPort_PendSVHandler
    keiluvisoin_startup.o(RESET) refers to alarm.o(.text) for SystemTimerHandler
    keiluvisoin_startup.o(.text) refers to schedule.o(.text) for SystemInit
    keiluvisoin_startup.o(.text) refers to entry.o(.ARM.Collect$$$$00000000) for __main
    counter.o(.text) refers to oscfg.o(.rodata.OsCfg_SYSTEM_TICK_IN_MS) for OsCfg_SYSTEM_TICK_IN_MS
    counter.o(.text) refers to counter.o(.bss.OsCnt_SystemCounter) for OsCnt_SystemCounter
    counter.o(.ARM.exidx) refers to counter.o(.text) for [Anonymous Symbol]
    hook.o(.ARM.exidx) refers to hook.o(.text) for [Anonymous Symbol]
    oscfg.o(.data.OsCfg_TCBs) refers to schedule.o(.text) for OsTask_WriteError_Task
    oscfg.o(.data.OsCfg_TCBs) refers to task.o(.text) for OsTask_IdleMechanism
    oscfg.o(.data.OsCfg_Alarms) refers to oscfg.o(.data.MainCounter) for MainCounter
    schedule.o(.text) refers to task.o(.text) for StartOS
    schedule.o(.text) refers to event.o(.text) for WaitEvent
    schedule.o(.text) refers to rte.o(.text) for Rte_EV_Component
    schedule.o(.text) refers to schedule.o(.data.ErrorFlag) for ErrorFlag
    schedule.o(.ARM.exidx) refers to schedule.o(.text) for [Anonymous Symbol]
    compressorcontrolswc.o(.text) refers to rte.o(.text) for Rte_Read_RP_CompressorData_CompressorValue
    compressorcontrolswc.o(.ARM.exidx) refers to compressorcontrolswc.o(.text) for [Anonymous Symbol]
    coolingcontrolswc.o(.text) refers to rte.o(.text) for Rte_Read_RP_ComData_TempSpeedValue
    coolingcontrolswc.o(.ARM.exidx) refers to coolingcontrolswc.o(.text) for [Anonymous Symbol]
    fancontrolswc.o(.text) refers to rte.o(.text) for Rte_Read_RP_FanData_FanValue
    fancontrolswc.o(.ARM.exidx) refers to fancontrolswc.o(.text) for [Anonymous Symbol]
    nvblockswc.o(.text) refers to rte.o(.text) for Rte_Call_RP_SaveNVData_NVM
    nvblockswc.o(.ARM.exidx) refers to nvblockswc.o(.text) for [Anonymous Symbol]
    iohwabcompressor.o(.text) refers to rte.o(.text) for Rte_RP_AdjustCompressor_ControlCompressor
    iohwabcompressor.o(.text) refers to pwm.o(.text) for Pwm_SetDutyCycle
    iohwabcompressor.o(.ARM.exidx) refers to iohwabcompressor.o(.text) for [Anonymous Symbol]
    iohwabfan.o(.text) refers to rte.o(.text) for Rte_RP_AdjustFan_ControlFan
    iohwabfan.o(.text) refers to pwm.o(.text) for Pwm_SetDutyCycle
    iohwabfan.o(.ARM.exidx) refers to iohwabfan.o(.text) for [Anonymous Symbol]
    pwm.o(.ARM.exidx) refers to pwm.o(.text) for [Anonymous Symbol]
    rte.o(.text) refers to communicationmanager.o(.text) for ReceiveData_Runable
    rte.o(.text) refers to coolingcontrolswc.o(.text) for CoolingControl_Runable
    rte.o(.text) refers to fancontrolswc.o(.text) for FanControl_Runable
    rte.o(.text) refers to compressorcontrolswc.o(.text) for CompressorControl_Runable
    rte.o(.text) refers to iohwabfan.o(.text) for AdjustFan_Runable
    rte.o(.text) refers to iohwabcompressor.o(.text) for AdjustCompressor_Runable
    rte.o(.text) refers to nvblockswc.o(.text) for GetNVM_Runnable
    rte.o(.text) refers to rte.o(.bss.TemperatureValue) for TemperatureValue
    rte.o(.text) refers to rte.o(.bss.EngineSpeedValue) for EngineSpeedValue
    rte.o(.text) refers to rte.o(.bss.FanRatio) for FanRatio
    rte.o(.text) refers to rte.o(.bss.CompressorRatio) for CompressorRatio
    rte.o(.text) refers to rte.o(.bss.ExpectedTemp) for ExpectedTemp
    rte.o(.text) refers to nvmmanager.o(.text) for MemoryManager_WriteErrorCode
    rte.o(.text) refers to diagnosticmanager.o(.text) for SetEventStatus
    rte.o(.ARM.exidx) refers to rte.o(.text) for [Anonymous Symbol]
    communicationmanager.o(.text) refers to rte.o(.text) for Rte_Write_PP_ComData_TempSpeedValue
    communicationmanager.o(.ARM.exidx) refers to communicationmanager.o(.text) for [Anonymous Symbol]
    diagnosticmanager.o(.text) refers to diagnosticmanager.o(.bss.diagnosticEvents) for diagnosticEvents
    diagnosticmanager.o(.ARM.exidx) refers to diagnosticmanager.o(.text) for [Anonymous Symbol]
    nvmmanager.o(.ARM.exidx) refers to nvmmanager.o(.text) for [Anonymous Symbol]
    alarm.o(.text) refers to counter.o(.text) for OsCnt_GetSystemCounter
    alarm.o(.text) refers to tcbprocessor.o(.text) for OsTcb_GetTaskStateProcessor
    alarm.o(.text) refers to errmgr.o(.text) for OsErrMgr_SetServiceID
    alarm.o(.text) refers to hook.o(.text) for ErrorHook
    alarm.o(.text) refers to port.o(.text) for OsPort_PushUpperContext
    alarm.o(.text) refers to oscfg.o(.data.OsCfg_Alarms) for OsCfg_Alarms
    alarm.o(.text) refers to oscfg.o(.rodata.OsCfg_USE_ERROR_HOOK) for OsCfg_USE_ERROR_HOOK
    alarm.o(.text) refers to oscfg.o(.rodata.OsCfg_USE_POSTTASK_HOOK) for OsCfg_USE_POSTTASK_HOOK
    alarm.o(.text) refers to oscfg.o(.rodata.OsCfg_MAX_NUM_OF_ALARMS) for OsCfg_MAX_NUM_OF_ALARMS
    event.o(.text) refers to tcbprocessor.o(.text) for OsTcb_GetTaskIDProcessor
    event.o(.text) refers to svccontext.o(.text) for SVCCnxt_EventMgrSetTskID
    task.o(.text) refers to portable.o(.text) for OsPort_CoreInit
    task.o(.text) refers to tcbprocessor.o(.text) for OsTcb_TasksInit
    task.o(.text) refers to hook.o(.text) for StartupHook
    task.o(.text) refers to counter.o(.text) for SysTick_Init
    task.o(.text) refers to port.o(.text) for OsPort_JumpToApp
    task.o(.text) refers to svccontext.o(.text) for SVCCnxt_TskMgrSetTskID
    task.o(.text) refers to rcbprocessor.o(.text) for OsRes_GetResourceProcessor
    task.o(.text) refers to oscfg.o(.rodata.OsCfg_USE_STARTUP_HOOK) for OsCfg_USE_STARTUP_HOOK
    task.o(.text) refers to oscfg.o(.rodata.OsCfg_USE_STACK_OVER_FLOW_HOOK) for OsCfg_USE_STACK_OVER_FLOW_HOOK
    task.o(.text) refers to oscfg.o(.rodata.OsCfg_USE_POSTTASK_HOOK) for OsCfg_USE_POSTTASK_HOOK
    port.o(.text) refers to portable.o(.text) for OsPort_SetThreadMode
    port.o(.text) refers to tcbprocessor.o(.text) for OsTcb_GetCurrentTCBRef
    errmgr.o(.text) refers to errmgr.o(.data) for OsErrMgr_DetectedService
    rcbprocessor.o(.text) refers to tcbprocessor.o(.text) for OsTcb_GetTaskIDProcessor
    rcbprocessor.o(.text) refers to svccontext.o(.text) for SVCCnxt_ResMgrGetResID
    rcbprocessor.o(.text) refers to errmgr.o(.text) for OsErrMgr_SetServiceID
    rcbprocessor.o(.text) refers to hook.o(.text) for ErrorHook
    rcbprocessor.o(.text) refers to oscfg.o(.rodata.OsCfg_MAX_NUM_OF_RESOURCES) for OsCfg_MAX_NUM_OF_RESOURCES
    rcbprocessor.o(.text) refers to oscfg.o(.rodata.OsCfg_ResourceTaskAuthorized) for OsCfg_ResourceTaskAuthorized
    rcbprocessor.o(.text) refers to oscfg.o(.bss.RCB) for RCB
    rcbprocessor.o(.text) refers to oscfg.o(.rodata.OsCfg_ResourceCeilPri) for OsCfg_ResourceCeilPri
    rcbprocessor.o(.text) refers to oscfg.o(.rodata.OsCfg_USE_ERROR_HOOK) for OsCfg_USE_ERROR_HOOK
    svccontext.o(.text) refers to oscfg.o(.bss.SVCCnxt_ErrCodes) for SVCCnxt_ErrCodes
    svccontext.o(.text) refers to svccontext.o(.data) for SVCCnxt_TskMgrCnxt
    svccontext.o(.text) refers to oscfg.o(.bss.SVCCnxt_ResMgrCnxt) for SVCCnxt_ResMgrCnxt
    tcbprocessor.o(.text) refers to svccontext.o(.text) for SVCCnxt_TskMgrGetTskID
    tcbprocessor.o(.text) refers to errmgr.o(.text) for OsErrMgr_SetServiceID
    tcbprocessor.o(.text) refers to hook.o(.text) for ErrorHook
    tcbprocessor.o(.text) refers to portable.o(.text) for OsPort_SetInitialStack
    tcbprocessor.o(.text) refers to oscfg.o(.data.OsCfg_TCBs) for OsCfg_TCBs
    tcbprocessor.o(.text) refers to oscfg.o(.rodata.OsCfg_USE_STACK_OVER_FLOW_HOOK) for OsCfg_USE_STACK_OVER_FLOW_HOOK
    tcbprocessor.o(.text) refers to oscfg.o(.rodata.OsCfg_StackSize) for OsCfg_StackSize
    tcbprocessor.o(.text) refers to oscfg.o(.bss.OsCfg_Stack) for OsCfg_Stack
    tcbprocessor.o(.text) refers to oscfg.o(.rodata.OsCfg_MAX_NUM_OF_TASKS) for OsCfg_MAX_NUM_OF_TASKS
    tcbprocessor.o(.text) refers to tcbprocessor.o(.data) for TcbProcessor_RunningTaskID
    tcbprocessor.o(.text) refers to oscfg.o(.rodata.OsCfg_USE_ERROR_HOOK) for OsCfg_USE_ERROR_HOOK
    tcbprocessor.o(.text) refers to oscfg.o(.rodata.OsCfg_USE_POSTTASK_HOOK) for OsCfg_USE_POSTTASK_HOOK
    tcbprocessor.o(.text) refers to oscfg.o(.rodata.OsCfg_USE_PRETASK_HOOK) for OsCfg_USE_PRETASK_HOOK
    tcbprocessor.o(.text) refers to oscfg.o(.rodata.OsCfg_ALL_STACK_SIZE) for OsCfg_ALL_STACK_SIZE
    tcbprocessor.o(.text) refers to task.o(.text) for OsTask_IdleMechanism
    tcbprocessor.o(.data) refers to oscfg.o(.data.OsCfg_TCBs) for OsCfg_TCBs
    entry.o(.ARM.Collect$$$$00000000) refers (Special) to entry10a.o(.ARM.Collect$$$$0000000D) for __rt_final_cpp
    entry.o(.ARM.Collect$$$$00000000) refers (Special) to entry11a.o(.ARM.Collect$$$$0000000F) for __rt_final_exit
    entry.o(.ARM.Collect$$$$00000000) refers (Special) to entry7b.o(.ARM.Collect$$$$00000008) for _main_clock
    entry.o(.ARM.Collect$$$$00000000) refers (Special) to entry8b.o(.ARM.Collect$$$$0000000A) for _main_cpp_init
    entry.o(.ARM.Collect$$$$00000000) refers (Special) to entry9a.o(.ARM.Collect$$$$0000000B) for _main_init
    entry.o(.ARM.Collect$$$$00000000) refers (Special) to entry5.o(.ARM.Collect$$$$00000004) for _main_scatterload
    entry.o(.ARM.Collect$$$$00000000) refers (Special) to entry2.o(.ARM.Collect$$$$00000001) for _main_stk
    entry2.o(.ARM.Collect$$$$00000001) refers to entry2.o(.ARM.Collect$$$$00002712) for __lit__00000000
    entry2.o(.ARM.Collect$$$$00002712) refers to keiluvisoin_startup.o(STACK) for __initial_sp
    entry2.o(__vectab_stack_and_reset_area) refers to keiluvisoin_startup.o(STACK) for __initial_sp
    entry2.o(__vectab_stack_and_reset_area) refers to entry.o(.ARM.Collect$$$$00000000) for __main
    entry5.o(.ARM.Collect$$$$00000004) refers to init.o(.text) for __scatterload
    entry9a.o(.ARM.Collect$$$$0000000B) refers to schedule.o(.text) for main
    entry9b.o(.ARM.Collect$$$$0000000C) refers to schedule.o(.text) for main
    init.o(.text) refers to entry5.o(.ARM.Collect$$$$00000004) for __main_after_scatterload


==============================================================================

Removing Unused input sections from the image.

    Removing keiluvisoin_startup.o(HEAP), (0 bytes).
    Removing counter.o(.ARM.exidx), (24 bytes).
    Removing hook.o(.ARM.exidx), (40 bytes).
    Removing oscfg.o(.text), (0 bytes).
    Removing oscfg.o(.rodata.OsCfg_USE_PARAMETER_ACCESS), (1 bytes).
    Removing oscfg.o(.rodata.OsCfg_USE_GET_SERVICE_ID), (1 bytes).
    Removing oscfg.o(.rodata.OSTICKDURATION), (4 bytes).
    Removing schedule.o(.ARM.exidx), (64 bytes).
    Removing schedule.o(.bss.GetError_Runable), (4 bytes).
    Removing schedule.o(.ARM.use_no_argv), (4 bytes).
    Removing compressorcontrolswc.o(.ARM.exidx), (8 bytes).
    Removing coolingcontrolswc.o(.ARM.exidx), (8 bytes).
    Removing fancontrolswc.o(.ARM.exidx), (8 bytes).
    Removing nvblockswc.o(.ARM.exidx), (16 bytes).
    Removing iohwabcompressor.o(.ARM.exidx), (8 bytes).
    Removing iohwabfan.o(.ARM.exidx), (8 bytes).
    Removing pwm.o(.ARM.exidx), (8 bytes).
    Removing rte.o(.ARM.exidx), (208 bytes).
    Removing rte.o(.bss.ErrorCode), (2 bytes).
    Removing communicationmanager.o(.ARM.exidx), (8 bytes).
    Removing diagnosticmanager.o(.ARM.exidx), (24 bytes).
    Removing nvmmanager.o(.ARM.exidx), (16 bytes).

22 unused section(s) (total 464 bytes) removed from the image.

==============================================================================

Image Symbol Table

    Local Symbols

    Symbol Name                              Value     Ov Type        Size  Object(Section)

    ../OSEK/startup/keilUvisoin_startup.s    0x00000000   Number         0  keiluvisoin_startup.o ABSOLUTE
    ../clib/microlib/init/entry.s            0x00000000   Number         0  entry.o ABSOLUTE
    ../clib/microlib/init/entry.s            0x00000000   Number         0  entry2.o ABSOLUTE
    ../clib/microlib/init/entry.s            0x00000000   Number         0  entry5.o ABSOLUTE
    ../clib/microlib/init/entry.s            0x00000000   Number         0  entry7a.o ABSOLUTE
    ../clib/microlib/init/entry.s            0x00000000   Number         0  entry7b.o ABSOLUTE
    ../clib/microlib/init/entry.s            0x00000000   Number         0  entry8a.o ABSOLUTE
    ../clib/microlib/init/entry.s            0x00000000   Number         0  entry8b.o ABSOLUTE
    ../clib/microlib/init/entry.s            0x00000000   Number         0  entry9a.o ABSOLUTE
    ../clib/microlib/init/entry.s            0x00000000   Number         0  entry9b.o ABSOLUTE
    ../clib/microlib/init/entry.s            0x00000000   Number         0  entry10a.o ABSOLUTE
    ../clib/microlib/init/entry.s            0x00000000   Number         0  entry10b.o ABSOLUTE
    ../clib/microlib/init/entry.s            0x00000000   Number         0  entry11a.o ABSOLUTE
    ../clib/microlib/init/entry.s            0x00000000   Number         0  entry11b.o ABSOLUTE
    CommunicationManager.c                   0x00000000   Number         0  communicationmanager.o ABSOLUTE
    CompressorControlSWC.c                   0x00000000   Number         0  compressorcontrolswc.o ABSOLUTE
    CoolingControlSWC.c                      0x00000000   Number         0  coolingcontrolswc.o ABSOLUTE
    DiagnosticManager.c                      0x00000000   Number         0  diagnosticmanager.o ABSOLUTE
    FanControlSWC.c                          0x00000000   Number         0  fancontrolswc.o ABSOLUTE
    IOHwAbCompressor.c                       0x00000000   Number         0  iohwabcompressor.o ABSOLUTE
    IOHwAbFan.c                              0x00000000   Number         0  iohwabfan.o ABSOLUTE
    NVBlockSWC.c                             0x00000000   Number         0  nvblockswc.o ABSOLUTE
    NVMManager.c                             0x00000000   Number         0  nvmmanager.o ABSOLUTE
    OsCfg.c                                  0x00000000   Number         0  oscfg.o ABSOLUTE
    Pwm.c                                    0x00000000   Number         0  pwm.o ABSOLUTE
    RTE.c                                    0x00000000   Number         0  rte.o ABSOLUTE
    counter.c                                0x00000000   Number         0  counter.o ABSOLUTE
    dc.s                                     0x00000000   Number         0  dc.o ABSOLUTE
    handlers.s                               0x00000000   Number         0  handlers.o ABSOLUTE
    hook.c                                   0x00000000   Number         0  hook.o ABSOLUTE
    init.s                                   0x00000000   Number         0  init.o ABSOLUTE
    schedule.c                               0x00000000   Number         0  schedule.o ABSOLUTE
    src\ErrMgr.c                             0x00000000   Number         0  errmgr.o ABSOLUTE
    src\RcbProcessor.c                       0x00000000   Number         0  rcbprocessor.o ABSOLUTE
    src\SVCContext.c                         0x00000000   Number         0  svccontext.o ABSOLUTE
    src\TcbProcessor.c                       0x00000000   Number         0  tcbprocessor.o ABSOLUTE
    src\alarm.c                              0x00000000   Number         0  alarm.o ABSOLUTE
    src\event.c                              0x00000000   Number         0  event.o ABSOLUTE
    src\portable\Keil\port.s                 0x00000000   Number         0  port.o ABSOLUTE
    src\portable\Keil\portable.c             0x00000000   Number         0  portable.o ABSOLUTE
    src\task.c                               0x00000000   Number         0  task.o ABSOLUTE
    RESET                                    0x00000000   Section      620  keiluvisoin_startup.o(RESET)
    .ARM.Collect$$$$00000000                 0x0000026c   Section        0  entry.o(.ARM.Collect$$$$00000000)
    .ARM.Collect$$$$00000001                 0x0000026c   Section        4  entry2.o(.ARM.Collect$$$$00000001)
    .ARM.Collect$$$$00000004                 0x00000270   Section        4  entry5.o(.ARM.Collect$$$$00000004)
    .ARM.Collect$$$$00000008                 0x00000274   Section        0  entry7b.o(.ARM.Collect$$$$00000008)
    .ARM.Collect$$$$0000000A                 0x00000274   Section        0  entry8b.o(.ARM.Collect$$$$0000000A)
    .ARM.Collect$$$$0000000B                 0x00000274   Section        8  entry9a.o(.ARM.Collect$$$$0000000B)
    __lit__00000000                          0x0000027c   Data           4  entry2.o(.ARM.Collect$$$$00002712)
    .ARM.Collect$$$$0000000D                 0x0000027c   Section        0  entry10a.o(.ARM.Collect$$$$0000000D)
    .ARM.Collect$$$$0000000F                 0x0000027c   Section        0  entry11a.o(.ARM.Collect$$$$0000000F)
    .ARM.Collect$$$$00002712                 0x0000027c   Section        4  entry2.o(.ARM.Collect$$$$00002712)
    $v0                                      0x00000280   Number         0  keiluvisoin_startup.o(.text)
    .text                                    0x00000280   Section      252  keiluvisoin_startup.o(.text)
    [Anonymous Symbol]                       0x0000037c   Section        0  counter.o(.text)
    [Anonymous Symbol]                       0x000003e8   Section        0  hook.o(.text)
    [Anonymous Symbol]                       0x000003fc   Section        0  schedule.o(.text)
    [Anonymous Symbol]                       0x000004a4   Section        0  compressorcontrolswc.o(.text)
    [Anonymous Symbol]                       0x000004bc   Section        0  coolingcontrolswc.o(.text)
    [Anonymous Symbol]                       0x0000051c   Section        0  fancontrolswc.o(.text)
    [Anonymous Symbol]                       0x00000534   Section        0  nvblockswc.o(.text)
    [Anonymous Symbol]                       0x00000548   Section        0  iohwabcompressor.o(.text)
    [Anonymous Symbol]                       0x0000055c   Section        0  iohwabfan.o(.text)
    [Anonymous Symbol]                       0x00000570   Section        0  pwm.o(.text)
    [Anonymous Symbol]                       0x00000574   Section        0  rte.o(.text)
    [Anonymous Symbol]                       0x00000690   Section        0  communicationmanager.o(.text)
    [Anonymous Symbol]                       0x0000069c   Section        0  diagnosticmanager.o(.text)
    [Anonymous Symbol]                       0x00000710   Section        0  nvmmanager.o(.text)
    .text                                    0x0000072c   Section        0  alarm.o(.text)
    OsAlrm_AssignAlarmEntry                  0x000007c9   Thumb Code    38  alarm.o(.text)
    OsAlrm_ValidateStartValue                0x000007ef   Thumb Code    44  alarm.o(.text)
    OsAlrm_ValidateCycle                     0x0000081b   Thumb Code    46  alarm.o(.text)
    OsAlrm_AlarmActionExecute                0x0000091b   Thumb Code   200  alarm.o(.text)
    OsAlrm_AlarmFireProcessor                0x000009e3   Thumb Code    82  alarm.o(.text)
    SystemAlarmsProcessor                    0x00000a35   Thumb Code    74  alarm.o(.text)
    OsAlrm_ValidateID                        0x00000aab   Thumb Code    16  alarm.o(.text)
    OsAlrm_GetFirePoint                      0x00000abb   Thumb Code    14  alarm.o(.text)
    OsAlrm_AlarmIsEnabled                    0x00000ac9   Thumb Code    16  alarm.o(.text)
    OsAlrm_DisableAlarm                      0x00000ad9   Thumb Code    16  alarm.o(.text)
    OsAlrm_GetAlrmTaskID                     0x00000ae9   Thumb Code    16  alarm.o(.text)
    .text                                    0x00000b0c   Section        0  event.o(.text)
    .text                                    0x00000b74   Section        0  task.o(.text)
    .text                                    0x00000ce0   Section       90  port.o(.text)
    .text                                    0x00000d3c   Section        0  errmgr.o(.text)
    .text                                    0x00000d98   Section        0  rcbprocessor.o(.text)
    .text                                    0x00000eb4   Section        0  svccontext.o(.text)
    OsTcb_SetInitialStack                    0x00000f0d   Thumb Code   252  tcbprocessor.o(.text)
    .text                                    0x00000f0c   Section        0  tcbprocessor.o(.text)
    OsTcb_StackPointersInit                  0x00001009   Thumb Code   110  tcbprocessor.o(.text)
    OsTcb_SetTaskState                       0x000010a7   Thumb Code    20  tcbprocessor.o(.text)
    OsTcb_ResetTaskEvent                     0x000010d1   Thumb Code    26  tcbprocessor.o(.text)
    OsTcb_ResetTCB                           0x00001167   Thumb Code    66  tcbprocessor.o(.text)
    OsTcb_CheckEventTrigger                  0x000013cd   Thumb Code    42  tcbprocessor.o(.text)
    OsTcb_SetTaskEvent                       0x000013f7   Thumb Code    30  tcbprocessor.o(.text)
    OsTcb_StackCanarInit                     0x000017cd   Thumb Code   114  tcbprocessor.o(.text)
    OsTcb_IdleTaskInit                       0x0000183f   Thumb Code   144  tcbprocessor.o(.text)
    OsTcb_GetTaskPriority                    0x000018cf   Thumb Code    16  tcbprocessor.o(.text)
    OsTcb_TaskModelIsBasic                   0x000018df   Thumb Code    24  tcbprocessor.o(.text)
    OsTcb_TaskIDValid                        0x000018f7   Thumb Code    18  tcbprocessor.o(.text)
    OsTcb_SetCurrentTCBRef                   0x00001909   Thumb Code    16  tcbprocessor.o(.text)
    .text                                    0x00001948   Section        0  portable.o(.text)
    .text                                    0x000019e0   Section       48  init.o(.text)
    i.__scatterload_copy                     0x00001a10   Section       14  handlers.o(i.__scatterload_copy)
    i.__scatterload_null                     0x00001a1e   Section        2  handlers.o(i.__scatterload_null)
    i.__scatterload_zeroinit                 0x00001a20   Section       14  handlers.o(i.__scatterload_zeroinit)
    OsErrMgr_DetectedService                 0x20000000   Data           1  errmgr.o(.data)
    .data                                    0x20000000   Section       12  errmgr.o(.data)
    OsErrMgr_DetectedTaskID                  0x20000001   Data           1  errmgr.o(.data)
    OsErrMgr_DetectedEventID                 0x20000002   Data           1  errmgr.o(.data)
    OSErrMgr_DetectedResID                   0x20000003   Data           1  errmgr.o(.data)
    OsErrMgr_OverflowContext                 0x20000004   Data           8  errmgr.o(.data)
    SVCCnxt_TskMgrCnxt                       0x2000000c   Data           1  svccontext.o(.data)
    .data                                    0x2000000c   Section        3  svccontext.o(.data)
    SVCCnxt_EventMgrCnxt                     0x2000000d   Data           2  svccontext.o(.data)
    .data                                    0x20000010   Section        6  tcbprocessor.o(.data)
    TcbProcessor_RunningTaskID               0x20000014   Data           1  tcbprocessor.o(.data)
    TaskHookIsSilent                         0x20000015   Data           1  tcbprocessor.o(.data)
    OsCnt_SystemCounter                      0x20000610   Data           4  counter.o(.bss.OsCnt_SystemCounter)
    [Anonymous Symbol]                       0x20000610   Section        0  counter.o(.bss.OsCnt_SystemCounter)
    STACK                                    0x20000670   Section      512  keiluvisoin_startup.o(STACK)

    Global Symbols

    Symbol Name                              Value     Ov Type        Size  Object(Section)

    BuildAttributes$$THM_ISAv4$E$P$D$K$B$S$7EM$VFPi3$EXTD16$VFPS$VFMA$PE$A:L22UL41UL21$X:L11$S22US41US21$IEEE1$IW$~IW$USESV6$~STKCKD$USESV7$~SHL$OTIME$EBA8$MICROLIB$REQ8$PRES8$EABIv2 0x00000000   Number         0  anon$$obj.o ABSOLUTE
    __Vectors                                0x00000000   Data           4  keiluvisoin_startup.o(RESET)
    __cpp_initialize__aeabi_                  - Undefined Weak Reference
    __cxa_finalize                            - Undefined Weak Reference
    __decompress                              - Undefined Weak Reference
    _clock_init                               - Undefined Weak Reference
    _microlib_exit                            - Undefined Weak Reference
    __Vectors_End                            0x0000026c   Data           0  keiluvisoin_startup.o(RESET)
    __Vectors_Size                           0x0000026c   Number         0  keiluvisoin_startup.o ABSOLUTE
    __main                                   0x0000026d   Thumb Code     0  entry.o(.ARM.Collect$$$$00000000)
    _main_stk                                0x0000026d   Thumb Code     0  entry2.o(.ARM.Collect$$$$00000001)
    _main_scatterload                        0x00000271   Thumb Code     0  entry5.o(.ARM.Collect$$$$00000004)
    __main_after_scatterload                 0x00000275   Thumb Code     0  entry5.o(.ARM.Collect$$$$00000004)
    _main_clock                              0x00000275   Thumb Code     0  entry7b.o(.ARM.Collect$$$$00000008)
    _main_cpp_init                           0x00000275   Thumb Code     0  entry8b.o(.ARM.Collect$$$$0000000A)
    _main_init                               0x00000275   Thumb Code     0  entry9a.o(.ARM.Collect$$$$0000000B)
    __rt_final_cpp                           0x0000027d   Thumb Code     0  entry10a.o(.ARM.Collect$$$$0000000D)
    __rt_final_exit                          0x0000027d   Thumb Code     0  entry11a.o(.ARM.Collect$$$$0000000F)
    Reset_Handler                            0x00000281   Thumb Code     8  keiluvisoin_startup.o(.text)
    NMI_Handler                              0x00000289   Thumb Code     2  keiluvisoin_startup.o(.text)
    HardFault_Handler                        0x0000028b   Thumb Code     2  keiluvisoin_startup.o(.text)
    MemManage_Handler                        0x0000028d   Thumb Code     2  keiluvisoin_startup.o(.text)
    BusFault_Handler                         0x0000028f   Thumb Code     2  keiluvisoin_startup.o(.text)
    UsageFault_Handler                       0x00000291   Thumb Code     2  keiluvisoin_startup.o(.text)
    SVC_Handler                              0x00000293   Thumb Code     2  keiluvisoin_startup.o(.text)
    DebugMon_Handler                         0x00000295   Thumb Code     2  keiluvisoin_startup.o(.text)
    PendSV_Handler                           0x00000297   Thumb Code     2  keiluvisoin_startup.o(.text)
    SysTick_Handler                          0x00000299   Thumb Code     2  keiluvisoin_startup.o(.text)
    GPIOA_Handler                            0x0000029b   Thumb Code     2  keiluvisoin_startup.o(.text)
    GPIOB_Handler                            0x0000029d   Thumb Code     2  keiluvisoin_startup.o(.text)
    GPIOC_Handler                            0x0000029f   Thumb Code     2  keiluvisoin_startup.o(.text)
    GPIOD_Handler                            0x000002a1   Thumb Code     2  keiluvisoin_startup.o(.text)
    GPIOE_Handler                            0x000002a3   Thumb Code     2  keiluvisoin_startup.o(.text)
    UART0_Handler                            0x000002a5   Thumb Code     2  keiluvisoin_startup.o(.text)
    UART1_Handler                            0x000002a7   Thumb Code     2  keiluvisoin_startup.o(.text)
    SSI0_Handler                             0x000002a9   Thumb Code     2  keiluvisoin_startup.o(.text)
    I2C0_Handler                             0x000002ab   Thumb Code     2  keiluvisoin_startup.o(.text)
    PMW0_FAULT_Handler                       0x000002ad   Thumb Code     2  keiluvisoin_startup.o(.text)
    PWM0_0_Handler                           0x000002af   Thumb Code     2  keiluvisoin_startup.o(.text)
    PWM0_1_Handler                           0x000002b1   Thumb Code     2  keiluvisoin_startup.o(.text)
    PWM0_2_Handler                           0x000002b3   Thumb Code     2  keiluvisoin_startup.o(.text)
    QEI0_Handler                             0x000002b5   Thumb Code     2  keiluvisoin_startup.o(.text)
    ADC0SS0_Handler                          0x000002b7   Thumb Code     2  keiluvisoin_startup.o(.text)
    ADC0SS1_Handler                          0x000002b9   Thumb Code     2  keiluvisoin_startup.o(.text)
    ADC0SS2_Handler                          0x000002bb   Thumb Code     2  keiluvisoin_startup.o(.text)
    ADC0SS3_Handler                          0x000002bd   Thumb Code     2  keiluvisoin_startup.o(.text)
    WDT0_Handler                             0x000002bf   Thumb Code     2  keiluvisoin_startup.o(.text)
    TIMER0A_Handler                          0x000002c1   Thumb Code     2  keiluvisoin_startup.o(.text)
    TIMER0B_Handler                          0x000002c3   Thumb Code     2  keiluvisoin_startup.o(.text)
    TIMER1A_Handler                          0x000002c5   Thumb Code     2  keiluvisoin_startup.o(.text)
    TIMER1B_Handler                          0x000002c7   Thumb Code     2  keiluvisoin_startup.o(.text)
    TIMER2A_Handler                          0x000002c9   Thumb Code     2  keiluvisoin_startup.o(.text)
    TIMER2B_Handler                          0x000002cb   Thumb Code     2  keiluvisoin_startup.o(.text)
    COMP0_Handler                            0x000002cd   Thumb Code     2  keiluvisoin_startup.o(.text)
    COMP1_Handler                            0x000002cf   Thumb Code     2  keiluvisoin_startup.o(.text)
    COMP2_Handler                            0x000002d1   Thumb Code     2  keiluvisoin_startup.o(.text)
    SYSCTL_Handler                           0x000002d3   Thumb Code     2  keiluvisoin_startup.o(.text)
    FLASH_Handler                            0x000002d5   Thumb Code     2  keiluvisoin_startup.o(.text)
    GPIOF_Handler                            0x000002d7   Thumb Code     2  keiluvisoin_startup.o(.text)
    GPIOG_Handler                            0x000002d9   Thumb Code     2  keiluvisoin_startup.o(.text)
    GPIOH_Handler                            0x000002db   Thumb Code     2  keiluvisoin_startup.o(.text)
    UART2_Handler                            0x000002dd   Thumb Code     2  keiluvisoin_startup.o(.text)
    SSI1_Handler                             0x000002df   Thumb Code     2  keiluvisoin_startup.o(.text)
    TIMER3A_Handler                          0x000002e1   Thumb Code     2  keiluvisoin_startup.o(.text)
    TIMER3B_Handler                          0x000002e3   Thumb Code     2  keiluvisoin_startup.o(.text)
    I2C1_Handler                             0x000002e5   Thumb Code     2  keiluvisoin_startup.o(.text)
    QEI1_Handler                             0x000002e7   Thumb Code     2  keiluvisoin_startup.o(.text)
    CAN0_Handler                             0x000002e9   Thumb Code     2  keiluvisoin_startup.o(.text)
    CAN1_Handler                             0x000002eb   Thumb Code     2  keiluvisoin_startup.o(.text)
    CAN2_Handler                             0x000002ed   Thumb Code     2  keiluvisoin_startup.o(.text)
    HIB_Handler                              0x000002ef   Thumb Code     2  keiluvisoin_startup.o(.text)
    USB0_Handler                             0x000002f1   Thumb Code     2  keiluvisoin_startup.o(.text)
    PWM0_3_Handler                           0x000002f3   Thumb Code     2  keiluvisoin_startup.o(.text)
    UDMA_Handler                             0x000002f5   Thumb Code     2  keiluvisoin_startup.o(.text)
    UDMAERR_Handler                          0x000002f7   Thumb Code     2  keiluvisoin_startup.o(.text)
    ADC1SS0_Handler                          0x000002f9   Thumb Code     2  keiluvisoin_startup.o(.text)
    ADC1SS1_Handler                          0x000002fb   Thumb Code     2  keiluvisoin_startup.o(.text)
    ADC1SS2_Handler                          0x000002fd   Thumb Code     2  keiluvisoin_startup.o(.text)
    ADC1SS3_Handler                          0x000002ff   Thumb Code     2  keiluvisoin_startup.o(.text)
    GPIOJ_Handler                            0x00000301   Thumb Code     2  keiluvisoin_startup.o(.text)
    GPIOK_Handler                            0x00000303   Thumb Code     2  keiluvisoin_startup.o(.text)
    GPIOL_Handler                            0x00000305   Thumb Code     2  keiluvisoin_startup.o(.text)
    SSI2_Handler                             0x00000307   Thumb Code     2  keiluvisoin_startup.o(.text)
    SSI3_Handler                             0x00000309   Thumb Code     2  keiluvisoin_startup.o(.text)
    UART3_Handler                            0x0000030b   Thumb Code     2  keiluvisoin_startup.o(.text)
    UART4_Handler                            0x0000030d   Thumb Code     2  keiluvisoin_startup.o(.text)
    UART5_Handler                            0x0000030f   Thumb Code     2  keiluvisoin_startup.o(.text)
    UART6_Handler                            0x00000311   Thumb Code     2  keiluvisoin_startup.o(.text)
    UART7_Handler                            0x00000313   Thumb Code     2  keiluvisoin_startup.o(.text)
    I2C2_Handler                             0x00000315   Thumb Code     2  keiluvisoin_startup.o(.text)
    I2C3_Handler                             0x00000317   Thumb Code     2  keiluvisoin_startup.o(.text)
    TIMER4A_Handler                          0x00000319   Thumb Code     2  keiluvisoin_startup.o(.text)
    TIMER4B_Handler                          0x0000031b   Thumb Code     2  keiluvisoin_startup.o(.text)
    TIMER5A_Handler                          0x0000031d   Thumb Code     2  keiluvisoin_startup.o(.text)
    TIMER5B_Handler                          0x0000031f   Thumb Code     2  keiluvisoin_startup.o(.text)
    WTIMER0A_Handler                         0x00000321   Thumb Code     2  keiluvisoin_startup.o(.text)
    WTIMER0B_Handler                         0x00000323   Thumb Code     2  keiluvisoin_startup.o(.text)
    WTIMER1A_Handler                         0x00000325   Thumb Code     2  keiluvisoin_startup.o(.text)
    WTIMER1B_Handler                         0x00000327   Thumb Code     2  keiluvisoin_startup.o(.text)
    WTIMER2A_Handler                         0x00000329   Thumb Code     2  keiluvisoin_startup.o(.text)
    WTIMER2B_Handler                         0x0000032b   Thumb Code     2  keiluvisoin_startup.o(.text)
    WTIMER3A_Handler                         0x0000032d   Thumb Code     2  keiluvisoin_startup.o(.text)
    WTIMER3B_Handler                         0x0000032f   Thumb Code     2  keiluvisoin_startup.o(.text)
    WTIMER4A_Handler                         0x00000331   Thumb Code     2  keiluvisoin_startup.o(.text)
    WTIMER4B_Handler                         0x00000333   Thumb Code     2  keiluvisoin_startup.o(.text)
    WTIMER5A_Handler                         0x00000335   Thumb Code     2  keiluvisoin_startup.o(.text)
    WTIMER5B_Handler                         0x00000337   Thumb Code     2  keiluvisoin_startup.o(.text)
    FPU_Handler                              0x00000339   Thumb Code     2  keiluvisoin_startup.o(.text)
    I2C4_Handler                             0x0000033b   Thumb Code     2  keiluvisoin_startup.o(.text)
    I2C5_Handler                             0x0000033d   Thumb Code     2  keiluvisoin_startup.o(.text)
    GPIOM_Handler                            0x0000033f   Thumb Code     2  keiluvisoin_startup.o(.text)
    GPION_Handler                            0x00000341   Thumb Code     2  keiluvisoin_startup.o(.text)
    QEI2_Handler                             0x00000343   Thumb Code     2  keiluvisoin_startup.o(.text)
    GPIOP0_Handler                           0x00000345   Thumb Code     2  keiluvisoin_startup.o(.text)
    GPIOP1_Handler                           0x00000347   Thumb Code     2  keiluvisoin_startup.o(.text)
    GPIOP2_Handler                           0x00000349   Thumb Code     2  keiluvisoin_startup.o(.text)
    GPIOP3_Handler                           0x0000034b   Thumb Code     2  keiluvisoin_startup.o(.text)
    GPIOP4_Handler                           0x0000034d   Thumb Code     2  keiluvisoin_startup.o(.text)
    GPIOP5_Handler                           0x0000034f   Thumb Code     2  keiluvisoin_startup.o(.text)
    GPIOP6_Handler                           0x00000351   Thumb Code     2  keiluvisoin_startup.o(.text)
    GPIOP7_Handler                           0x00000353   Thumb Code     2  keiluvisoin_startup.o(.text)
    GPIOQ0_Handler                           0x00000355   Thumb Code     2  keiluvisoin_startup.o(.text)
    GPIOQ1_Handler                           0x00000357   Thumb Code     2  keiluvisoin_startup.o(.text)
    GPIOQ2_Handler                           0x00000359   Thumb Code     2  keiluvisoin_startup.o(.text)
    GPIOQ3_Handler                           0x0000035b   Thumb Code     2  keiluvisoin_startup.o(.text)
    GPIOQ4_Handler                           0x0000035d   Thumb Code     2  keiluvisoin_startup.o(.text)
    GPIOQ5_Handler                           0x0000035f   Thumb Code     2  keiluvisoin_startup.o(.text)
    GPIOQ6_Handler                           0x00000361   Thumb Code     2  keiluvisoin_startup.o(.text)
    GPIOQ7_Handler                           0x00000363   Thumb Code     2  keiluvisoin_startup.o(.text)
    GPIOR_Handler                            0x00000365   Thumb Code     2  keiluvisoin_startup.o(.text)
    GPIOS_Handler                            0x00000367   Thumb Code     2  keiluvisoin_startup.o(.text)
    PMW1_0_Handler                           0x00000369   Thumb Code     2  keiluvisoin_startup.o(.text)
    PWM1_1_Handler                           0x0000036b   Thumb Code     2  keiluvisoin_startup.o(.text)
    PWM1_2_Handler                           0x0000036d   Thumb Code     2  keiluvisoin_startup.o(.text)
    PWM1_3_Handler                           0x0000036f   Thumb Code     2  keiluvisoin_startup.o(.text)
    PWM1_FAULT_Handler                       0x00000371   Thumb Code     2  keiluvisoin_startup.o(.text)
    SysTick_Init                             0x0000037d   Thumb Code    78  counter.o(.text)
    OsCnt_IncrSystemCounter                  0x000003cd   Thumb Code    16  counter.o(.text)
    OsCnt_GetSystemCounter                   0x000003dd   Thumb Code    12  counter.o(.text)
    ErrorHook                                0x000003e9   Thumb Code     2  hook.o(.text)
    StartupHook                              0x000003ed   Thumb Code     2  hook.o(.text)
    PreTaskHook                              0x000003f1   Thumb Code     2  hook.o(.text)
    PostTaskHook                             0x000003f5   Thumb Code     2  hook.o(.text)
    StackOverFlowHook                        0x000003f9   Thumb Code     2  hook.o(.text)
    SystemInit                               0x000003fd   Thumb Code     2  schedule.o(.text)
    main                                     0x00000401   Thumb Code     6  schedule.o(.text)
    OsTask_Component_Task                    0x00000409   Thumb Code    26  schedule.o(.text)
    OsTask_Actuator_Task                     0x00000425   Thumb Code    18  schedule.o(.text)
    OsTask_WriteError_Task                   0x00000439   Thumb Code    18  schedule.o(.text)
    OsTask_GetError_Task                     0x0000044d   Thumb Code    22  schedule.o(.text)
    OsTask_Main_Task                         0x00000465   Thumb Code    26  schedule.o(.text)
    OsTask_ComReceive_Task                   0x00000481   Thumb Code    34  schedule.o(.text)
    CompressorControl_Runable                0x000004a5   Thumb Code    24  compressorcontrolswc.o(.text)
    CoolingControl_Runable                   0x000004bd   Thumb Code    94  coolingcontrolswc.o(.text)
    FanControl_Runable                       0x0000051d   Thumb Code    24  fancontrolswc.o(.text)
    SaveNVM_Runnable                         0x00000535   Thumb Code     4  nvblockswc.o(.text)
    GetNVM_Runnable                          0x00000539   Thumb Code    14  nvblockswc.o(.text)
    AdjustCompressor_Runable                 0x00000549   Thumb Code    20  iohwabcompressor.o(.text)
    AdjustFan_Runable                        0x0000055d   Thumb Code    20  iohwabfan.o(.text)
    Pwm_SetDutyCycle                         0x00000571   Thumb Code     2  pwm.o(.text)
    Rte_EV_ComReceive                        0x00000575   Thumb Code     4  rte.o(.text)
    Rte_EV_Main                              0x00000579   Thumb Code     4  rte.o(.text)
    Rte_EV_Component                         0x0000057d   Thumb Code    14  rte.o(.text)
    Rte_EV_Actuator                          0x0000058d   Thumb Code    14  rte.o(.text)
    Rte_EV_GetError                          0x0000059d   Thumb Code     4  rte.o(.text)
    Rte_EV_WriteError                        0x000005a1   Thumb Code     4  rte.o(.text)
    Rte_Write_PP_ComData_TempSpeedValue      0x000005a5   Thumb Code    24  rte.o(.text)
    Rte_Read_RP_ComData_TempSpeedValue       0x000005bd   Thumb Code    44  rte.o(.text)
    Rte_Write_PP_FanData_FanValue            0x000005e9   Thumb Code    16  rte.o(.text)
    Rte_Read_RP_FanData_FanValue             0x000005f9   Thumb Code    24  rte.o(.text)
    Rte_Write_PP_CompressorData_CompressorValue 0x00000611   Thumb Code    16  rte.o(.text)
    Rte_Read_RP_CompressorData_CompressorValue 0x00000621   Thumb Code    24  rte.o(.text)
    Rte_Read_RP_PARAM_ExpectedTemperature    0x00000639   Thumb Code    24  rte.o(.text)
    Rte_Write_PP_PARAM_ExpectedTemperature   0x00000651   Thumb Code    16  rte.o(.text)
    Rte_Call_PP_AdjustFan_ControlFan         0x00000661   Thumb Code     4  rte.o(.text)
    Rte_RP_AdjustFan_ControlFan              0x00000665   Thumb Code     4  rte.o(.text)
    Rte_Call_PP_AdjustCompressor_ControlCompressor 0x00000669   Thumb Code     4  rte.o(.text)
    Rte_RP_AdjustCompressor_ControlCompressor 0x0000066d   Thumb Code     4  rte.o(.text)
    Rte_Call_PP_NVData_WriteError            0x00000671   Thumb Code     4  rte.o(.text)
    Rte_Call_RP_SaveNVData_NVM               0x00000675   Thumb Code     4  rte.o(.text)
    Rte_Call_RP_NVData_GetError              0x00000679   Thumb Code     4  rte.o(.text)
    Rte_Call_RP_GetNVData_NVM                0x0000067d   Thumb Code     4  rte.o(.text)
    Rte_PP_SaveNVData_NVM                    0x00000681   Thumb Code     4  rte.o(.text)
    Rte_PP_GetNVData_NVM                     0x00000685   Thumb Code     4  rte.o(.text)
    Rte_Call_RP_ERROR_ReportDiagnosticResult 0x00000689   Thumb Code     4  rte.o(.text)
    Rte_PP_ERROR_ReportDiagnosticResult      0x0000068d   Thumb Code     4  rte.o(.text)
    ReceiveData_Runable                      0x00000691   Thumb Code    10  communicationmanager.o(.text)
    ReportDiagnosticEvent                    0x0000069d   Thumb Code    40  diagnosticmanager.o(.text)
    GetDiagnosticEventStatus                 0x000006c5   Thumb Code    40  diagnosticmanager.o(.text)
    SetEventStatus                           0x000006ed   Thumb Code    36  diagnosticmanager.o(.text)
    MemoryManager_WriteErrorCode             0x00000711   Thumb Code    12  nvmmanager.o(.text)
    MemoryManager_ReadErrorCode              0x0000071d   Thumb Code    14  nvmmanager.o(.text)
    DeclareAlarm                             0x0000072d   Thumb Code     2  alarm.o(.text)
    GetAlarmBase                             0x0000072f   Thumb Code    74  alarm.o(.text)
    GetAlarm                                 0x00000779   Thumb Code    80  alarm.o(.text)
    SetAbsAlarm                              0x00000849   Thumb Code    76  alarm.o(.text)
    SetRelAlarm                              0x00000895   Thumb Code    94  alarm.o(.text)
    CancelAlarm                              0x000008f3   Thumb Code    40  alarm.o(.text)
    SystemTimerHandler                       0x00000a7f   Thumb Code    44  alarm.o(.text)
    SetEvent                                 0x00000b0d   Thumb Code    34  event.o(.text)
    ClearEvent                               0x00000b2f   Thumb Code    26  event.o(.text)
    GetEvent                                 0x00000b49   Thumb Code    16  event.o(.text)
    WaitEvent                                0x00000b59   Thumb Code    26  event.o(.text)
    StartOS                                  0x00000b75   Thumb Code    48  task.o(.text)
    ActivateTask                             0x00000ba5   Thumb Code    30  task.o(.text)
    TerminateTask                            0x00000bc3   Thumb Code    22  task.o(.text)
    ChainTask                                0x00000bd9   Thumb Code    30  task.o(.text)
    Schedule                                 0x00000bf7   Thumb Code    22  task.o(.text)
    GetTaskID                                0x00000c0d   Thumb Code    16  task.o(.text)
    GetTaskState                             0x00000c1d   Thumb Code    16  task.o(.text)
    SVC_Dispatcher                           0x00000c2d   Thumb Code   160  task.o(.text)
    OsTask_IdleMechanism                     0x00000ccd   Thumb Code     4  task.o(.text)
    OsPort_JumpToApp                         0x00000ce1   Thumb Code     0  port.o(.text)
    OsPort_PendSVHandler                     0x00000d03   Thumb Code     0  port.o(.text)
    OsPort_PushUpperContext                  0x00000d15   Thumb Code     0  port.o(.text)
    OsPort_PopUpperContext                   0x00000d23   Thumb Code     0  port.o(.text)
    OsPort_ReturnWithAutopop                 0x00000d31   Thumb Code     0  port.o(.text)
    OsErrMgr_SetServiceID                    0x00000d3d   Thumb Code     6  errmgr.o(.text)
    OsErrMgr_GetServiceID                    0x00000d43   Thumb Code     6  errmgr.o(.text)
    OsErrMgr_StoreTaskID                     0x00000d49   Thumb Code     6  errmgr.o(.text)
    OsErrMgr_GetTaskID                       0x00000d4f   Thumb Code     6  errmgr.o(.text)
    OsErrMgr_StoreEventID                    0x00000d55   Thumb Code     6  errmgr.o(.text)
    OsErrMgr_GetEventID                      0x00000d5b   Thumb Code     6  errmgr.o(.text)
    OsErrMgr_StoreResID                      0x00000d61   Thumb Code     6  errmgr.o(.text)
    OsErrMgr_GetResID                        0x00000d67   Thumb Code     6  errmgr.o(.text)
    OsErrMgr_SetOverFlowContext              0x00000d6d   Thumb Code     8  errmgr.o(.text)
    OsErrMgr_GetOverFlowContext              0x00000d75   Thumb Code    14  errmgr.o(.text)
    OsRes_GetResourceProcessor               0x00000d99   Thumb Code   136  rcbprocessor.o(.text)
    OsRcb_ReleaseResourceProcessor           0x00000e21   Thumb Code   128  rcbprocessor.o(.text)
    SVCCnxt_SetErrCode                       0x00000eb5   Thumb Code     6  svccontext.o(.text)
    SVCCnxt_GetErrCode                       0x00000ebb   Thumb Code     8  svccontext.o(.text)
    SVCCnxt_TskMgrSetTskID                   0x00000ec3   Thumb Code     6  svccontext.o(.text)
    SVCCnxt_TskMgrGetTskID                   0x00000ec9   Thumb Code     8  svccontext.o(.text)
    SVCCnxt_EventMgrSetTskID                 0x00000ed1   Thumb Code     6  svccontext.o(.text)
    SVCCnxt_EventMgrGetTskID                 0x00000ed7   Thumb Code     8  svccontext.o(.text)
    SVCCnxt_EventMgrSetEventMsk              0x00000edf   Thumb Code     6  svccontext.o(.text)
    SVCCnxt_EventMgrGetEventMsk              0x00000ee5   Thumb Code     8  svccontext.o(.text)
    SVCCnxt_ResMgrSetResID                   0x00000eed   Thumb Code     6  svccontext.o(.text)
    SVCCnxt_ResMgrGetResID                   0x00000ef3   Thumb Code     8  svccontext.o(.text)
    OsTcb_TasksInit                          0x00001077   Thumb Code    48  tcbprocessor.o(.text)
    OsTcb_GetTaskState                       0x000010bb   Thumb Code    16  tcbprocessor.o(.text)
    OsTcb_GetTaskIDProcessor                 0x000010cb   Thumb Code     6  tcbprocessor.o(.text)
    OsTcb_ActivateTaskTCBProcesor            0x000010eb   Thumb Code   124  tcbprocessor.o(.text)
    OsTcb_GetResOccupied                     0x000011a9   Thumb Code    16  tcbprocessor.o(.text)
    OsTcb_ChainTaskTCBProcessor              0x000011b9   Thumb Code   178  tcbprocessor.o(.text)
    OsTcb_SetScheduleReq                     0x0000126b   Thumb Code    18  tcbprocessor.o(.text)
    OsTcb_TerminateTaskTCBProcessor          0x0000127d   Thumb Code    82  tcbprocessor.o(.text)
    OsTcb_JumpToNextTCB                      0x000012cf   Thumb Code   254  tcbprocessor.o(.text)
    OsTcb_SetEventProcessor                  0x00001415   Thumb Code   152  tcbprocessor.o(.text)
    OsTcb_ClearEventProcessor                0x000014ad   Thumb Code   128  tcbprocessor.o(.text)
    OsTcb_GetEventProcessor                  0x0000152d   Thumb Code    92  tcbprocessor.o(.text)
    OsTcb_WaitEventProcessor                 0x00001589   Thumb Code   154  tcbprocessor.o(.text)
    OsTcb_GetTaskStateProcessor              0x00001623   Thumb Code    60  tcbprocessor.o(.text)
    OsTcb_TaskAlrmExpiredProcessor           0x0000165f   Thumb Code    32  tcbprocessor.o(.text)
    OsTcb_EventAlrmExpiredProcessor          0x0000167f   Thumb Code    32  tcbprocessor.o(.text)
    OsTcb_SetTaskPri                         0x0000169f   Thumb Code    18  tcbprocessor.o(.text)
    OsTcb_GetTaskPriorityEx                  0x000016b1   Thumb Code    12  tcbprocessor.o(.text)
    OsTcb_SetResOccupied                     0x000016bd   Thumb Code    14  tcbprocessor.o(.text)
    OsTcb_GetCurrentTCBRef                   0x000016cb   Thumb Code     8  tcbprocessor.o(.text)
    OsTcb_GetTcbSP                           0x000016d3   Thumb Code    14  tcbprocessor.o(.text)
    OsTcb_UpdateTCBSP                        0x000016e1   Thumb Code    36  tcbprocessor.o(.text)
    OsTcb_UpdatePSP                          0x00001705   Thumb Code    56  tcbprocessor.o(.text)
    OsTcb_SilenceHook                        0x0000173d   Thumb Code     8  tcbprocessor.o(.text)
    OsTcb_ScheduleProcessor                  0x00001745   Thumb Code    92  tcbprocessor.o(.text)
    OsTcb_ThreadStackOverFlow                0x000017a1   Thumb Code    44  tcbprocessor.o(.text)
    OsPort_SetInitialStack                   0x00001949   Thumb Code    90  portable.o(.text)
    OsPort_GetSVCNumber                      0x000019a3   Thumb Code    14  portable.o(.text)
    OsPort_GetPSP                            0x000019b1   Thumb Code     8  portable.o(.text)
    OsPort_SetPSP                            0x000019b9   Thumb Code     6  portable.o(.text)
    OsPort_SetThreadMode                     0x000019bf   Thumb Code    14  portable.o(.text)
    OsPort_CoreInit                          0x000019cd   Thumb Code    14  portable.o(.text)
    __scatterload                            0x000019e1   Thumb Code    38  init.o(.text)
    __scatterload_rt2                        0x000019e1   Thumb Code     0  init.o(.text)
    __scatterload_copy                       0x00001a11   Thumb Code    14  handlers.o(i.__scatterload_copy)
    __scatterload_null                       0x00001a1f   Thumb Code     2  handlers.o(i.__scatterload_null)
    __scatterload_zeroinit                   0x00001a21   Thumb Code    14  handlers.o(i.__scatterload_zeroinit)
    OsCfg_ALL_STACK_SIZE                     0x00001a2e   Data           2  oscfg.o(.rodata.OsCfg_ALL_STACK_SIZE)
    OsCfg_MAX_NUM_OF_ALARMS                  0x00001a30   Data           1  oscfg.o(.rodata.OsCfg_MAX_NUM_OF_ALARMS)
    OsCfg_MAX_NUM_OF_RESOURCES               0x00001a31   Data           1  oscfg.o(.rodata.OsCfg_MAX_NUM_OF_RESOURCES)
    OsCfg_MAX_NUM_OF_TASKS                   0x00001a32   Data           1  oscfg.o(.rodata.OsCfg_MAX_NUM_OF_TASKS)
    OsCfg_ResourceCeilPri                    0x00001a33   Data           1  oscfg.o(.rodata.OsCfg_ResourceCeilPri)
    OsCfg_ResourceTaskAuthorized             0x00001a34   Data           1  oscfg.o(.rodata.OsCfg_ResourceTaskAuthorized)
    OsCfg_SYSTEM_TICK_IN_MS                  0x00001a38   Data           4  oscfg.o(.rodata.OsCfg_SYSTEM_TICK_IN_MS)
    OsCfg_StackSize                          0x00001a3c   Data          24  oscfg.o(.rodata.OsCfg_StackSize)
    OsCfg_USE_ERROR_HOOK                     0x00001a54   Data           1  oscfg.o(.rodata.OsCfg_USE_ERROR_HOOK)
    OsCfg_USE_POSTTASK_HOOK                  0x00001a55   Data           1  oscfg.o(.rodata.OsCfg_USE_POSTTASK_HOOK)
    OsCfg_USE_PRETASK_HOOK                   0x00001a56   Data           1  oscfg.o(.rodata.OsCfg_USE_PRETASK_HOOK)
    OsCfg_USE_STACK_OVER_FLOW_HOOK           0x00001a57   Data           1  oscfg.o(.rodata.OsCfg_USE_STACK_OVER_FLOW_HOOK)
    OsCfg_USE_STARTUP_HOOK                   0x00001a58   Data           1  oscfg.o(.rodata.OsCfg_USE_STARTUP_HOOK)
    Region$$Table$$Base                      0x00001a5c   Number         0  anon$$obj.o(Region$$Table)
    Region$$Table$$Limit                     0x00001a7c   Number         0  anon$$obj.o(Region$$Table)
    Current_TCB_Ref                          0x20000010   Data           4  tcbprocessor.o(.data)
    ErrorFlag                                0x20000016   Data           1  schedule.o(.data.ErrorFlag)
    MainCounter                              0x20000018   Data          12  oscfg.o(.data.MainCounter)
    OsCfg_Alarms                             0x20000024   Data          48  oscfg.o(.data.OsCfg_Alarms)
    OsCfg_TCBs                               0x20000054   Data         196  oscfg.o(.data.OsCfg_TCBs)
    CompressorRatio                          0x20000118   Data           2  rte.o(.bss.CompressorRatio)
    EngineSpeedValue                         0x2000011a   Data           2  rte.o(.bss.EngineSpeedValue)
    ExpectedTemp                             0x2000011c   Data           2  rte.o(.bss.ExpectedTemp)
    FanRatio                                 0x2000011e   Data           2  rte.o(.bss.FanRatio)
    OsCfg_Stack                              0x20000120   Data        1264  oscfg.o(.bss.OsCfg_Stack)
    RCB                                      0x20000614   Data           2  oscfg.o(.bss.RCB)
    SVCCnxt_ErrCodes                         0x20000616   Data           6  oscfg.o(.bss.SVCCnxt_ErrCodes)
    SVCCnxt_ResMgrCnxt                       0x2000061c   Data           1  oscfg.o(.bss.SVCCnxt_ResMgrCnxt)
    TemperatureValue                         0x2000061e   Data           2  rte.o(.bss.TemperatureValue)
    diagnosticEvents                         0x20000620   Data          80  diagnosticmanager.o(.bss.diagnosticEvents)
    __initial_sp                             0x20000870   Data           0  keiluvisoin_startup.o(STACK)



==============================================================================

Memory Map of the image

  Image Entry point : 0x00000281

  Load Region LR_1 (Base: 0x00000000, Size: 0x00001b94, Max: 0xffffffff, ABSOLUTE)

    Execution Region ER_RO (Exec base: 0x00000000, Load base: 0x00000000, Size: 0x00001a7c, Max: 0xffffffff, ABSOLUTE)

    Exec Addr    Load Addr    Size         Type   Attr      Idx    E Section Name        Object

    0x00000000   0x00000000   0x0000026c   Data   RO            3    RESET               keiluvisoin_startup.o
    0x0000026c   0x0000026c   0x00000000   Code   RO          314  * .ARM.Collect$$$$00000000  mc_w.l(entry.o)
    0x0000026c   0x0000026c   0x00000004   Code   RO          317    .ARM.Collect$$$$00000001  mc_w.l(entry2.o)
    0x00000270   0x00000270   0x00000004   Code   RO          320    .ARM.Collect$$$$00000004  mc_w.l(entry5.o)
    0x00000274   0x00000274   0x00000000   Code   RO          322    .ARM.Collect$$$$00000008  mc_w.l(entry7b.o)
    0x00000274   0x00000274   0x00000000   Code   RO          324    .ARM.Collect$$$$0000000A  mc_w.l(entry8b.o)
    0x00000274   0x00000274   0x00000008   Code   RO          325    .ARM.Collect$$$$0000000B  mc_w.l(entry9a.o)
    0x0000027c   0x0000027c   0x00000000   Code   RO          327    .ARM.Collect$$$$0000000D  mc_w.l(entry10a.o)
    0x0000027c   0x0000027c   0x00000000   Code   RO          329    .ARM.Collect$$$$0000000F  mc_w.l(entry11a.o)
    0x0000027c   0x0000027c   0x00000004   Code   RO          318    .ARM.Collect$$$$00002712  mc_w.l(entry2.o)
    0x00000280   0x00000280   0x000000fc   Code   RO            4  * .text               keiluvisoin_startup.o
    0x0000037c   0x0000037c   0x0000006c   Code   RO           10    .text               counter.o
    0x000003e8   0x000003e8   0x00000012   Code   RO           18    .text               hook.o
    0x000003fa   0x000003fa   0x00000002   PAD
    0x000003fc   0x000003fc   0x000000a6   Code   RO           53    .text               schedule.o
    0x000004a2   0x000004a2   0x00000002   PAD
    0x000004a4   0x000004a4   0x00000018   Code   RO           63    .text               compressorcontrolswc.o
    0x000004bc   0x000004bc   0x0000005e   Code   RO           70    .text               coolingcontrolswc.o
    0x0000051a   0x0000051a   0x00000002   PAD
    0x0000051c   0x0000051c   0x00000018   Code   RO           78    .text               fancontrolswc.o
    0x00000534   0x00000534   0x00000012   Code   RO           85    .text               nvblockswc.o
    0x00000546   0x00000546   0x00000002   PAD
    0x00000548   0x00000548   0x00000014   Code   RO           92    .text               iohwabcompressor.o
    0x0000055c   0x0000055c   0x00000014   Code   RO           99    .text               iohwabfan.o
    0x00000570   0x00000570   0x00000002   Code   RO          106    .text               pwm.o
    0x00000572   0x00000572   0x00000002   PAD
    0x00000574   0x00000574   0x0000011c   Code   RO          113    .text               rte.o
    0x00000690   0x00000690   0x0000000a   Code   RO          127    .text               communicationmanager.o
    0x0000069a   0x0000069a   0x00000002   PAD
    0x0000069c   0x0000069c   0x00000074   Code   RO          134    .text               diagnosticmanager.o
    0x00000710   0x00000710   0x0000001a   Code   RO          143    .text               nvmmanager.o
    0x0000072a   0x0000072a   0x00000002   PAD
    0x0000072c   0x0000072c   0x000003e0   Code   RO          151    .text               OsekLib.lib(alarm.o)
    0x00000b0c   0x00000b0c   0x00000066   Code   RO          196    .text               OsekLib.lib(event.o)
    0x00000b72   0x00000b72   0x00000002   PAD
    0x00000b74   0x00000b74   0x0000016c   Code   RO          214    .text               OsekLib.lib(task.o)
    0x00000ce0   0x00000ce0   0x0000005a   Code   RO          241    .text               OsekLib.lib(port.o)
    0x00000d3a   0x00000d3a   0x00000002   PAD
    0x00000d3c   0x00000d3c   0x0000005c   Code   RO          244    .text               OsekLib.lib(errmgr.o)
    0x00000d98   0x00000d98   0x0000011c   Code   RO          258    .text               OsekLib.lib(rcbprocessor.o)
    0x00000eb4   0x00000eb4   0x00000058   Code   RO          270    .text               OsekLib.lib(svccontext.o)
    0x00000f0c   0x00000f0c   0x00000a3c   Code   RO          284    .text               OsekLib.lib(tcbprocessor.o)
    0x00001948   0x00001948   0x00000098   Code   RO          299    .text               OsekLib.lib(portable.o)
    0x000019e0   0x000019e0   0x00000030   Code   RO          331    .text               mc_w.l(init.o)
    0x00001a10   0x00001a10   0x0000000e   Code   RO          335    i.__scatterload_copy  mc_w.l(handlers.o)
    0x00001a1e   0x00001a1e   0x00000002   Code   RO          336    i.__scatterload_null  mc_w.l(handlers.o)
    0x00001a20   0x00001a20   0x0000000e   Code   RO          337    i.__scatterload_zeroinit  mc_w.l(handlers.o)
    0x00001a2e   0x00001a2e   0x00000002   Data   RO           29    .rodata.OsCfg_ALL_STACK_SIZE  oscfg.o
    0x00001a30   0x00001a30   0x00000001   Data   RO           27    .rodata.OsCfg_MAX_NUM_OF_ALARMS  oscfg.o
    0x00001a31   0x00001a31   0x00000001   Data   RO           28    .rodata.OsCfg_MAX_NUM_OF_RESOURCES  oscfg.o
    0x00001a32   0x00001a32   0x00000001   Data   RO           26    .rodata.OsCfg_MAX_NUM_OF_TASKS  oscfg.o
    0x00001a33   0x00001a33   0x00000001   Data   RO           46    .rodata.OsCfg_ResourceCeilPri  oscfg.o
    0x00001a34   0x00001a34   0x00000001   Data   RO           45    .rodata.OsCfg_ResourceTaskAuthorized  oscfg.o
    0x00001a35   0x00001a35   0x00000003   PAD
    0x00001a38   0x00001a38   0x00000004   Data   RO           37    .rodata.OsCfg_SYSTEM_TICK_IN_MS  oscfg.o
    0x00001a3c   0x00001a3c   0x00000018   Data   RO           40    .rodata.OsCfg_StackSize  oscfg.o
    0x00001a54   0x00001a54   0x00000001   Data   RO           30    .rodata.OsCfg_USE_ERROR_HOOK  oscfg.o
    0x00001a55   0x00001a55   0x00000001   Data   RO           32    .rodata.OsCfg_USE_POSTTASK_HOOK  oscfg.o
    0x00001a56   0x00001a56   0x00000001   Data   RO           31    .rodata.OsCfg_USE_PRETASK_HOOK  oscfg.o
    0x00001a57   0x00001a57   0x00000001   Data   RO           34    .rodata.OsCfg_USE_STACK_OVER_FLOW_HOOK  oscfg.o
    0x00001a58   0x00001a58   0x00000001   Data   RO           33    .rodata.OsCfg_USE_STARTUP_HOOK  oscfg.o
    0x00001a59   0x00001a59   0x00000003   PAD
    0x00001a5c   0x00001a5c   0x00000020   Data   RO          334    Region$$Table       anon$$obj.o


    Execution Region ER_RW (Exec base: 0x20000000, Load base: 0x00001a7c, Size: 0x00000118, Max: 0xffffffff, ABSOLUTE)

    Exec Addr    Load Addr    Size         Type   Attr      Idx    E Section Name        Object

    0x20000000   0x00001a7c   0x0000000c   Data   RW          245    .data               OsekLib.lib(errmgr.o)
    0x2000000c   0x00001a88   0x00000003   Data   RW          271    .data               OsekLib.lib(svccontext.o)
    0x2000000f   0x00001a8b   0x00000001   PAD
    0x20000010   0x00001a8c   0x00000006   Data   RW          285    .data               OsekLib.lib(tcbprocessor.o)
    0x20000016   0x00001a92   0x00000001   Data   RW           55    .data.ErrorFlag     schedule.o
    0x20000017   0x00001a93   0x00000001   PAD
    0x20000018   0x00001a94   0x0000000c   Data   RW           42    .data.MainCounter   oscfg.o
    0x20000024   0x00001aa0   0x00000030   Data   RW           43    .data.OsCfg_Alarms  oscfg.o
    0x20000054   0x00001ad0   0x000000c4   Data   RW           39    .data.OsCfg_TCBs    oscfg.o


    Execution Region ER_ZI (Exec base: 0x20000118, Load base: 0x00001b94, Size: 0x00000758, Max: 0xffffffff, ABSOLUTE)

    Exec Addr    Load Addr    Size         Type   Attr      Idx    E Section Name        Object

    0x20000118        -       0x00000002   Zero   RW          118    .bss.CompressorRatio  rte.o
    0x2000011a        -       0x00000002   Zero   RW          116    .bss.EngineSpeedValue  rte.o
    0x2000011c        -       0x00000002   Zero   RW          119    .bss.ExpectedTemp   rte.o
    0x2000011e        -       0x00000002   Zero   RW          117    .bss.FanRatio       rte.o
    0x20000120        -       0x000004f0   Zero   RW           41    .bss.OsCfg_Stack    oscfg.o
    0x20000610        -       0x00000004   Zero   RW           12    .bss.OsCnt_SystemCounter  counter.o
    0x20000614        -       0x00000002   Zero   RW           48    .bss.RCB            oscfg.o
    0x20000616        -       0x00000006   Zero   RW           44    .bss.SVCCnxt_ErrCodes  oscfg.o
    0x2000061c        -       0x00000001   Zero   RW           47    .bss.SVCCnxt_ResMgrCnxt  oscfg.o
    0x2000061d   0x00001b94   0x00000001   PAD
    0x2000061e        -       0x00000002   Zero   RW          115    .bss.TemperatureValue  rte.o
    0x20000620        -       0x00000050   Zero   RW          136    .bss.diagnosticEvents  diagnosticmanager.o
    0x20000670        -       0x00000200   Zero   RW            1    STACK               keiluvisoin_startup.o


==============================================================================

Image component sizes


      Code (inc. data)   RO Data    RW Data    ZI Data      Debug   Object Name

        10          0          0          0          0        716   communicationmanager.o
        24          0          0          0          0        574   compressorcontrolswc.o
        94          0          0          0          0        815   coolingcontrolswc.o
       108          0          0          0          4        747   counter.o
       116          0          0          0         80       1449   diagnosticmanager.o
        24          0          0          0          0        545   fancontrolswc.o
        18          0          0          0          0        865   hook.o
        20          0          0          0          0        739   iohwabcompressor.o
        20          0          0          0          0        711   iohwabfan.o
       252         10        620          0        512       5436   keiluvisoin_startup.o
        18          0          0          0          0        808   nvblockswc.o
        26          0          0          0          0        786   nvmmanager.o
         0          0         40        256       1273       3008   oscfg.o
         2          0          0          0          0        614   pwm.o
       284          0          0          0         10       4552   rte.o
       166          0          0          1          0       1494   schedule.o

    ----------------------------------------------------------------------
      1196         10        698        258       1880      23859   Object Totals
         0          0         32          0          0          0   (incl. Generated)
        14          0          6          1          1          0   (incl. Padding)

    ----------------------------------------------------------------------

      Code (inc. data)   RO Data    RW Data    ZI Data      Debug   Library Member Name

       992         20          0          0          0      14592   alarm.o
        92         22          0         12          0       2466   errmgr.o
       102          0          0          0          0       1477   event.o
        90          0          0          0          0        256   port.o
       152          6          0          0          0       1706   portable.o
       284         20          0          0          0        864   rcbprocessor.o
        88         18          0          3          0       2614   svccontext.o
       364         26          0          0          0       2647   task.o
      2620        112          0          6          0      10800   tcbprocessor.o
         0          0          0          0          0          0   entry.o
         0          0          0          0          0          0   entry10a.o
         0          0          0          0          0          0   entry11a.o
         8          4          0          0          0          0   entry2.o
         4          0          0          0          0          0   entry5.o
         0          0          0          0          0          0   entry7b.o
         0          0          0          0          0          0   entry8b.o
         8          4          0          0          0          0   entry9a.o
        30          0          0          0          0          0   handlers.o
        48         10          0          0          0         68   init.o

    ----------------------------------------------------------------------
      4886        242          0         22          0      37490   Library Totals
         4          0          0          1          0          0   (incl. Padding)

    ----------------------------------------------------------------------

      Code (inc. data)   RO Data    RW Data    ZI Data      Debug   Library Name

      4784        224          0         21          0      37422   OsekLib.lib
        98         18          0          0          0         68   mc_w.l

    ----------------------------------------------------------------------
      4886        242          0         22          0      37490   Library Totals

    ----------------------------------------------------------------------

==============================================================================


      Code (inc. data)   RO Data    RW Data    ZI Data      Debug   

      6082        252        698        280       1880      60617   Grand Totals
      6082        252        698        280       1880      60617   ELF Image Totals
      6082        252        698        280          0          0   ROM Totals

==============================================================================

    Total RO  Size (Code + RO Data)                 6780 (   6.62kB)
    Total RW  Size (RW Data + ZI Data)              2160 (   2.11kB)
    Total ROM Size (Code + RO Data + RW Data)       7060 (   6.89kB)

==============================================================================

