<html>
<body>
<pre>
<h1>µVision Build Log</h1>
<h2>Tool Versions:</h2>
IDE-Version: µVision V5.41.0.0
Copyright (C) 2024 ARM Ltd and ARM Germany GmbH. All rights reserved.
License Information: long long, long, LIC=----
 
Tool Versions:
Toolchain:       MDK-Lite  Version: 5.41.0.0
Toolchain Path:  C:\Users\Admin\AppData\Local\Keil_v5\ARM\ARMCLANG\Bin
C Compiler:      ArmClang.exe V6.22
Assembler:       Armasm.exe V6.22
Linker/Locator:  ArmLink.exe V6.22
Library Manager: ArmAr.exe V6.22
Hex Converter:   FromElf.exe V6.22
CPU DLL:         SARMCM3.DLL V5.41.0.0
Dialog DLL:      DCM.DLL V1.17.5.0
Target DLL:      UL2CM3.DLL V1.164.14.0
Dialog DLL:      TCM.DLL V1.56.4.0
 
<h2>Project:</h2>
C:\Users\Admin\Desktop\MOCKAUTOSAR\Project\OS\ECU_1\OSEK_ECU1.uvprojx
Project File Date:  03/06/2025

<h2>Output:</h2>
*** Using Compiler 'V6.22', folder: 'C:\Users\Admin\AppData\Local\Keil_v5\ARM\ARMCLANG\Bin'
Rebuild target 'Target 1'
compiling OsCfg.c...
assembling keilUvisoin_startup.s...
compiling Adc.c...
compiling schedule.c...
compiling IOHwAbTemperatureSensor.c...
compiling counter.c...
compiling EngineSpeedSWC.c...
compiling IOHwAbCan.c...
compiling TemperatureSensorSWC.c...
compiling hook.c...
compiling IOHwAbSpeedSensor.c...
compiling Can.c...
compiling RTE.c...
compiling Rte_AppComTX.c...
compiling ComM.c...
compiling Rte_AppReadSensor.c...
compiling Com.c...
compiling PduR.c...
linking...
Program Size: Code=5818 RO-data=682 RW-data=144 ZI-data=1000  
".\build_files\OsekIntro_Example6.axf" - 0 Error(s), 0 Warning(s).

<h2>Software Packages used:</h2>

Package Vendor: ARM
                https://www.keil.com/pack/ARM.CMSIS.6.1.0.pack
                ARM::CMSIS@6.1.0
                CMSIS (Common Microcontroller Software Interface Standard)
   * Component: CORE Version: 6.1.0

Package Vendor: Keil
                http://www.keil.com/pack/Keil.TM4C_DFP.1.1.0.pack
                Keil::TM4C_DFP@1.1.0
                Texas Instruments Tiva C Series Device Support and Examples

<h2>Collection of Component include folders:</h2>
  ./RTE/_Target_1
  C:/Users/Admin/AppData/Local/Arm/Packs/ARM/CMSIS/6.1.0/CMSIS/Core/Include
  C:/Users/Admin/AppData/Local/Arm/Packs/Keil/TM4C_DFP/1.1.0/Device/Include/TM4C123

<h2>Collection of Component Files used:</h2>

   * Component: ARM::CMSIS:CORE@6.1.0
Build Time Elapsed:  00:00:01
</pre>
</body>
</html>
