Component: ARM Compiler 6.14 Tool: armlink [5db06800]

==============================================================================

Section Cross References

    keiluvisoin_startup.o(RESET) refers to keiluvisoin_startup.o(STACK) for __initial_sp
    keiluvisoin_startup.o(RESET) refers to keiluvisoin_startup.o(.text) for Reset_Handler
    keiluvisoin_startup.o(RESET) refers to task.o(.text) for SVC_Dispatcher
    keiluvisoin_startup.o(RESET) refers to port.o(.text) for OsPort_PendSVHandler
    keiluvisoin_startup.o(RESET) refers to alarm.o(.text) for SystemTimerHandler
    keiluvisoin_startup.o(.text) refers to schedule.o(.text) for SystemInit
    keiluvisoin_startup.o(.text) refers to entry.o(.ARM.Collect$$$$00000000) for __main
    counter.o(.text) refers to oscfg.o(.rodata.OsCfg_SYSTEM_TICK_IN_MS) for OsCfg_SYSTEM_TICK_IN_MS
    counter.o(.text) refers to counter.o(.bss.OsCnt_SystemCounter) for OsCnt_SystemCounter
    counter.o(.text) refers to counter.o(.bss.SystickCounter) for SystickCounter
    counter.o(.ARM.exidx) refers to counter.o(.text) for [Anonymous Symbol]
    hook.o(.ARM.exidx) refers to hook.o(.text) for [Anonymous Symbol]
    oscfg.o(.data.OsCfg_TCBs) refers to schedule.o(.text) for OsTask_DataHandle_Task
    oscfg.o(.data.OsCfg_TCBs) refers to task.o(.text) for OsTask_IdleMechanism
    oscfg.o(.data.OsCfg_Alarms) refers to oscfg.o(.data.MainCounter) for MainCounter
    schedule.o(.text) refers to task.o(.text) for StartOS
    schedule.o(.text) refers to schedule.o(.bss.toggle_DataHandle_Task) for toggle_DataHandle_Task
    schedule.o(.text) refers to event.o(.text) for WaitEvent
    schedule.o(.text) refers to rte.o(.text) for Rte_EV_DataHandle
    schedule.o(.text) refers to schedule.o(.bss.toggle_ReadSensor_Task) for toggle_ReadSensor_Task
    schedule.o(.ARM.exidx) refers to schedule.o(.text) for [Anonymous Symbol]
    enginespeedswc.o(.text) refers to rte_appreadsensor.o(.text) for Rte_Read_RP_Pulse_EngineSpeedValue
    enginespeedswc.o(.text) refers to rte_appcomtx.o(.text) for Rte_Write_PP_Speed_SpeedValue
    enginespeedswc.o(.ARM.exidx) refers to enginespeedswc.o(.text) for [Anonymous Symbol]
    temperaturesensorswc.o(.text) refers to rte_appreadsensor.o(.text) for Rte_Read_RP_Voltage_TemperatureValue
    temperaturesensorswc.o(.text) refers to rte_appcomtx.o(.text) for Rte_Write_PP_Temperature_TempValue
    temperaturesensorswc.o(.ARM.exidx) refers to temperaturesensorswc.o(.text) for [Anonymous Symbol]
    iohwabspeedsensor.o(.text) refers to adc.o(.text) for Adc_ReadChannel
    iohwabspeedsensor.o(.text) refers to rte_appreadsensor.o(.text) for Rte_Write_PP_Pulse_EngineSpeedValue
    iohwabspeedsensor.o(.ARM.exidx) refers to iohwabspeedsensor.o(.text) for [Anonymous Symbol]
    iohwabtemperaturesensor.o(.text) refers to adc.o(.text) for Adc_ReadChannel
    iohwabtemperaturesensor.o(.text) refers to rte_appreadsensor.o(.text) for Rte_Write_PP_Voltage_TemperatureValue
    iohwabtemperaturesensor.o(.ARM.exidx) refers to iohwabtemperaturesensor.o(.text) for [Anonymous Symbol]
    iohwabcan.o(.text) refers to can.o(.text) for Can_Write
    iohwabcan.o(.text) refers to pdur.o(.text) for PduR_LoIfTxConfirmation
    iohwabcan.o(.ARM.exidx) refers to iohwabcan.o(.text) for [Anonymous Symbol]
    adc.o(.text) refers to rand.o(.text) for rand
    adc.o(.ARM.exidx) refers to adc.o(.text) for [Anonymous Symbol]
    can.o(.text) refers to can.o(.bss.dataFrame) for dataFrame
    can.o(.ARM.exidx) refers to can.o(.text) for [Anonymous Symbol]
    rte.o(.text) refers to iohwabspeedsensor.o(.text) for ReadPulse_Runable
    rte.o(.text) refers to iohwabtemperaturesensor.o(.text) for ReadVoltage_Runable
    rte.o(.text) refers to temperaturesensorswc.o(.text) for ReadTemperature_Runable
    rte.o(.text) refers to enginespeedswc.o(.text) for ReadSpeed_Runable
    rte.o(.text) refers to rte_appcomtx.o(.bss.TempValue) for TempValue
    rte.o(.text) refers to rte_appcomtx.o(.bss.SpeedValue) for SpeedValue
    rte.o(.text) refers to rte.o(.bss.frameData) for frameData
    rte.o(.text) refers to com.o(.text) for Com_SendSignal
    rte.o(.ARM.exidx) refers to rte.o(.text) for [Anonymous Symbol]
    rte_appcomtx.o(.text) refers to rte_appcomtx.o(.bss.SpeedValue) for SpeedValue
    rte_appcomtx.o(.text) refers to rte_appcomtx.o(.bss.TempValue) for TempValue
    rte_appcomtx.o(.ARM.exidx) refers to rte_appcomtx.o(.text) for [Anonymous Symbol]
    rte_appreadsensor.o(.text) refers to rte_appreadsensor.o(.bss.EngineSpeedValue) for EngineSpeedValue
    rte_appreadsensor.o(.text) refers to rte_appreadsensor.o(.bss.TemperatureValue) for TemperatureValue
    rte_appreadsensor.o(.ARM.exidx) refers to rte_appreadsensor.o(.text) for [Anonymous Symbol]
    comm.o(.ARM.exidx) refers to comm.o(.text) for [Anonymous Symbol]
    com.o(.text) refers to pdur.o(.text) for PduR_ComTransmit
    com.o(.ARM.exidx) refers to com.o(.text) for [Anonymous Symbol]
    pdur.o(.text) refers to iohwabcan.o(.text) for CanIf_Transmit
    pdur.o(.text) refers to com.o(.text) for Com_TxConfirmation
    pdur.o(.ARM.exidx) refers to pdur.o(.text) for [Anonymous Symbol]
    alarm.o(.text) refers to counter.o(.text) for OsCnt_GetSystemCounter
    alarm.o(.text) refers to tcbprocessor.o(.text) for OsTcb_GetTaskStateProcessor
    alarm.o(.text) refers to errmgr.o(.text) for OsErrMgr_SetServiceID
    alarm.o(.text) refers to hook.o(.text) for ErrorHook
    alarm.o(.text) refers to port.o(.text) for OsPort_PushUpperContext
    alarm.o(.text) refers to oscfg.o(.data.OsCfg_Alarms) for OsCfg_Alarms
    alarm.o(.text) refers to oscfg.o(.rodata.OsCfg_USE_ERROR_HOOK) for OsCfg_USE_ERROR_HOOK
    alarm.o(.text) refers to oscfg.o(.rodata.OsCfg_USE_POSTTASK_HOOK) for OsCfg_USE_POSTTASK_HOOK
    alarm.o(.text) refers to oscfg.o(.rodata.OsCfg_MAX_NUM_OF_ALARMS) for OsCfg_MAX_NUM_OF_ALARMS
    event.o(.text) refers to tcbprocessor.o(.text) for OsTcb_GetTaskIDProcessor
    event.o(.text) refers to svccontext.o(.text) for SVCCnxt_EventMgrSetTskID
    task.o(.text) refers to portable.o(.text) for OsPort_CoreInit
    task.o(.text) refers to tcbprocessor.o(.text) for OsTcb_TasksInit
    task.o(.text) refers to hook.o(.text) for StartupHook
    task.o(.text) refers to counter.o(.text) for SysTick_Init
    task.o(.text) refers to port.o(.text) for OsPort_JumpToApp
    task.o(.text) refers to svccontext.o(.text) for SVCCnxt_TskMgrSetTskID
    task.o(.text) refers to rcbprocessor.o(.text) for OsRes_GetResourceProcessor
    task.o(.text) refers to oscfg.o(.rodata.OsCfg_USE_STARTUP_HOOK) for OsCfg_USE_STARTUP_HOOK
    task.o(.text) refers to oscfg.o(.rodata.OsCfg_USE_STACK_OVER_FLOW_HOOK) for OsCfg_USE_STACK_OVER_FLOW_HOOK
    task.o(.text) refers to oscfg.o(.rodata.OsCfg_USE_POSTTASK_HOOK) for OsCfg_USE_POSTTASK_HOOK
    port.o(.text) refers to portable.o(.text) for OsPort_SetThreadMode
    port.o(.text) refers to tcbprocessor.o(.text) for OsTcb_GetCurrentTCBRef
    errmgr.o(.text) refers to errmgr.o(.data) for OsErrMgr_DetectedService
    rcbprocessor.o(.text) refers to tcbprocessor.o(.text) for OsTcb_GetTaskIDProcessor
    rcbprocessor.o(.text) refers to svccontext.o(.text) for SVCCnxt_ResMgrGetResID
    rcbprocessor.o(.text) refers to errmgr.o(.text) for OsErrMgr_SetServiceID
    rcbprocessor.o(.text) refers to hook.o(.text) for ErrorHook
    rcbprocessor.o(.text) refers to oscfg.o(.rodata.OsCfg_MAX_NUM_OF_RESOURCES) for OsCfg_MAX_NUM_OF_RESOURCES
    rcbprocessor.o(.text) refers to oscfg.o(.rodata.OsCfg_ResourceTaskAuthorized) for OsCfg_ResourceTaskAuthorized
    rcbprocessor.o(.text) refers to oscfg.o(.bss.RCB) for RCB
    rcbprocessor.o(.text) refers to oscfg.o(.rodata.OsCfg_ResourceCeilPri) for OsCfg_ResourceCeilPri
    rcbprocessor.o(.text) refers to oscfg.o(.rodata.OsCfg_USE_ERROR_HOOK) for OsCfg_USE_ERROR_HOOK
    svccontext.o(.text) refers to oscfg.o(.bss.SVCCnxt_ErrCodes) for SVCCnxt_ErrCodes
    svccontext.o(.text) refers to svccontext.o(.data) for SVCCnxt_TskMgrCnxt
    svccontext.o(.text) refers to oscfg.o(.bss.SVCCnxt_ResMgrCnxt) for SVCCnxt_ResMgrCnxt
    tcbprocessor.o(.text) refers to svccontext.o(.text) for SVCCnxt_TskMgrGetTskID
    tcbprocessor.o(.text) refers to errmgr.o(.text) for OsErrMgr_SetServiceID
    tcbprocessor.o(.text) refers to hook.o(.text) for ErrorHook
    tcbprocessor.o(.text) refers to portable.o(.text) for OsPort_SetInitialStack
    tcbprocessor.o(.text) refers to oscfg.o(.data.OsCfg_TCBs) for OsCfg_TCBs
    tcbprocessor.o(.text) refers to oscfg.o(.rodata.OsCfg_USE_STACK_OVER_FLOW_HOOK) for OsCfg_USE_STACK_OVER_FLOW_HOOK
    tcbprocessor.o(.text) refers to oscfg.o(.rodata.OsCfg_StackSize) for OsCfg_StackSize
    tcbprocessor.o(.text) refers to oscfg.o(.bss.OsCfg_Stack) for OsCfg_Stack
    tcbprocessor.o(.text) refers to oscfg.o(.rodata.OsCfg_MAX_NUM_OF_TASKS) for OsCfg_MAX_NUM_OF_TASKS
    tcbprocessor.o(.text) refers to tcbprocessor.o(.data) for TcbProcessor_RunningTaskID
    tcbprocessor.o(.text) refers to oscfg.o(.rodata.OsCfg_USE_ERROR_HOOK) for OsCfg_USE_ERROR_HOOK
    tcbprocessor.o(.text) refers to oscfg.o(.rodata.OsCfg_USE_POSTTASK_HOOK) for OsCfg_USE_POSTTASK_HOOK
    tcbprocessor.o(.text) refers to oscfg.o(.rodata.OsCfg_USE_PRETASK_HOOK) for OsCfg_USE_PRETASK_HOOK
    tcbprocessor.o(.text) refers to oscfg.o(.rodata.OsCfg_ALL_STACK_SIZE) for OsCfg_ALL_STACK_SIZE
    tcbprocessor.o(.text) refers to task.o(.text) for OsTask_IdleMechanism
    tcbprocessor.o(.data) refers to oscfg.o(.data.OsCfg_TCBs) for OsCfg_TCBs
    entry.o(.ARM.Collect$$$$00000000) refers (Special) to entry10a.o(.ARM.Collect$$$$0000000D) for __rt_final_cpp
    entry.o(.ARM.Collect$$$$00000000) refers (Special) to entry11a.o(.ARM.Collect$$$$0000000F) for __rt_final_exit
    entry.o(.ARM.Collect$$$$00000000) refers (Special) to entry7b.o(.ARM.Collect$$$$00000008) for _main_clock
    entry.o(.ARM.Collect$$$$00000000) refers (Special) to entry8b.o(.ARM.Collect$$$$0000000A) for _main_cpp_init
    entry.o(.ARM.Collect$$$$00000000) refers (Special) to entry9a.o(.ARM.Collect$$$$0000000B) for _main_init
    entry.o(.ARM.Collect$$$$00000000) refers (Special) to entry5.o(.ARM.Collect$$$$00000004) for _main_scatterload
    entry.o(.ARM.Collect$$$$00000000) refers (Special) to entry2.o(.ARM.Collect$$$$00000001) for _main_stk
    rand.o(.text) refers to rand.o(.data) for .data
    entry2.o(.ARM.Collect$$$$00000001) refers to entry2.o(.ARM.Collect$$$$00002712) for __lit__00000000
    entry2.o(.ARM.Collect$$$$00002712) refers to keiluvisoin_startup.o(STACK) for __initial_sp
    entry2.o(__vectab_stack_and_reset_area) refers to keiluvisoin_startup.o(STACK) for __initial_sp
    entry2.o(__vectab_stack_and_reset_area) refers to entry.o(.ARM.Collect$$$$00000000) for __main
    entry5.o(.ARM.Collect$$$$00000004) refers to init.o(.text) for __scatterload
    entry9a.o(.ARM.Collect$$$$0000000B) refers to schedule.o(.text) for main
    entry9b.o(.ARM.Collect$$$$0000000C) refers to schedule.o(.text) for main
    init.o(.text) refers to entry5.o(.ARM.Collect$$$$00000004) for __main_after_scatterload


==============================================================================

Removing Unused input sections from the image.

    Removing keiluvisoin_startup.o(HEAP), (0 bytes).
    Removing counter.o(.ARM.exidx), (24 bytes).
    Removing hook.o(.ARM.exidx), (40 bytes).
    Removing oscfg.o(.text), (0 bytes).
    Removing oscfg.o(.rodata.OsCfg_USE_PARAMETER_ACCESS), (1 bytes).
    Removing oscfg.o(.rodata.OsCfg_USE_GET_SERVICE_ID), (1 bytes).
    Removing oscfg.o(.rodata.OSTICKDURATION), (4 bytes).
    Removing schedule.o(.ARM.exidx), (32 bytes).
    Removing schedule.o(.bss.a), (4 bytes).
    Removing schedule.o(.ARM.use_no_argv), (4 bytes).
    Removing enginespeedswc.o(.ARM.exidx), (8 bytes).
    Removing temperaturesensorswc.o(.ARM.exidx), (8 bytes).
    Removing iohwabspeedsensor.o(.ARM.exidx), (8 bytes).
    Removing iohwabtemperaturesensor.o(.ARM.exidx), (8 bytes).
    Removing iohwabcan.o(.ARM.exidx), (8 bytes).
    Removing adc.o(.ARM.exidx), (8 bytes).
    Removing can.o(.ARM.exidx), (8 bytes).
    Removing rte.o(.ARM.exidx), (16 bytes).
    Removing rte_appcomtx.o(.ARM.exidx), (32 bytes).
    Removing rte_appreadsensor.o(.ARM.exidx), (32 bytes).
    Removing comm.o(.text), (4 bytes).
    Removing comm.o(.ARM.exidx), (8 bytes).
    Removing com.o(.ARM.exidx), (16 bytes).
    Removing pdur.o(.ARM.exidx), (16 bytes).

24 unused section(s) (total 290 bytes) removed from the image.

==============================================================================

Image Symbol Table

    Local Symbols

    Symbol Name                              Value     Ov Type        Size  Object(Section)

    ../OSEK/startup/keilUvisoin_startup.s    0x00000000   Number         0  keiluvisoin_startup.o ABSOLUTE
    ../clib/microlib/init/entry.s            0x00000000   Number         0  entry.o ABSOLUTE
    ../clib/microlib/init/entry.s            0x00000000   Number         0  entry2.o ABSOLUTE
    ../clib/microlib/init/entry.s            0x00000000   Number         0  entry5.o ABSOLUTE
    ../clib/microlib/init/entry.s            0x00000000   Number         0  entry7a.o ABSOLUTE
    ../clib/microlib/init/entry.s            0x00000000   Number         0  entry7b.o ABSOLUTE
    ../clib/microlib/init/entry.s            0x00000000   Number         0  entry8a.o ABSOLUTE
    ../clib/microlib/init/entry.s            0x00000000   Number         0  entry8b.o ABSOLUTE
    ../clib/microlib/init/entry.s            0x00000000   Number         0  entry9a.o ABSOLUTE
    ../clib/microlib/init/entry.s            0x00000000   Number         0  entry9b.o ABSOLUTE
    ../clib/microlib/init/entry.s            0x00000000   Number         0  entry10a.o ABSOLUTE
    ../clib/microlib/init/entry.s            0x00000000   Number         0  entry10b.o ABSOLUTE
    ../clib/microlib/init/entry.s            0x00000000   Number         0  entry11a.o ABSOLUTE
    ../clib/microlib/init/entry.s            0x00000000   Number         0  entry11b.o ABSOLUTE
    ../clib/microlib/stdlib/rand.c           0x00000000   Number         0  rand.o ABSOLUTE
    Adc.c                                    0x00000000   Number         0  adc.o ABSOLUTE
    Can.c                                    0x00000000   Number         0  can.o ABSOLUTE
    Com.c                                    0x00000000   Number         0  com.o ABSOLUTE
    ComM.c                                   0x00000000   Number         0  comm.o ABSOLUTE
    EngineSpeedSWC.c                         0x00000000   Number         0  enginespeedswc.o ABSOLUTE
    IOHwAbCan.c                              0x00000000   Number         0  iohwabcan.o ABSOLUTE
    IOHwAbSpeedSensor.c                      0x00000000   Number         0  iohwabspeedsensor.o ABSOLUTE
    IOHwAbTemperatureSensor.c                0x00000000   Number         0  iohwabtemperaturesensor.o ABSOLUTE
    OsCfg.c                                  0x00000000   Number         0  oscfg.o ABSOLUTE
    PduR.c                                   0x00000000   Number         0  pdur.o ABSOLUTE
    RTE.c                                    0x00000000   Number         0  rte.o ABSOLUTE
    Rte_AppComTX.c                           0x00000000   Number         0  rte_appcomtx.o ABSOLUTE
    Rte_AppReadSensor.c                      0x00000000   Number         0  rte_appreadsensor.o ABSOLUTE
    TemperatureSensorSWC.c                   0x00000000   Number         0  temperaturesensorswc.o ABSOLUTE
    counter.c                                0x00000000   Number         0  counter.o ABSOLUTE
    dc.s                                     0x00000000   Number         0  dc.o ABSOLUTE
    handlers.s                               0x00000000   Number         0  handlers.o ABSOLUTE
    hook.c                                   0x00000000   Number         0  hook.o ABSOLUTE
    init.s                                   0x00000000   Number         0  init.o ABSOLUTE
    schedule.c                               0x00000000   Number         0  schedule.o ABSOLUTE
    src\ErrMgr.c                             0x00000000   Number         0  errmgr.o ABSOLUTE
    src\RcbProcessor.c                       0x00000000   Number         0  rcbprocessor.o ABSOLUTE
    src\SVCContext.c                         0x00000000   Number         0  svccontext.o ABSOLUTE
    src\TcbProcessor.c                       0x00000000   Number         0  tcbprocessor.o ABSOLUTE
    src\alarm.c                              0x00000000   Number         0  alarm.o ABSOLUTE
    src\event.c                              0x00000000   Number         0  event.o ABSOLUTE
    src\portable\Keil\port.s                 0x00000000   Number         0  port.o ABSOLUTE
    src\portable\Keil\portable.c             0x00000000   Number         0  portable.o ABSOLUTE
    src\task.c                               0x00000000   Number         0  task.o ABSOLUTE
    RESET                                    0x00000000   Section      620  keiluvisoin_startup.o(RESET)
    .ARM.Collect$$$$00000000                 0x0000026c   Section        0  entry.o(.ARM.Collect$$$$00000000)
    .ARM.Collect$$$$00000001                 0x0000026c   Section        4  entry2.o(.ARM.Collect$$$$00000001)
    .ARM.Collect$$$$00000004                 0x00000270   Section        4  entry5.o(.ARM.Collect$$$$00000004)
    .ARM.Collect$$$$00000008                 0x00000274   Section        0  entry7b.o(.ARM.Collect$$$$00000008)
    .ARM.Collect$$$$0000000A                 0x00000274   Section        0  entry8b.o(.ARM.Collect$$$$0000000A)
    .ARM.Collect$$$$0000000B                 0x00000274   Section        8  entry9a.o(.ARM.Collect$$$$0000000B)
    __lit__00000000                          0x0000027c   Data           4  entry2.o(.ARM.Collect$$$$00002712)
    .ARM.Collect$$$$0000000D                 0x0000027c   Section        0  entry10a.o(.ARM.Collect$$$$0000000D)
    .ARM.Collect$$$$0000000F                 0x0000027c   Section        0  entry11a.o(.ARM.Collect$$$$0000000F)
    .ARM.Collect$$$$00002712                 0x0000027c   Section        4  entry2.o(.ARM.Collect$$$$00002712)
    $v0                                      0x00000280   Number         0  keiluvisoin_startup.o(.text)
    .text                                    0x00000280   Section      252  keiluvisoin_startup.o(.text)
    [Anonymous Symbol]                       0x0000037c   Section        0  counter.o(.text)
    [Anonymous Symbol]                       0x000003f8   Section        0  hook.o(.text)
    [Anonymous Symbol]                       0x0000040c   Section        0  schedule.o(.text)
    [Anonymous Symbol]                       0x00000460   Section        0  enginespeedswc.o(.text)
    [Anonymous Symbol]                       0x00000484   Section        0  temperaturesensorswc.o(.text)
    [Anonymous Symbol]                       0x000004b0   Section        0  iohwabspeedsensor.o(.text)
    [Anonymous Symbol]                       0x000004c0   Section        0  iohwabtemperaturesensor.o(.text)
    [Anonymous Symbol]                       0x000004d0   Section        0  iohwabcan.o(.text)
    [Anonymous Symbol]                       0x00000514   Section        0  adc.o(.text)
    [Anonymous Symbol]                       0x00000538   Section        0  can.o(.text)
    [Anonymous Symbol]                       0x0000056c   Section        0  rte.o(.text)
    [Anonymous Symbol]                       0x000005b0   Section        0  rte_appcomtx.o(.text)
    [Anonymous Symbol]                       0x00000600   Section        0  rte_appreadsensor.o(.text)
    [Anonymous Symbol]                       0x00000650   Section        0  com.o(.text)
    [Anonymous Symbol]                       0x0000067c   Section        0  pdur.o(.text)
    .text                                    0x000006a4   Section        0  alarm.o(.text)
    OsAlrm_AssignAlarmEntry                  0x00000741   Thumb Code    38  alarm.o(.text)
    OsAlrm_ValidateStartValue                0x00000767   Thumb Code    44  alarm.o(.text)
    OsAlrm_ValidateCycle                     0x00000793   Thumb Code    46  alarm.o(.text)
    OsAlrm_AlarmActionExecute                0x00000893   Thumb Code   200  alarm.o(.text)
    OsAlrm_AlarmFireProcessor                0x0000095b   Thumb Code    82  alarm.o(.text)
    SystemAlarmsProcessor                    0x000009ad   Thumb Code    74  alarm.o(.text)
    OsAlrm_ValidateID                        0x00000a23   Thumb Code    16  alarm.o(.text)
    OsAlrm_GetFirePoint                      0x00000a33   Thumb Code    14  alarm.o(.text)
    OsAlrm_AlarmIsEnabled                    0x00000a41   Thumb Code    16  alarm.o(.text)
    OsAlrm_DisableAlarm                      0x00000a51   Thumb Code    16  alarm.o(.text)
    OsAlrm_GetAlrmTaskID                     0x00000a61   Thumb Code    16  alarm.o(.text)
    .text                                    0x00000a84   Section        0  event.o(.text)
    .text                                    0x00000aec   Section        0  task.o(.text)
    .text                                    0x00000c58   Section       90  port.o(.text)
    .text                                    0x00000cb4   Section        0  errmgr.o(.text)
    .text                                    0x00000d10   Section        0  rcbprocessor.o(.text)
    .text                                    0x00000e2c   Section        0  svccontext.o(.text)
    OsTcb_SetInitialStack                    0x00000e85   Thumb Code   252  tcbprocessor.o(.text)
    .text                                    0x00000e84   Section        0  tcbprocessor.o(.text)
    OsTcb_StackPointersInit                  0x00000f81   Thumb Code   110  tcbprocessor.o(.text)
    OsTcb_SetTaskState                       0x0000101f   Thumb Code    20  tcbprocessor.o(.text)
    OsTcb_ResetTaskEvent                     0x00001049   Thumb Code    26  tcbprocessor.o(.text)
    OsTcb_ResetTCB                           0x000010df   Thumb Code    66  tcbprocessor.o(.text)
    OsTcb_CheckEventTrigger                  0x00001345   Thumb Code    42  tcbprocessor.o(.text)
    OsTcb_SetTaskEvent                       0x0000136f   Thumb Code    30  tcbprocessor.o(.text)
    OsTcb_StackCanarInit                     0x00001745   Thumb Code   114  tcbprocessor.o(.text)
    OsTcb_IdleTaskInit                       0x000017b7   Thumb Code   144  tcbprocessor.o(.text)
    OsTcb_GetTaskPriority                    0x00001847   Thumb Code    16  tcbprocessor.o(.text)
    OsTcb_TaskModelIsBasic                   0x00001857   Thumb Code    24  tcbprocessor.o(.text)
    OsTcb_TaskIDValid                        0x0000186f   Thumb Code    18  tcbprocessor.o(.text)
    OsTcb_SetCurrentTCBRef                   0x00001881   Thumb Code    16  tcbprocessor.o(.text)
    .text                                    0x000018c0   Section        0  portable.o(.text)
    .text                                    0x00001958   Section        0  rand.o(.text)
    .text                                    0x0000197c   Section       36  init.o(.text)
    i.__scatterload_copy                     0x000019a0   Section       14  handlers.o(i.__scatterload_copy)
    i.__scatterload_null                     0x000019ae   Section        2  handlers.o(i.__scatterload_null)
    i.__scatterload_zeroinit                 0x000019b0   Section       14  handlers.o(i.__scatterload_zeroinit)
    OsErrMgr_DetectedService                 0x20000000   Data           1  errmgr.o(.data)
    .data                                    0x20000000   Section       12  errmgr.o(.data)
    OsErrMgr_DetectedTaskID                  0x20000001   Data           1  errmgr.o(.data)
    OsErrMgr_DetectedEventID                 0x20000002   Data           1  errmgr.o(.data)
    OSErrMgr_DetectedResID                   0x20000003   Data           1  errmgr.o(.data)
    OsErrMgr_OverflowContext                 0x20000004   Data           8  errmgr.o(.data)
    SVCCnxt_TskMgrCnxt                       0x2000000c   Data           1  svccontext.o(.data)
    .data                                    0x2000000c   Section        3  svccontext.o(.data)
    SVCCnxt_EventMgrCnxt                     0x2000000d   Data           2  svccontext.o(.data)
    .data                                    0x20000010   Section        6  tcbprocessor.o(.data)
    TcbProcessor_RunningTaskID               0x20000014   Data           1  tcbprocessor.o(.data)
    TaskHookIsSilent                         0x20000015   Data           1  tcbprocessor.o(.data)
    _rand_state                              0x20000018   Data           4  rand.o(.data)
    .data                                    0x20000018   Section        4  rand.o(.data)
    OsCnt_SystemCounter                      0x2000026c   Data           4  counter.o(.bss.OsCnt_SystemCounter)
    [Anonymous Symbol]                       0x2000026c   Section        0  counter.o(.bss.OsCnt_SystemCounter)
    STACK                                    0x20000290   Section      512  keiluvisoin_startup.o(STACK)

    Global Symbols

    Symbol Name                              Value     Ov Type        Size  Object(Section)

    BuildAttributes$$THM_ISAv4$E$P$D$K$B$S$7EM$VFPi3$EXTD16$VFPS$VFMA$PE$A:L22UL41UL21$X:L11$S22US41US21$IEEE1$IW$~IW$USESV6$~STKCKD$USESV7$~SHL$OTIME$EBA8$MICROLIB$REQ8$PRES8$EABIv2 0x00000000   Number         0  anon$$obj.o ABSOLUTE
    __Vectors                                0x00000000   Data           4  keiluvisoin_startup.o(RESET)
    __cpp_initialize__aeabi_                  - Undefined Weak Reference
    __cxa_finalize                            - Undefined Weak Reference
    __decompress                              - Undefined Weak Reference
    _clock_init                               - Undefined Weak Reference
    _microlib_exit                            - Undefined Weak Reference
    __Vectors_End                            0x0000026c   Data           0  keiluvisoin_startup.o(RESET)
    __Vectors_Size                           0x0000026c   Number         0  keiluvisoin_startup.o ABSOLUTE
    __main                                   0x0000026d   Thumb Code     0  entry.o(.ARM.Collect$$$$00000000)
    _main_stk                                0x0000026d   Thumb Code     0  entry2.o(.ARM.Collect$$$$00000001)
    _main_scatterload                        0x00000271   Thumb Code     0  entry5.o(.ARM.Collect$$$$00000004)
    __main_after_scatterload                 0x00000275   Thumb Code     0  entry5.o(.ARM.Collect$$$$00000004)
    _main_clock                              0x00000275   Thumb Code     0  entry7b.o(.ARM.Collect$$$$00000008)
    _main_cpp_init                           0x00000275   Thumb Code     0  entry8b.o(.ARM.Collect$$$$0000000A)
    _main_init                               0x00000275   Thumb Code     0  entry9a.o(.ARM.Collect$$$$0000000B)
    __rt_final_cpp                           0x0000027d   Thumb Code     0  entry10a.o(.ARM.Collect$$$$0000000D)
    __rt_final_exit                          0x0000027d   Thumb Code     0  entry11a.o(.ARM.Collect$$$$0000000F)
    Reset_Handler                            0x00000281   Thumb Code     8  keiluvisoin_startup.o(.text)
    NMI_Handler                              0x00000289   Thumb Code     2  keiluvisoin_startup.o(.text)
    HardFault_Handler                        0x0000028b   Thumb Code     2  keiluvisoin_startup.o(.text)
    MemManage_Handler                        0x0000028d   Thumb Code     2  keiluvisoin_startup.o(.text)
    BusFault_Handler                         0x0000028f   Thumb Code     2  keiluvisoin_startup.o(.text)
    UsageFault_Handler                       0x00000291   Thumb Code     2  keiluvisoin_startup.o(.text)
    SVC_Handler                              0x00000293   Thumb Code     2  keiluvisoin_startup.o(.text)
    DebugMon_Handler                         0x00000295   Thumb Code     2  keiluvisoin_startup.o(.text)
    PendSV_Handler                           0x00000297   Thumb Code     2  keiluvisoin_startup.o(.text)
    SysTick_Handler                          0x00000299   Thumb Code     2  keiluvisoin_startup.o(.text)
    GPIOA_Handler                            0x0000029b   Thumb Code     2  keiluvisoin_startup.o(.text)
    GPIOB_Handler                            0x0000029d   Thumb Code     2  keiluvisoin_startup.o(.text)
    GPIOC_Handler                            0x0000029f   Thumb Code     2  keiluvisoin_startup.o(.text)
    GPIOD_Handler                            0x000002a1   Thumb Code     2  keiluvisoin_startup.o(.text)
    GPIOE_Handler                            0x000002a3   Thumb Code     2  keiluvisoin_startup.o(.text)
    UART0_Handler                            0x000002a5   Thumb Code     2  keiluvisoin_startup.o(.text)
    UART1_Handler                            0x000002a7   Thumb Code     2  keiluvisoin_startup.o(.text)
    SSI0_Handler                             0x000002a9   Thumb Code     2  keiluvisoin_startup.o(.text)
    I2C0_Handler                             0x000002ab   Thumb Code     2  keiluvisoin_startup.o(.text)
    PMW0_FAULT_Handler                       0x000002ad   Thumb Code     2  keiluvisoin_startup.o(.text)
    PWM0_0_Handler                           0x000002af   Thumb Code     2  keiluvisoin_startup.o(.text)
    PWM0_1_Handler                           0x000002b1   Thumb Code     2  keiluvisoin_startup.o(.text)
    PWM0_2_Handler                           0x000002b3   Thumb Code     2  keiluvisoin_startup.o(.text)
    QEI0_Handler                             0x000002b5   Thumb Code     2  keiluvisoin_startup.o(.text)
    ADC0SS0_Handler                          0x000002b7   Thumb Code     2  keiluvisoin_startup.o(.text)
    ADC0SS1_Handler                          0x000002b9   Thumb Code     2  keiluvisoin_startup.o(.text)
    ADC0SS2_Handler                          0x000002bb   Thumb Code     2  keiluvisoin_startup.o(.text)
    ADC0SS3_Handler                          0x000002bd   Thumb Code     2  keiluvisoin_startup.o(.text)
    WDT0_Handler                             0x000002bf   Thumb Code     2  keiluvisoin_startup.o(.text)
    TIMER0A_Handler                          0x000002c1   Thumb Code     2  keiluvisoin_startup.o(.text)
    TIMER0B_Handler                          0x000002c3   Thumb Code     2  keiluvisoin_startup.o(.text)
    TIMER1A_Handler                          0x000002c5   Thumb Code     2  keiluvisoin_startup.o(.text)
    TIMER1B_Handler                          0x000002c7   Thumb Code     2  keiluvisoin_startup.o(.text)
    TIMER2A_Handler                          0x000002c9   Thumb Code     2  keiluvisoin_startup.o(.text)
    TIMER2B_Handler                          0x000002cb   Thumb Code     2  keiluvisoin_startup.o(.text)
    COMP0_Handler                            0x000002cd   Thumb Code     2  keiluvisoin_startup.o(.text)
    COMP1_Handler                            0x000002cf   Thumb Code     2  keiluvisoin_startup.o(.text)
    COMP2_Handler                            0x000002d1   Thumb Code     2  keiluvisoin_startup.o(.text)
    SYSCTL_Handler                           0x000002d3   Thumb Code     2  keiluvisoin_startup.o(.text)
    FLASH_Handler                            0x000002d5   Thumb Code     2  keiluvisoin_startup.o(.text)
    GPIOF_Handler                            0x000002d7   Thumb Code     2  keiluvisoin_startup.o(.text)
    GPIOG_Handler                            0x000002d9   Thumb Code     2  keiluvisoin_startup.o(.text)
    GPIOH_Handler                            0x000002db   Thumb Code     2  keiluvisoin_startup.o(.text)
    UART2_Handler                            0x000002dd   Thumb Code     2  keiluvisoin_startup.o(.text)
    SSI1_Handler                             0x000002df   Thumb Code     2  keiluvisoin_startup.o(.text)
    TIMER3A_Handler                          0x000002e1   Thumb Code     2  keiluvisoin_startup.o(.text)
    TIMER3B_Handler                          0x000002e3   Thumb Code     2  keiluvisoin_startup.o(.text)
    I2C1_Handler                             0x000002e5   Thumb Code     2  keiluvisoin_startup.o(.text)
    QEI1_Handler                             0x000002e7   Thumb Code     2  keiluvisoin_startup.o(.text)
    CAN0_Handler                             0x000002e9   Thumb Code     2  keiluvisoin_startup.o(.text)
    CAN1_Handler                             0x000002eb   Thumb Code     2  keiluvisoin_startup.o(.text)
    CAN2_Handler                             0x000002ed   Thumb Code     2  keiluvisoin_startup.o(.text)
    HIB_Handler                              0x000002ef   Thumb Code     2  keiluvisoin_startup.o(.text)
    USB0_Handler                             0x000002f1   Thumb Code     2  keiluvisoin_startup.o(.text)
    PWM0_3_Handler                           0x000002f3   Thumb Code     2  keiluvisoin_startup.o(.text)
    UDMA_Handler                             0x000002f5   Thumb Code     2  keiluvisoin_startup.o(.text)
    UDMAERR_Handler                          0x000002f7   Thumb Code     2  keiluvisoin_startup.o(.text)
    ADC1SS0_Handler                          0x000002f9   Thumb Code     2  keiluvisoin_startup.o(.text)
    ADC1SS1_Handler                          0x000002fb   Thumb Code     2  keiluvisoin_startup.o(.text)
    ADC1SS2_Handler                          0x000002fd   Thumb Code     2  keiluvisoin_startup.o(.text)
    ADC1SS3_Handler                          0x000002ff   Thumb Code     2  keiluvisoin_startup.o(.text)
    GPIOJ_Handler                            0x00000301   Thumb Code     2  keiluvisoin_startup.o(.text)
    GPIOK_Handler                            0x00000303   Thumb Code     2  keiluvisoin_startup.o(.text)
    GPIOL_Handler                            0x00000305   Thumb Code     2  keiluvisoin_startup.o(.text)
    SSI2_Handler                             0x00000307   Thumb Code     2  keiluvisoin_startup.o(.text)
    SSI3_Handler                             0x00000309   Thumb Code     2  keiluvisoin_startup.o(.text)
    UART3_Handler                            0x0000030b   Thumb Code     2  keiluvisoin_startup.o(.text)
    UART4_Handler                            0x0000030d   Thumb Code     2  keiluvisoin_startup.o(.text)
    UART5_Handler                            0x0000030f   Thumb Code     2  keiluvisoin_startup.o(.text)
    UART6_Handler                            0x00000311   Thumb Code     2  keiluvisoin_startup.o(.text)
    UART7_Handler                            0x00000313   Thumb Code     2  keiluvisoin_startup.o(.text)
    I2C2_Handler                             0x00000315   Thumb Code     2  keiluvisoin_startup.o(.text)
    I2C3_Handler                             0x00000317   Thumb Code     2  keiluvisoin_startup.o(.text)
    TIMER4A_Handler                          0x00000319   Thumb Code     2  keiluvisoin_startup.o(.text)
    TIMER4B_Handler                          0x0000031b   Thumb Code     2  keiluvisoin_startup.o(.text)
    TIMER5A_Handler                          0x0000031d   Thumb Code     2  keiluvisoin_startup.o(.text)
    TIMER5B_Handler                          0x0000031f   Thumb Code     2  keiluvisoin_startup.o(.text)
    WTIMER0A_Handler                         0x00000321   Thumb Code     2  keiluvisoin_startup.o(.text)
    WTIMER0B_Handler                         0x00000323   Thumb Code     2  keiluvisoin_startup.o(.text)
    WTIMER1A_Handler                         0x00000325   Thumb Code     2  keiluvisoin_startup.o(.text)
    WTIMER1B_Handler                         0x00000327   Thumb Code     2  keiluvisoin_startup.o(.text)
    WTIMER2A_Handler                         0x00000329   Thumb Code     2  keiluvisoin_startup.o(.text)
    WTIMER2B_Handler                         0x0000032b   Thumb Code     2  keiluvisoin_startup.o(.text)
    WTIMER3A_Handler                         0x0000032d   Thumb Code     2  keiluvisoin_startup.o(.text)
    WTIMER3B_Handler                         0x0000032f   Thumb Code     2  keiluvisoin_startup.o(.text)
    WTIMER4A_Handler                         0x00000331   Thumb Code     2  keiluvisoin_startup.o(.text)
    WTIMER4B_Handler                         0x00000333   Thumb Code     2  keiluvisoin_startup.o(.text)
    WTIMER5A_Handler                         0x00000335   Thumb Code     2  keiluvisoin_startup.o(.text)
    WTIMER5B_Handler                         0x00000337   Thumb Code     2  keiluvisoin_startup.o(.text)
    FPU_Handler                              0x00000339   Thumb Code     2  keiluvisoin_startup.o(.text)
    I2C4_Handler                             0x0000033b   Thumb Code     2  keiluvisoin_startup.o(.text)
    I2C5_Handler                             0x0000033d   Thumb Code     2  keiluvisoin_startup.o(.text)
    GPIOM_Handler                            0x0000033f   Thumb Code     2  keiluvisoin_startup.o(.text)
    GPION_Handler                            0x00000341   Thumb Code     2  keiluvisoin_startup.o(.text)
    QEI2_Handler                             0x00000343   Thumb Code     2  keiluvisoin_startup.o(.text)
    GPIOP0_Handler                           0x00000345   Thumb Code     2  keiluvisoin_startup.o(.text)
    GPIOP1_Handler                           0x00000347   Thumb Code     2  keiluvisoin_startup.o(.text)
    GPIOP2_Handler                           0x00000349   Thumb Code     2  keiluvisoin_startup.o(.text)
    GPIOP3_Handler                           0x0000034b   Thumb Code     2  keiluvisoin_startup.o(.text)
    GPIOP4_Handler                           0x0000034d   Thumb Code     2  keiluvisoin_startup.o(.text)
    GPIOP5_Handler                           0x0000034f   Thumb Code     2  keiluvisoin_startup.o(.text)
    GPIOP6_Handler                           0x00000351   Thumb Code     2  keiluvisoin_startup.o(.text)
    GPIOP7_Handler                           0x00000353   Thumb Code     2  keiluvisoin_startup.o(.text)
    GPIOQ0_Handler                           0x00000355   Thumb Code     2  keiluvisoin_startup.o(.text)
    GPIOQ1_Handler                           0x00000357   Thumb Code     2  keiluvisoin_startup.o(.text)
    GPIOQ2_Handler                           0x00000359   Thumb Code     2  keiluvisoin_startup.o(.text)
    GPIOQ3_Handler                           0x0000035b   Thumb Code     2  keiluvisoin_startup.o(.text)
    GPIOQ4_Handler                           0x0000035d   Thumb Code     2  keiluvisoin_startup.o(.text)
    GPIOQ5_Handler                           0x0000035f   Thumb Code     2  keiluvisoin_startup.o(.text)
    GPIOQ6_Handler                           0x00000361   Thumb Code     2  keiluvisoin_startup.o(.text)
    GPIOQ7_Handler                           0x00000363   Thumb Code     2  keiluvisoin_startup.o(.text)
    GPIOR_Handler                            0x00000365   Thumb Code     2  keiluvisoin_startup.o(.text)
    GPIOS_Handler                            0x00000367   Thumb Code     2  keiluvisoin_startup.o(.text)
    PMW1_0_Handler                           0x00000369   Thumb Code     2  keiluvisoin_startup.o(.text)
    PWM1_1_Handler                           0x0000036b   Thumb Code     2  keiluvisoin_startup.o(.text)
    PWM1_2_Handler                           0x0000036d   Thumb Code     2  keiluvisoin_startup.o(.text)
    PWM1_3_Handler                           0x0000036f   Thumb Code     2  keiluvisoin_startup.o(.text)
    PWM1_FAULT_Handler                       0x00000371   Thumb Code     2  keiluvisoin_startup.o(.text)
    SysTick_Init                             0x0000037d   Thumb Code    78  counter.o(.text)
    OsCnt_IncrSystemCounter                  0x000003cd   Thumb Code    30  counter.o(.text)
    OsCnt_GetSystemCounter                   0x000003ed   Thumb Code    12  counter.o(.text)
    ErrorHook                                0x000003f9   Thumb Code     2  hook.o(.text)
    StartupHook                              0x000003fd   Thumb Code     2  hook.o(.text)
    PreTaskHook                              0x00000401   Thumb Code     2  hook.o(.text)
    PostTaskHook                             0x00000405   Thumb Code     2  hook.o(.text)
    StackOverFlowHook                        0x00000409   Thumb Code     2  hook.o(.text)
    SystemInit                               0x0000040d   Thumb Code     2  schedule.o(.text)
    main                                     0x00000411   Thumb Code     6  schedule.o(.text)
    OsTask_DataHandle_Task                   0x00000419   Thumb Code    34  schedule.o(.text)
    OsTask_ReadSensor_Task                   0x0000043d   Thumb Code    36  schedule.o(.text)
    ReadSpeed_Runable                        0x00000461   Thumb Code    36  enginespeedswc.o(.text)
    ReadTemperature_Runable                  0x00000485   Thumb Code    42  temperaturesensorswc.o(.text)
    ReadPulse_Runable                        0x000004b1   Thumb Code    14  iohwabspeedsensor.o(.text)
    ReadVoltage_Runable                      0x000004c1   Thumb Code    14  iohwabtemperaturesensor.o(.text)
    CanIf_Transmit                           0x000004d1   Thumb Code    66  iohwabcan.o(.text)
    Adc_ReadChannel                          0x00000515   Thumb Code    34  adc.o(.text)
    Can_Write                                0x00000539   Thumb Code    50  can.o(.text)
    Rte_EV_ReadSensor                        0x0000056d   Thumb Code    12  rte.o(.text)
    Rte_EV_DataHandle                        0x00000579   Thumb Code    56  rte.o(.text)
    Rte_Write_PP_Speed_SpeedValue            0x000005b1   Thumb Code    16  rte_appcomtx.o(.text)
    Rte_Read_RP_Speed_SpeedValue             0x000005c1   Thumb Code    24  rte_appcomtx.o(.text)
    Rte_Write_PP_Temperature_TempValue       0x000005d9   Thumb Code    16  rte_appcomtx.o(.text)
    Rte_Read_RP_Temperature_TempValue        0x000005e9   Thumb Code    24  rte_appcomtx.o(.text)
    Rte_Read_RP_Pulse_EngineSpeedValue       0x00000601   Thumb Code    24  rte_appreadsensor.o(.text)
    Rte_Write_PP_Pulse_EngineSpeedValue      0x00000619   Thumb Code    16  rte_appreadsensor.o(.text)
    Rte_Write_PP_Voltage_TemperatureValue    0x00000629   Thumb Code    16  rte_appreadsensor.o(.text)
    Rte_Read_RP_Voltage_TemperatureValue     0x00000639   Thumb Code    24  rte_appreadsensor.o(.text)
    Com_SendSignal                           0x00000651   Thumb Code    40  com.o(.text)
    Com_TxConfirmation                       0x00000679   Thumb Code     2  com.o(.text)
    PduR_ComTransmit                         0x0000067d   Thumb Code    30  pdur.o(.text)
    PduR_LoIfTxConfirmation                  0x0000069d   Thumb Code     8  pdur.o(.text)
    DeclareAlarm                             0x000006a5   Thumb Code     2  alarm.o(.text)
    GetAlarmBase                             0x000006a7   Thumb Code    74  alarm.o(.text)
    GetAlarm                                 0x000006f1   Thumb Code    80  alarm.o(.text)
    SetAbsAlarm                              0x000007c1   Thumb Code    76  alarm.o(.text)
    SetRelAlarm                              0x0000080d   Thumb Code    94  alarm.o(.text)
    CancelAlarm                              0x0000086b   Thumb Code    40  alarm.o(.text)
    SystemTimerHandler                       0x000009f7   Thumb Code    44  alarm.o(.text)
    SetEvent                                 0x00000a85   Thumb Code    34  event.o(.text)
    ClearEvent                               0x00000aa7   Thumb Code    26  event.o(.text)
    GetEvent                                 0x00000ac1   Thumb Code    16  event.o(.text)
    WaitEvent                                0x00000ad1   Thumb Code    26  event.o(.text)
    StartOS                                  0x00000aed   Thumb Code    48  task.o(.text)
    ActivateTask                             0x00000b1d   Thumb Code    30  task.o(.text)
    TerminateTask                            0x00000b3b   Thumb Code    22  task.o(.text)
    ChainTask                                0x00000b51   Thumb Code    30  task.o(.text)
    Schedule                                 0x00000b6f   Thumb Code    22  task.o(.text)
    GetTaskID                                0x00000b85   Thumb Code    16  task.o(.text)
    GetTaskState                             0x00000b95   Thumb Code    16  task.o(.text)
    SVC_Dispatcher                           0x00000ba5   Thumb Code   160  task.o(.text)
    OsTask_IdleMechanism                     0x00000c45   Thumb Code     4  task.o(.text)
    OsPort_JumpToApp                         0x00000c59   Thumb Code     0  port.o(.text)
    OsPort_PendSVHandler                     0x00000c7b   Thumb Code     0  port.o(.text)
    OsPort_PushUpperContext                  0x00000c8d   Thumb Code     0  port.o(.text)
    OsPort_PopUpperContext                   0x00000c9b   Thumb Code     0  port.o(.text)
    OsPort_ReturnWithAutopop                 0x00000ca9   Thumb Code     0  port.o(.text)
    OsErrMgr_SetServiceID                    0x00000cb5   Thumb Code     6  errmgr.o(.text)
    OsErrMgr_GetServiceID                    0x00000cbb   Thumb Code     6  errmgr.o(.text)
    OsErrMgr_StoreTaskID                     0x00000cc1   Thumb Code     6  errmgr.o(.text)
    OsErrMgr_GetTaskID                       0x00000cc7   Thumb Code     6  errmgr.o(.text)
    OsErrMgr_StoreEventID                    0x00000ccd   Thumb Code     6  errmgr.o(.text)
    OsErrMgr_GetEventID                      0x00000cd3   Thumb Code     6  errmgr.o(.text)
    OsErrMgr_StoreResID                      0x00000cd9   Thumb Code     6  errmgr.o(.text)
    OsErrMgr_GetResID                        0x00000cdf   Thumb Code     6  errmgr.o(.text)
    OsErrMgr_SetOverFlowContext              0x00000ce5   Thumb Code     8  errmgr.o(.text)
    OsErrMgr_GetOverFlowContext              0x00000ced   Thumb Code    14  errmgr.o(.text)
    OsRes_GetResourceProcessor               0x00000d11   Thumb Code   136  rcbprocessor.o(.text)
    OsRcb_ReleaseResourceProcessor           0x00000d99   Thumb Code   128  rcbprocessor.o(.text)
    SVCCnxt_SetErrCode                       0x00000e2d   Thumb Code     6  svccontext.o(.text)
    SVCCnxt_GetErrCode                       0x00000e33   Thumb Code     8  svccontext.o(.text)
    SVCCnxt_TskMgrSetTskID                   0x00000e3b   Thumb Code     6  svccontext.o(.text)
    SVCCnxt_TskMgrGetTskID                   0x00000e41   Thumb Code     8  svccontext.o(.text)
    SVCCnxt_EventMgrSetTskID                 0x00000e49   Thumb Code     6  svccontext.o(.text)
    SVCCnxt_EventMgrGetTskID                 0x00000e4f   Thumb Code     8  svccontext.o(.text)
    SVCCnxt_EventMgrSetEventMsk              0x00000e57   Thumb Code     6  svccontext.o(.text)
    SVCCnxt_EventMgrGetEventMsk              0x00000e5d   Thumb Code     8  svccontext.o(.text)
    SVCCnxt_ResMgrSetResID                   0x00000e65   Thumb Code     6  svccontext.o(.text)
    SVCCnxt_ResMgrGetResID                   0x00000e6b   Thumb Code     8  svccontext.o(.text)
    OsTcb_TasksInit                          0x00000fef   Thumb Code    48  tcbprocessor.o(.text)
    OsTcb_GetTaskState                       0x00001033   Thumb Code    16  tcbprocessor.o(.text)
    OsTcb_GetTaskIDProcessor                 0x00001043   Thumb Code     6  tcbprocessor.o(.text)
    OsTcb_ActivateTaskTCBProcesor            0x00001063   Thumb Code   124  tcbprocessor.o(.text)
    OsTcb_GetResOccupied                     0x00001121   Thumb Code    16  tcbprocessor.o(.text)
    OsTcb_ChainTaskTCBProcessor              0x00001131   Thumb Code   178  tcbprocessor.o(.text)
    OsTcb_SetScheduleReq                     0x000011e3   Thumb Code    18  tcbprocessor.o(.text)
    OsTcb_TerminateTaskTCBProcessor          0x000011f5   Thumb Code    82  tcbprocessor.o(.text)
    OsTcb_JumpToNextTCB                      0x00001247   Thumb Code   254  tcbprocessor.o(.text)
    OsTcb_SetEventProcessor                  0x0000138d   Thumb Code   152  tcbprocessor.o(.text)
    OsTcb_ClearEventProcessor                0x00001425   Thumb Code   128  tcbprocessor.o(.text)
    OsTcb_GetEventProcessor                  0x000014a5   Thumb Code    92  tcbprocessor.o(.text)
    OsTcb_WaitEventProcessor                 0x00001501   Thumb Code   154  tcbprocessor.o(.text)
    OsTcb_GetTaskStateProcessor              0x0000159b   Thumb Code    60  tcbprocessor.o(.text)
    OsTcb_TaskAlrmExpiredProcessor           0x000015d7   Thumb Code    32  tcbprocessor.o(.text)
    OsTcb_EventAlrmExpiredProcessor          0x000015f7   Thumb Code    32  tcbprocessor.o(.text)
    OsTcb_SetTaskPri                         0x00001617   Thumb Code    18  tcbprocessor.o(.text)
    OsTcb_GetTaskPriorityEx                  0x00001629   Thumb Code    12  tcbprocessor.o(.text)
    OsTcb_SetResOccupied                     0x00001635   Thumb Code    14  tcbprocessor.o(.text)
    OsTcb_GetCurrentTCBRef                   0x00001643   Thumb Code     8  tcbprocessor.o(.text)
    OsTcb_GetTcbSP                           0x0000164b   Thumb Code    14  tcbprocessor.o(.text)
    OsTcb_UpdateTCBSP                        0x00001659   Thumb Code    36  tcbprocessor.o(.text)
    OsTcb_UpdatePSP                          0x0000167d   Thumb Code    56  tcbprocessor.o(.text)
    OsTcb_SilenceHook                        0x000016b5   Thumb Code     8  tcbprocessor.o(.text)
    OsTcb_ScheduleProcessor                  0x000016bd   Thumb Code    92  tcbprocessor.o(.text)
    OsTcb_ThreadStackOverFlow                0x00001719   Thumb Code    44  tcbprocessor.o(.text)
    OsPort_SetInitialStack                   0x000018c1   Thumb Code    90  portable.o(.text)
    OsPort_GetSVCNumber                      0x0000191b   Thumb Code    14  portable.o(.text)
    OsPort_GetPSP                            0x00001929   Thumb Code     8  portable.o(.text)
    OsPort_SetPSP                            0x00001931   Thumb Code     6  portable.o(.text)
    OsPort_SetThreadMode                     0x00001937   Thumb Code    14  portable.o(.text)
    OsPort_CoreInit                          0x00001945   Thumb Code    14  portable.o(.text)
    rand                                     0x00001959   Thumb Code    20  rand.o(.text)
    srand                                    0x0000196d   Thumb Code     6  rand.o(.text)
    __scatterload                            0x0000197d   Thumb Code    28  init.o(.text)
    __scatterload_rt2                        0x0000197d   Thumb Code     0  init.o(.text)
    __scatterload_copy                       0x000019a1   Thumb Code    14  handlers.o(i.__scatterload_copy)
    __scatterload_null                       0x000019af   Thumb Code     2  handlers.o(i.__scatterload_null)
    __scatterload_zeroinit                   0x000019b1   Thumb Code    14  handlers.o(i.__scatterload_zeroinit)
    OsCfg_ALL_STACK_SIZE                     0x000019be   Data           2  oscfg.o(.rodata.OsCfg_ALL_STACK_SIZE)
    OsCfg_MAX_NUM_OF_ALARMS                  0x000019c0   Data           1  oscfg.o(.rodata.OsCfg_MAX_NUM_OF_ALARMS)
    OsCfg_MAX_NUM_OF_RESOURCES               0x000019c1   Data           1  oscfg.o(.rodata.OsCfg_MAX_NUM_OF_RESOURCES)
    OsCfg_MAX_NUM_OF_TASKS                   0x000019c2   Data           1  oscfg.o(.rodata.OsCfg_MAX_NUM_OF_TASKS)
    OsCfg_ResourceCeilPri                    0x000019c3   Data           1  oscfg.o(.rodata.OsCfg_ResourceCeilPri)
    OsCfg_ResourceTaskAuthorized             0x000019c4   Data           1  oscfg.o(.rodata.OsCfg_ResourceTaskAuthorized)
    OsCfg_SYSTEM_TICK_IN_MS                  0x000019c8   Data           4  oscfg.o(.rodata.OsCfg_SYSTEM_TICK_IN_MS)
    OsCfg_StackSize                          0x000019cc   Data           8  oscfg.o(.rodata.OsCfg_StackSize)
    OsCfg_USE_ERROR_HOOK                     0x000019d4   Data           1  oscfg.o(.rodata.OsCfg_USE_ERROR_HOOK)
    OsCfg_USE_POSTTASK_HOOK                  0x000019d5   Data           1  oscfg.o(.rodata.OsCfg_USE_POSTTASK_HOOK)
    OsCfg_USE_PRETASK_HOOK                   0x000019d6   Data           1  oscfg.o(.rodata.OsCfg_USE_PRETASK_HOOK)
    OsCfg_USE_STACK_OVER_FLOW_HOOK           0x000019d7   Data           1  oscfg.o(.rodata.OsCfg_USE_STACK_OVER_FLOW_HOOK)
    OsCfg_USE_STARTUP_HOOK                   0x000019d8   Data           1  oscfg.o(.rodata.OsCfg_USE_STARTUP_HOOK)
    Region$$Table$$Base                      0x000019dc   Number         0  anon$$obj.o(Region$$Table)
    Region$$Table$$Limit                     0x000019fc   Number         0  anon$$obj.o(Region$$Table)
    Current_TCB_Ref                          0x20000010   Data           4  tcbprocessor.o(.data)
    MainCounter                              0x2000001c   Data          12  oscfg.o(.data.MainCounter)
    OsCfg_Alarms                             0x20000028   Data          24  oscfg.o(.data.OsCfg_Alarms)
    OsCfg_TCBs                               0x20000040   Data          84  oscfg.o(.data.OsCfg_TCBs)
    EngineSpeedValue                         0x20000098   Data           2  rte_appreadsensor.o(.bss.EngineSpeedValue)
    OsCfg_Stack                              0x2000009c   Data         464  oscfg.o(.bss.OsCfg_Stack)
    RCB                                      0x20000270   Data           2  oscfg.o(.bss.RCB)
    SVCCnxt_ErrCodes                         0x20000272   Data           2  oscfg.o(.bss.SVCCnxt_ErrCodes)
    SVCCnxt_ResMgrCnxt                       0x20000274   Data           1  oscfg.o(.bss.SVCCnxt_ResMgrCnxt)
    SpeedValue                               0x20000276   Data           2  rte_appcomtx.o(.bss.SpeedValue)
    SystickCounter                           0x20000278   Data           4  counter.o(.bss.SystickCounter)
    TempValue                                0x2000027c   Data           2  rte_appcomtx.o(.bss.TempValue)
    TemperatureValue                         0x2000027e   Data           2  rte_appreadsensor.o(.bss.TemperatureValue)
    dataFrame                                0x20000280   Data           3  can.o(.bss.dataFrame)
    frameData                                0x20000283   Data           3  rte.o(.bss.frameData)
    toggle_DataHandle_Task                   0x20000288   Data           4  schedule.o(.bss.toggle_DataHandle_Task)
    toggle_ReadSensor_Task                   0x2000028c   Data           4  schedule.o(.bss.toggle_ReadSensor_Task)
    __initial_sp                             0x20000490   Data           0  keiluvisoin_startup.o(STACK)



==============================================================================

Memory Map of the image

  Image Entry point : 0x00000281

  Load Region LR_1 (Base: 0x00000000, Size: 0x00001a90, Max: 0xffffffff, ABSOLUTE)

    Execution Region ER_RO (Exec base: 0x00000000, Load base: 0x00000000, Size: 0x000019fc, Max: 0xffffffff, ABSOLUTE)

    Exec Addr    Load Addr    Size         Type   Attr      Idx    E Section Name        Object

    0x00000000   0x00000000   0x0000026c   Data   RO            3    RESET               keiluvisoin_startup.o
    0x0000026c   0x0000026c   0x00000000   Code   RO          335  * .ARM.Collect$$$$00000000  mc_w.l(entry.o)
    0x0000026c   0x0000026c   0x00000004   Code   RO          341    .ARM.Collect$$$$00000001  mc_w.l(entry2.o)
    0x00000270   0x00000270   0x00000004   Code   RO          344    .ARM.Collect$$$$00000004  mc_w.l(entry5.o)
    0x00000274   0x00000274   0x00000000   Code   RO          346    .ARM.Collect$$$$00000008  mc_w.l(entry7b.o)
    0x00000274   0x00000274   0x00000000   Code   RO          348    .ARM.Collect$$$$0000000A  mc_w.l(entry8b.o)
    0x00000274   0x00000274   0x00000008   Code   RO          349    .ARM.Collect$$$$0000000B  mc_w.l(entry9a.o)
    0x0000027c   0x0000027c   0x00000000   Code   RO          351    .ARM.Collect$$$$0000000D  mc_w.l(entry10a.o)
    0x0000027c   0x0000027c   0x00000000   Code   RO          353    .ARM.Collect$$$$0000000F  mc_w.l(entry11a.o)
    0x0000027c   0x0000027c   0x00000004   Code   RO          342    .ARM.Collect$$$$00002712  mc_w.l(entry2.o)
    0x00000280   0x00000280   0x000000fc   Code   RO            4  * .text               keiluvisoin_startup.o
    0x0000037c   0x0000037c   0x0000007c   Code   RO           10    .text               counter.o
    0x000003f8   0x000003f8   0x00000012   Code   RO           19    .text               hook.o
    0x0000040a   0x0000040a   0x00000002   PAD
    0x0000040c   0x0000040c   0x00000054   Code   RO           54    .text               schedule.o
    0x00000460   0x00000460   0x00000024   Code   RO           65    .text               enginespeedswc.o
    0x00000484   0x00000484   0x0000002a   Code   RO           73    .text               temperaturesensorswc.o
    0x000004ae   0x000004ae   0x00000002   PAD
    0x000004b0   0x000004b0   0x0000000e   Code   RO           81    .text               iohwabspeedsensor.o
    0x000004be   0x000004be   0x00000002   PAD
    0x000004c0   0x000004c0   0x0000000e   Code   RO           88    .text               iohwabtemperaturesensor.o
    0x000004ce   0x000004ce   0x00000002   PAD
    0x000004d0   0x000004d0   0x00000042   Code   RO           95    .text               iohwabcan.o
    0x00000512   0x00000512   0x00000002   PAD
    0x00000514   0x00000514   0x00000022   Code   RO          103    .text               adc.o
    0x00000536   0x00000536   0x00000002   PAD
    0x00000538   0x00000538   0x00000032   Code   RO          111    .text               can.o
    0x0000056a   0x0000056a   0x00000002   PAD
    0x0000056c   0x0000056c   0x00000044   Code   RO          120    .text               rte.o
    0x000005b0   0x000005b0   0x00000050   Code   RO          128    .text               rte_appcomtx.o
    0x00000600   0x00000600   0x00000050   Code   RO          138    .text               rte_appreadsensor.o
    0x00000650   0x00000650   0x0000002a   Code   RO          156    .text               com.o
    0x0000067a   0x0000067a   0x00000002   PAD
    0x0000067c   0x0000067c   0x00000028   Code   RO          164    .text               pdur.o
    0x000006a4   0x000006a4   0x000003e0   Code   RO          172    .text               OsekLib.lib(alarm.o)
    0x00000a84   0x00000a84   0x00000066   Code   RO          217    .text               OsekLib.lib(event.o)
    0x00000aea   0x00000aea   0x00000002   PAD
    0x00000aec   0x00000aec   0x0000016c   Code   RO          235    .text               OsekLib.lib(task.o)
    0x00000c58   0x00000c58   0x0000005a   Code   RO          262    .text               OsekLib.lib(port.o)
    0x00000cb2   0x00000cb2   0x00000002   PAD
    0x00000cb4   0x00000cb4   0x0000005c   Code   RO          265    .text               OsekLib.lib(errmgr.o)
    0x00000d10   0x00000d10   0x0000011c   Code   RO          279    .text               OsekLib.lib(rcbprocessor.o)
    0x00000e2c   0x00000e2c   0x00000058   Code   RO          291    .text               OsekLib.lib(svccontext.o)
    0x00000e84   0x00000e84   0x00000a3c   Code   RO          305    .text               OsekLib.lib(tcbprocessor.o)
    0x000018c0   0x000018c0   0x00000098   Code   RO          320    .text               OsekLib.lib(portable.o)
    0x00001958   0x00001958   0x00000024   Code   RO          338    .text               mc_w.l(rand.o)
    0x0000197c   0x0000197c   0x00000024   Code   RO          355    .text               mc_w.l(init.o)
    0x000019a0   0x000019a0   0x0000000e   Code   RO          359    i.__scatterload_copy  mc_w.l(handlers.o)
    0x000019ae   0x000019ae   0x00000002   Code   RO          360    i.__scatterload_null  mc_w.l(handlers.o)
    0x000019b0   0x000019b0   0x0000000e   Code   RO          361    i.__scatterload_zeroinit  mc_w.l(handlers.o)
    0x000019be   0x000019be   0x00000002   Data   RO           30    .rodata.OsCfg_ALL_STACK_SIZE  oscfg.o
    0x000019c0   0x000019c0   0x00000001   Data   RO           28    .rodata.OsCfg_MAX_NUM_OF_ALARMS  oscfg.o
    0x000019c1   0x000019c1   0x00000001   Data   RO           29    .rodata.OsCfg_MAX_NUM_OF_RESOURCES  oscfg.o
    0x000019c2   0x000019c2   0x00000001   Data   RO           27    .rodata.OsCfg_MAX_NUM_OF_TASKS  oscfg.o
    0x000019c3   0x000019c3   0x00000001   Data   RO           47    .rodata.OsCfg_ResourceCeilPri  oscfg.o
    0x000019c4   0x000019c4   0x00000001   Data   RO           46    .rodata.OsCfg_ResourceTaskAuthorized  oscfg.o
    0x000019c5   0x000019c5   0x00000003   PAD
    0x000019c8   0x000019c8   0x00000004   Data   RO           38    .rodata.OsCfg_SYSTEM_TICK_IN_MS  oscfg.o
    0x000019cc   0x000019cc   0x00000008   Data   RO           41    .rodata.OsCfg_StackSize  oscfg.o
    0x000019d4   0x000019d4   0x00000001   Data   RO           31    .rodata.OsCfg_USE_ERROR_HOOK  oscfg.o
    0x000019d5   0x000019d5   0x00000001   Data   RO           33    .rodata.OsCfg_USE_POSTTASK_HOOK  oscfg.o
    0x000019d6   0x000019d6   0x00000001   Data   RO           32    .rodata.OsCfg_USE_PRETASK_HOOK  oscfg.o
    0x000019d7   0x000019d7   0x00000001   Data   RO           35    .rodata.OsCfg_USE_STACK_OVER_FLOW_HOOK  oscfg.o
    0x000019d8   0x000019d8   0x00000001   Data   RO           34    .rodata.OsCfg_USE_STARTUP_HOOK  oscfg.o
    0x000019d9   0x000019d9   0x00000003   PAD
    0x000019dc   0x000019dc   0x00000020   Data   RO          358    Region$$Table       anon$$obj.o


    Execution Region ER_RW (Exec base: 0x20000000, Load base: 0x000019fc, Size: 0x00000094, Max: 0xffffffff, ABSOLUTE)

    Exec Addr    Load Addr    Size         Type   Attr      Idx    E Section Name        Object

    0x20000000   0x000019fc   0x0000000c   Data   RW          266    .data               OsekLib.lib(errmgr.o)
    0x2000000c   0x00001a08   0x00000003   Data   RW          292    .data               OsekLib.lib(svccontext.o)
    0x2000000f   0x00001a0b   0x00000001   PAD
    0x20000010   0x00001a0c   0x00000006   Data   RW          306    .data               OsekLib.lib(tcbprocessor.o)
    0x20000016   0x00001a12   0x00000002   PAD
    0x20000018   0x00001a14   0x00000004   Data   RW          339    .data               mc_w.l(rand.o)
    0x2000001c   0x00001a18   0x0000000c   Data   RW           43    .data.MainCounter   oscfg.o
    0x20000028   0x00001a24   0x00000018   Data   RW           44    .data.OsCfg_Alarms  oscfg.o
    0x20000040   0x00001a3c   0x00000054   Data   RW           40    .data.OsCfg_TCBs    oscfg.o


    Execution Region ER_ZI (Exec base: 0x20000098, Load base: 0x00001a90, Size: 0x000003f8, Max: 0xffffffff, ABSOLUTE)

    Exec Addr    Load Addr    Size         Type   Attr      Idx    E Section Name        Object

    0x20000098        -       0x00000002   Zero   RW          140    .bss.EngineSpeedValue  rte_appreadsensor.o
    0x2000009a   0x00001a90   0x00000002   PAD
    0x2000009c        -       0x000001d0   Zero   RW           42    .bss.OsCfg_Stack    oscfg.o
    0x2000026c        -       0x00000004   Zero   RW           13    .bss.OsCnt_SystemCounter  counter.o
    0x20000270        -       0x00000002   Zero   RW           49    .bss.RCB            oscfg.o
    0x20000272        -       0x00000002   Zero   RW           45    .bss.SVCCnxt_ErrCodes  oscfg.o
    0x20000274        -       0x00000001   Zero   RW           48    .bss.SVCCnxt_ResMgrCnxt  oscfg.o
    0x20000275   0x00001a90   0x00000001   PAD
    0x20000276        -       0x00000002   Zero   RW          130    .bss.SpeedValue     rte_appcomtx.o
    0x20000278        -       0x00000004   Zero   RW           12    .bss.SystickCounter  counter.o
    0x2000027c        -       0x00000002   Zero   RW          131    .bss.TempValue      rte_appcomtx.o
    0x2000027e        -       0x00000002   Zero   RW          141    .bss.TemperatureValue  rte_appreadsensor.o
    0x20000280        -       0x00000003   Zero   RW          113    .bss.dataFrame      can.o
    0x20000283        -       0x00000003   Zero   RW          122    .bss.frameData      rte.o
    0x20000286   0x00001a90   0x00000002   PAD
    0x20000288        -       0x00000004   Zero   RW           57    .bss.toggle_DataHandle_Task  schedule.o
    0x2000028c        -       0x00000004   Zero   RW           56    .bss.toggle_ReadSensor_Task  schedule.o
    0x20000290        -       0x00000200   Zero   RW            1    STACK               keiluvisoin_startup.o


==============================================================================

Image component sizes


      Code (inc. data)   RO Data    RW Data    ZI Data      Debug   Object Name

        34          0          0          0          0        594   adc.o
        50          0          0          0          3       1043   can.o
        42          0          0          0          0       1153   com.o
       124          0          0          0          8        780   counter.o
        36          0          0          0          0        604   enginespeedswc.o
        18          0          0          0          0        879   hook.o
        66          0          0          0          0       1157   iohwabcan.o
        14          0          0          0          0        550   iohwabspeedsensor.o
        14          0          0          0          0        564   iohwabtemperaturesensor.o
       252         10        620          0        512       5440   keiluvisoin_startup.o
         0          0         24        120        469       3003   oscfg.o
        40          0          0          0          0       1087   pdur.o
        68          0          0          0          3        699   rte.o
        80          0          0          0          4       1130   rte_appcomtx.o
        80          0          0          0          4       1171   rte_appreadsensor.o
        84          0          0          0          8        864   schedule.o
        42          0          0          0          0        635   temperaturesensorswc.o

    ----------------------------------------------------------------------
      1060         10        682        120       1016      21353   Object Totals
         0          0         32          0          0          0   (incl. Generated)
        16          0          6          0          5          0   (incl. Padding)

    ----------------------------------------------------------------------

      Code (inc. data)   RO Data    RW Data    ZI Data      Debug   Library Member Name

       992         20          0          0          0      14592   alarm.o
        92         22          0         12          0       2466   errmgr.o
       102          0          0          0          0       1477   event.o
        90          0          0          0          0        256   port.o
       152          6          0          0          0       1706   portable.o
       284         20          0          0          0        864   rcbprocessor.o
        88         18          0          3          0       2614   svccontext.o
       364         26          0          0          0       2647   task.o
      2620        112          0          6          0      10800   tcbprocessor.o
         0          0          0          0          0          0   entry.o
         0          0          0          0          0          0   entry10a.o
         0          0          0          0          0          0   entry11a.o
         8          4          0          0          0          0   entry2.o
         4          0          0          0          0          0   entry5.o
         0          0          0          0          0          0   entry7b.o
         0          0          0          0          0          0   entry8b.o
         8          4          0          0          0          0   entry9a.o
        30          0          0          0          0          0   handlers.o
        36          8          0          0          0         68   init.o
        36         10          0          4          0        136   rand.o

    ----------------------------------------------------------------------
      4910        250          0         28          0      37626   Library Totals
         4          0          0          3          0          0   (incl. Padding)

    ----------------------------------------------------------------------

      Code (inc. data)   RO Data    RW Data    ZI Data      Debug   Library Name

      4784        224          0         21          0      37422   OsekLib.lib
       122         26          0          4          0        204   mc_w.l

    ----------------------------------------------------------------------
      4910        250          0         28          0      37626   Library Totals

    ----------------------------------------------------------------------

==============================================================================


      Code (inc. data)   RO Data    RW Data    ZI Data      Debug   

      5970        260        682        148       1016      58283   Grand Totals
      5970        260        682        148       1016      58283   ELF Image Totals
      5970        260        682        148          0          0   ROM Totals

==============================================================================

    Total RO  Size (Code + RO Data)                 6652 (   6.50kB)
    Total RW  Size (RW Data + ZI Data)              1164 (   1.14kB)
    Total ROM Size (Code + RO Data + RW Data)       6800 (   6.64kB)

==============================================================================

