<html>
<body>
<pre>
<h1>µVision Build Log</h1>
<h2>Tool Versions:</h2>
IDE-Version: µVision V5.31.0.0
Copyright (C) 2020 ARM Ltd and ARM Germany GmbH. All rights reserved.
License Information: ngo trung, fpt, LIC=----
 
Tool Versions:
Toolchain:       MDK-Lite  Version: 5.31.0.0
Toolchain Path:  C:\Keil_v5\ARM\ARMCLANG\Bin
C Compiler:      ArmClang.exe V6.14
Assembler:       Armasm.exe V6.14
Linker/Locator:  ArmLink.exe V6.14
Library Manager: ArmAr.exe V6.14
Hex Converter:   FromElf.exe V6.14
CPU DLL:         SARMCM3.DLL V5.31.0.0
Dialog DLL:      DCM.DLL V1.17.3.0
Target DLL:      UL2CM3.DLL V1.163.4.0
Dialog DLL:      TCM.DLL V1.46.0.0
 
<h2>Project:</h2>
C:\git_weizy\Airconditioner\MOCKAUTOSAR\Project\OS\ECU_2\OSEK_ECU2.uvprojx
Project File Date:  03/11/2025

<h2>Output:</h2>
*** Using Compiler 'V6.14', folder: 'C:\Keil_v5\ARM\ARMCLANG\Bin'
Rebuild target 'Target 1'
compiling hook.c...
compiling IOHwAbFan.c...
compiling IOHwAbCompressor.c...
compiling CompressorControlSWC.c...
compiling OsCfg.c...
compiling FanControlSWC.c...
compiling counter.c...
assembling keilUvisoin_startup.s...
compiling NVBlockSWC.c...
compiling schedule.c...
compiling CoolingControlSWC.c...
compiling WdgIf.c...
compiling HwAbMem.c...
compiling IOHwAbCan.c...
compiling Pwm.c...
compiling Fls.c...
compiling Wdg.c...
compiling Can.c...
compiling RTE.c...
compiling RTE_COM.c...
compiling RTE_DEM.c...
compiling RTE_NVM.c...
compiling RTE_WDG.c...
compiling DiagnosticManager.c...
compiling NVMManager.c...
compiling WdgManager.c...
compiling PduR.c...
compiling Com.c...
linking...
Program Size: Code=7372 RO-data=684 RW-data=388 ZI-data=1904  
".\build_files\OsekIntro_Example6.axf" - 0 Error(s), 0 Warning(s).

<h2>Software Packages used:</h2>

Package Vendor: ARM
                https://www.keil.com/pack/ARM.CMSIS.6.0.0.pack
                ARM.CMSIS.6.0.0
                CMSIS (Common Microcontroller Software Interface Standard)
   * Component: CORE Version: 6.0.0

Package Vendor: Keil
                http://www.keil.com/pack/Keil.TM4C_DFP.1.1.0.pack
                Keil.TM4C_DFP.1.1.0
                Texas Instruments Tiva C Series Device Support and Examples

<h2>Collection of Component include folders:</h2>
  .\RTE\_Target_1
  C:\Users\ADMIN\AppData\Local\Arm\Packs\ARM\CMSIS\6.0.0\CMSIS\Core\Include
  C:\Users\ADMIN\AppData\Local\Arm\Packs\Keil\TM4C_DFP\1.1.0\Device\Include\TM4C123

<h2>Collection of Component Files used:</h2>

   * Component: ARM::CMSIS:CORE:6.0.0
Build Time Elapsed:  00:00:02
</pre>
</body>
</html>
