<!doctype html public "-//w3c//dtd html 4.0 transitional//en">
<html><head>
<title>Static Call Graph - [.\build_files\OsekIntro_Example6.axf]</title></head>
<body><HR>
<H1>Static Call Graph for image .\build_files\OsekIntro_Example6.axf</H1><HR>
<BR><P>#&#060CALLGRAPH&#062# ARM Linker, 6140002: Last Updated: Wed Mar 12 08:15:18 2025
<BR><P>
<H3>Maximum Stack Usage =         88 bytes + Unknown(Functions without stacksize, Cycles, Untraceable Function Pointers)</H3><H3>
Call chain for Maximum Stack Depth:</H3>
OsTask_Main_Task &rArr; Rte_EV_Main &rArr; CoolingControl_Runable &rArr; Rte_Call_RP_NVData_CallServerFunction &rArr; Rte_Call_RP_NVHandle_SeverHandle &rArr; HandleNVM_Runable &rArr; Rte_Call_RP_NVHandle_SeverHandleWriteError &rArr; NvM_WriteBlock &rArr; MemIf_Write &rArr; Fls_Write
<P>
<H3>
Functions with no stack information
</H3><UL>
 <LI><a href="#[e6]">OsPort_JumpToApp</a>
 <LI><a href="#[c]">OsPort_PendSVHandler</a>
 <LI><a href="#[d7]">OsPort_PushUpperContext</a>
 <LI><a href="#[fd]">OsPort_PopUpperContext</a>
 <LI><a href="#[fe]">OsPort_ReturnWithAutopop</a>
</UL>
</UL>
<P>
<H3>
Mutually Recursive functions
</H3> <LI><a href="#[5]">NMI_Handler</a>&nbsp;&nbsp;&nbsp;&rArr;&nbsp;&nbsp;&nbsp;<a href="#[5]">NMI_Handler</a><BR>
 <LI><a href="#[6]">HardFault_Handler</a>&nbsp;&nbsp;&nbsp;&rArr;&nbsp;&nbsp;&nbsp;<a href="#[6]">HardFault_Handler</a><BR>
 <LI><a href="#[7]">MemManage_Handler</a>&nbsp;&nbsp;&nbsp;&rArr;&nbsp;&nbsp;&nbsp;<a href="#[7]">MemManage_Handler</a><BR>
 <LI><a href="#[8]">BusFault_Handler</a>&nbsp;&nbsp;&nbsp;&rArr;&nbsp;&nbsp;&nbsp;<a href="#[8]">BusFault_Handler</a><BR>
 <LI><a href="#[9]">UsageFault_Handler</a>&nbsp;&nbsp;&nbsp;&rArr;&nbsp;&nbsp;&nbsp;<a href="#[9]">UsageFault_Handler</a><BR>
 <LI><a href="#[b]">DebugMon_Handler</a>&nbsp;&nbsp;&nbsp;&rArr;&nbsp;&nbsp;&nbsp;<a href="#[b]">DebugMon_Handler</a><BR>
 <LI><a href="#[e]">GPIOA_Handler</a>&nbsp;&nbsp;&nbsp;&rArr;&nbsp;&nbsp;&nbsp;<a href="#[e]">GPIOA_Handler</a><BR>
 <LI><a href="#[f]">GPIOB_Handler</a>&nbsp;&nbsp;&nbsp;&rArr;&nbsp;&nbsp;&nbsp;<a href="#[f]">GPIOB_Handler</a><BR>
 <LI><a href="#[10]">GPIOC_Handler</a>&nbsp;&nbsp;&nbsp;&rArr;&nbsp;&nbsp;&nbsp;<a href="#[10]">GPIOC_Handler</a><BR>
 <LI><a href="#[11]">GPIOD_Handler</a>&nbsp;&nbsp;&nbsp;&rArr;&nbsp;&nbsp;&nbsp;<a href="#[11]">GPIOD_Handler</a><BR>
 <LI><a href="#[12]">GPIOE_Handler</a>&nbsp;&nbsp;&nbsp;&rArr;&nbsp;&nbsp;&nbsp;<a href="#[12]">GPIOE_Handler</a><BR>
 <LI><a href="#[13]">UART0_Handler</a>&nbsp;&nbsp;&nbsp;&rArr;&nbsp;&nbsp;&nbsp;<a href="#[13]">UART0_Handler</a><BR>
 <LI><a href="#[14]">UART1_Handler</a>&nbsp;&nbsp;&nbsp;&rArr;&nbsp;&nbsp;&nbsp;<a href="#[14]">UART1_Handler</a><BR>
 <LI><a href="#[15]">SSI0_Handler</a>&nbsp;&nbsp;&nbsp;&rArr;&nbsp;&nbsp;&nbsp;<a href="#[15]">SSI0_Handler</a><BR>
 <LI><a href="#[16]">I2C0_Handler</a>&nbsp;&nbsp;&nbsp;&rArr;&nbsp;&nbsp;&nbsp;<a href="#[16]">I2C0_Handler</a><BR>
 <LI><a href="#[17]">PMW0_FAULT_Handler</a>&nbsp;&nbsp;&nbsp;&rArr;&nbsp;&nbsp;&nbsp;<a href="#[17]">PMW0_FAULT_Handler</a><BR>
 <LI><a href="#[18]">PWM0_0_Handler</a>&nbsp;&nbsp;&nbsp;&rArr;&nbsp;&nbsp;&nbsp;<a href="#[18]">PWM0_0_Handler</a><BR>
 <LI><a href="#[19]">PWM0_1_Handler</a>&nbsp;&nbsp;&nbsp;&rArr;&nbsp;&nbsp;&nbsp;<a href="#[19]">PWM0_1_Handler</a><BR>
 <LI><a href="#[1a]">PWM0_2_Handler</a>&nbsp;&nbsp;&nbsp;&rArr;&nbsp;&nbsp;&nbsp;<a href="#[1a]">PWM0_2_Handler</a><BR>
 <LI><a href="#[1b]">QEI0_Handler</a>&nbsp;&nbsp;&nbsp;&rArr;&nbsp;&nbsp;&nbsp;<a href="#[1b]">QEI0_Handler</a><BR>
 <LI><a href="#[1c]">ADC0SS0_Handler</a>&nbsp;&nbsp;&nbsp;&rArr;&nbsp;&nbsp;&nbsp;<a href="#[1c]">ADC0SS0_Handler</a><BR>
 <LI><a href="#[1d]">ADC0SS1_Handler</a>&nbsp;&nbsp;&nbsp;&rArr;&nbsp;&nbsp;&nbsp;<a href="#[1d]">ADC0SS1_Handler</a><BR>
 <LI><a href="#[1e]">ADC0SS2_Handler</a>&nbsp;&nbsp;&nbsp;&rArr;&nbsp;&nbsp;&nbsp;<a href="#[1e]">ADC0SS2_Handler</a><BR>
 <LI><a href="#[1f]">ADC0SS3_Handler</a>&nbsp;&nbsp;&nbsp;&rArr;&nbsp;&nbsp;&nbsp;<a href="#[1f]">ADC0SS3_Handler</a><BR>
 <LI><a href="#[20]">WDT0_Handler</a>&nbsp;&nbsp;&nbsp;&rArr;&nbsp;&nbsp;&nbsp;<a href="#[20]">WDT0_Handler</a><BR>
 <LI><a href="#[21]">TIMER0A_Handler</a>&nbsp;&nbsp;&nbsp;&rArr;&nbsp;&nbsp;&nbsp;<a href="#[21]">TIMER0A_Handler</a><BR>
 <LI><a href="#[22]">TIMER0B_Handler</a>&nbsp;&nbsp;&nbsp;&rArr;&nbsp;&nbsp;&nbsp;<a href="#[22]">TIMER0B_Handler</a><BR>
 <LI><a href="#[23]">TIMER1A_Handler</a>&nbsp;&nbsp;&nbsp;&rArr;&nbsp;&nbsp;&nbsp;<a href="#[23]">TIMER1A_Handler</a><BR>
 <LI><a href="#[24]">TIMER1B_Handler</a>&nbsp;&nbsp;&nbsp;&rArr;&nbsp;&nbsp;&nbsp;<a href="#[24]">TIMER1B_Handler</a><BR>
 <LI><a href="#[25]">TIMER2A_Handler</a>&nbsp;&nbsp;&nbsp;&rArr;&nbsp;&nbsp;&nbsp;<a href="#[25]">TIMER2A_Handler</a><BR>
 <LI><a href="#[26]">TIMER2B_Handler</a>&nbsp;&nbsp;&nbsp;&rArr;&nbsp;&nbsp;&nbsp;<a href="#[26]">TIMER2B_Handler</a><BR>
 <LI><a href="#[27]">COMP0_Handler</a>&nbsp;&nbsp;&nbsp;&rArr;&nbsp;&nbsp;&nbsp;<a href="#[27]">COMP0_Handler</a><BR>
 <LI><a href="#[28]">COMP1_Handler</a>&nbsp;&nbsp;&nbsp;&rArr;&nbsp;&nbsp;&nbsp;<a href="#[28]">COMP1_Handler</a><BR>
 <LI><a href="#[29]">COMP2_Handler</a>&nbsp;&nbsp;&nbsp;&rArr;&nbsp;&nbsp;&nbsp;<a href="#[29]">COMP2_Handler</a><BR>
 <LI><a href="#[2a]">SYSCTL_Handler</a>&nbsp;&nbsp;&nbsp;&rArr;&nbsp;&nbsp;&nbsp;<a href="#[2a]">SYSCTL_Handler</a><BR>
 <LI><a href="#[2b]">FLASH_Handler</a>&nbsp;&nbsp;&nbsp;&rArr;&nbsp;&nbsp;&nbsp;<a href="#[2b]">FLASH_Handler</a><BR>
 <LI><a href="#[2c]">GPIOF_Handler</a>&nbsp;&nbsp;&nbsp;&rArr;&nbsp;&nbsp;&nbsp;<a href="#[2c]">GPIOF_Handler</a><BR>
 <LI><a href="#[2d]">GPIOG_Handler</a>&nbsp;&nbsp;&nbsp;&rArr;&nbsp;&nbsp;&nbsp;<a href="#[2d]">GPIOG_Handler</a><BR>
 <LI><a href="#[2e]">GPIOH_Handler</a>&nbsp;&nbsp;&nbsp;&rArr;&nbsp;&nbsp;&nbsp;<a href="#[2e]">GPIOH_Handler</a><BR>
 <LI><a href="#[2f]">UART2_Handler</a>&nbsp;&nbsp;&nbsp;&rArr;&nbsp;&nbsp;&nbsp;<a href="#[2f]">UART2_Handler</a><BR>
 <LI><a href="#[30]">SSI1_Handler</a>&nbsp;&nbsp;&nbsp;&rArr;&nbsp;&nbsp;&nbsp;<a href="#[30]">SSI1_Handler</a><BR>
 <LI><a href="#[31]">TIMER3A_Handler</a>&nbsp;&nbsp;&nbsp;&rArr;&nbsp;&nbsp;&nbsp;<a href="#[31]">TIMER3A_Handler</a><BR>
 <LI><a href="#[32]">TIMER3B_Handler</a>&nbsp;&nbsp;&nbsp;&rArr;&nbsp;&nbsp;&nbsp;<a href="#[32]">TIMER3B_Handler</a><BR>
 <LI><a href="#[33]">I2C1_Handler</a>&nbsp;&nbsp;&nbsp;&rArr;&nbsp;&nbsp;&nbsp;<a href="#[33]">I2C1_Handler</a><BR>
 <LI><a href="#[34]">QEI1_Handler</a>&nbsp;&nbsp;&nbsp;&rArr;&nbsp;&nbsp;&nbsp;<a href="#[34]">QEI1_Handler</a><BR>
 <LI><a href="#[35]">CAN0_Handler</a>&nbsp;&nbsp;&nbsp;&rArr;&nbsp;&nbsp;&nbsp;<a href="#[35]">CAN0_Handler</a><BR>
 <LI><a href="#[36]">CAN1_Handler</a>&nbsp;&nbsp;&nbsp;&rArr;&nbsp;&nbsp;&nbsp;<a href="#[36]">CAN1_Handler</a><BR>
 <LI><a href="#[37]">CAN2_Handler</a>&nbsp;&nbsp;&nbsp;&rArr;&nbsp;&nbsp;&nbsp;<a href="#[37]">CAN2_Handler</a><BR>
 <LI><a href="#[38]">HIB_Handler</a>&nbsp;&nbsp;&nbsp;&rArr;&nbsp;&nbsp;&nbsp;<a href="#[38]">HIB_Handler</a><BR>
 <LI><a href="#[39]">USB0_Handler</a>&nbsp;&nbsp;&nbsp;&rArr;&nbsp;&nbsp;&nbsp;<a href="#[39]">USB0_Handler</a><BR>
 <LI><a href="#[3a]">PWM0_3_Handler</a>&nbsp;&nbsp;&nbsp;&rArr;&nbsp;&nbsp;&nbsp;<a href="#[3a]">PWM0_3_Handler</a><BR>
 <LI><a href="#[3b]">UDMA_Handler</a>&nbsp;&nbsp;&nbsp;&rArr;&nbsp;&nbsp;&nbsp;<a href="#[3b]">UDMA_Handler</a><BR>
 <LI><a href="#[3c]">UDMAERR_Handler</a>&nbsp;&nbsp;&nbsp;&rArr;&nbsp;&nbsp;&nbsp;<a href="#[3c]">UDMAERR_Handler</a><BR>
 <LI><a href="#[3d]">ADC1SS0_Handler</a>&nbsp;&nbsp;&nbsp;&rArr;&nbsp;&nbsp;&nbsp;<a href="#[3d]">ADC1SS0_Handler</a><BR>
 <LI><a href="#[3e]">ADC1SS1_Handler</a>&nbsp;&nbsp;&nbsp;&rArr;&nbsp;&nbsp;&nbsp;<a href="#[3e]">ADC1SS1_Handler</a><BR>
 <LI><a href="#[3f]">ADC1SS2_Handler</a>&nbsp;&nbsp;&nbsp;&rArr;&nbsp;&nbsp;&nbsp;<a href="#[3f]">ADC1SS2_Handler</a><BR>
 <LI><a href="#[40]">ADC1SS3_Handler</a>&nbsp;&nbsp;&nbsp;&rArr;&nbsp;&nbsp;&nbsp;<a href="#[40]">ADC1SS3_Handler</a><BR>
 <LI><a href="#[41]">GPIOJ_Handler</a>&nbsp;&nbsp;&nbsp;&rArr;&nbsp;&nbsp;&nbsp;<a href="#[41]">GPIOJ_Handler</a><BR>
 <LI><a href="#[42]">GPIOK_Handler</a>&nbsp;&nbsp;&nbsp;&rArr;&nbsp;&nbsp;&nbsp;<a href="#[42]">GPIOK_Handler</a><BR>
 <LI><a href="#[43]">GPIOL_Handler</a>&nbsp;&nbsp;&nbsp;&rArr;&nbsp;&nbsp;&nbsp;<a href="#[43]">GPIOL_Handler</a><BR>
 <LI><a href="#[44]">SSI2_Handler</a>&nbsp;&nbsp;&nbsp;&rArr;&nbsp;&nbsp;&nbsp;<a href="#[44]">SSI2_Handler</a><BR>
 <LI><a href="#[45]">SSI3_Handler</a>&nbsp;&nbsp;&nbsp;&rArr;&nbsp;&nbsp;&nbsp;<a href="#[45]">SSI3_Handler</a><BR>
 <LI><a href="#[46]">UART3_Handler</a>&nbsp;&nbsp;&nbsp;&rArr;&nbsp;&nbsp;&nbsp;<a href="#[46]">UART3_Handler</a><BR>
 <LI><a href="#[47]">UART4_Handler</a>&nbsp;&nbsp;&nbsp;&rArr;&nbsp;&nbsp;&nbsp;<a href="#[47]">UART4_Handler</a><BR>
 <LI><a href="#[48]">UART5_Handler</a>&nbsp;&nbsp;&nbsp;&rArr;&nbsp;&nbsp;&nbsp;<a href="#[48]">UART5_Handler</a><BR>
 <LI><a href="#[49]">UART6_Handler</a>&nbsp;&nbsp;&nbsp;&rArr;&nbsp;&nbsp;&nbsp;<a href="#[49]">UART6_Handler</a><BR>
 <LI><a href="#[4a]">UART7_Handler</a>&nbsp;&nbsp;&nbsp;&rArr;&nbsp;&nbsp;&nbsp;<a href="#[4a]">UART7_Handler</a><BR>
 <LI><a href="#[4b]">I2C2_Handler</a>&nbsp;&nbsp;&nbsp;&rArr;&nbsp;&nbsp;&nbsp;<a href="#[4b]">I2C2_Handler</a><BR>
 <LI><a href="#[4c]">I2C3_Handler</a>&nbsp;&nbsp;&nbsp;&rArr;&nbsp;&nbsp;&nbsp;<a href="#[4c]">I2C3_Handler</a><BR>
 <LI><a href="#[4d]">TIMER4A_Handler</a>&nbsp;&nbsp;&nbsp;&rArr;&nbsp;&nbsp;&nbsp;<a href="#[4d]">TIMER4A_Handler</a><BR>
 <LI><a href="#[4e]">TIMER4B_Handler</a>&nbsp;&nbsp;&nbsp;&rArr;&nbsp;&nbsp;&nbsp;<a href="#[4e]">TIMER4B_Handler</a><BR>
 <LI><a href="#[4f]">TIMER5A_Handler</a>&nbsp;&nbsp;&nbsp;&rArr;&nbsp;&nbsp;&nbsp;<a href="#[4f]">TIMER5A_Handler</a><BR>
 <LI><a href="#[50]">TIMER5B_Handler</a>&nbsp;&nbsp;&nbsp;&rArr;&nbsp;&nbsp;&nbsp;<a href="#[50]">TIMER5B_Handler</a><BR>
 <LI><a href="#[51]">WTIMER0A_Handler</a>&nbsp;&nbsp;&nbsp;&rArr;&nbsp;&nbsp;&nbsp;<a href="#[51]">WTIMER0A_Handler</a><BR>
 <LI><a href="#[52]">WTIMER0B_Handler</a>&nbsp;&nbsp;&nbsp;&rArr;&nbsp;&nbsp;&nbsp;<a href="#[52]">WTIMER0B_Handler</a><BR>
 <LI><a href="#[53]">WTIMER1A_Handler</a>&nbsp;&nbsp;&nbsp;&rArr;&nbsp;&nbsp;&nbsp;<a href="#[53]">WTIMER1A_Handler</a><BR>
 <LI><a href="#[54]">WTIMER1B_Handler</a>&nbsp;&nbsp;&nbsp;&rArr;&nbsp;&nbsp;&nbsp;<a href="#[54]">WTIMER1B_Handler</a><BR>
 <LI><a href="#[55]">WTIMER2A_Handler</a>&nbsp;&nbsp;&nbsp;&rArr;&nbsp;&nbsp;&nbsp;<a href="#[55]">WTIMER2A_Handler</a><BR>
 <LI><a href="#[56]">WTIMER2B_Handler</a>&nbsp;&nbsp;&nbsp;&rArr;&nbsp;&nbsp;&nbsp;<a href="#[56]">WTIMER2B_Handler</a><BR>
 <LI><a href="#[57]">WTIMER3A_Handler</a>&nbsp;&nbsp;&nbsp;&rArr;&nbsp;&nbsp;&nbsp;<a href="#[57]">WTIMER3A_Handler</a><BR>
 <LI><a href="#[58]">WTIMER3B_Handler</a>&nbsp;&nbsp;&nbsp;&rArr;&nbsp;&nbsp;&nbsp;<a href="#[58]">WTIMER3B_Handler</a><BR>
 <LI><a href="#[59]">WTIMER4A_Handler</a>&nbsp;&nbsp;&nbsp;&rArr;&nbsp;&nbsp;&nbsp;<a href="#[59]">WTIMER4A_Handler</a><BR>
 <LI><a href="#[5a]">WTIMER4B_Handler</a>&nbsp;&nbsp;&nbsp;&rArr;&nbsp;&nbsp;&nbsp;<a href="#[5a]">WTIMER4B_Handler</a><BR>
 <LI><a href="#[5b]">WTIMER5A_Handler</a>&nbsp;&nbsp;&nbsp;&rArr;&nbsp;&nbsp;&nbsp;<a href="#[5b]">WTIMER5A_Handler</a><BR>
 <LI><a href="#[5c]">WTIMER5B_Handler</a>&nbsp;&nbsp;&nbsp;&rArr;&nbsp;&nbsp;&nbsp;<a href="#[5c]">WTIMER5B_Handler</a><BR>
 <LI><a href="#[5d]">FPU_Handler</a>&nbsp;&nbsp;&nbsp;&rArr;&nbsp;&nbsp;&nbsp;<a href="#[5d]">FPU_Handler</a><BR>
 <LI><a href="#[5e]">I2C4_Handler</a>&nbsp;&nbsp;&nbsp;&rArr;&nbsp;&nbsp;&nbsp;<a href="#[5e]">I2C4_Handler</a><BR>
 <LI><a href="#[5f]">I2C5_Handler</a>&nbsp;&nbsp;&nbsp;&rArr;&nbsp;&nbsp;&nbsp;<a href="#[5f]">I2C5_Handler</a><BR>
 <LI><a href="#[60]">GPIOM_Handler</a>&nbsp;&nbsp;&nbsp;&rArr;&nbsp;&nbsp;&nbsp;<a href="#[60]">GPIOM_Handler</a><BR>
 <LI><a href="#[61]">GPION_Handler</a>&nbsp;&nbsp;&nbsp;&rArr;&nbsp;&nbsp;&nbsp;<a href="#[61]">GPION_Handler</a><BR>
 <LI><a href="#[62]">QEI2_Handler</a>&nbsp;&nbsp;&nbsp;&rArr;&nbsp;&nbsp;&nbsp;<a href="#[62]">QEI2_Handler</a><BR>
 <LI><a href="#[63]">GPIOP0_Handler</a>&nbsp;&nbsp;&nbsp;&rArr;&nbsp;&nbsp;&nbsp;<a href="#[63]">GPIOP0_Handler</a><BR>
 <LI><a href="#[64]">GPIOP1_Handler</a>&nbsp;&nbsp;&nbsp;&rArr;&nbsp;&nbsp;&nbsp;<a href="#[64]">GPIOP1_Handler</a><BR>
 <LI><a href="#[65]">GPIOP2_Handler</a>&nbsp;&nbsp;&nbsp;&rArr;&nbsp;&nbsp;&nbsp;<a href="#[65]">GPIOP2_Handler</a><BR>
 <LI><a href="#[66]">GPIOP3_Handler</a>&nbsp;&nbsp;&nbsp;&rArr;&nbsp;&nbsp;&nbsp;<a href="#[66]">GPIOP3_Handler</a><BR>
 <LI><a href="#[67]">GPIOP4_Handler</a>&nbsp;&nbsp;&nbsp;&rArr;&nbsp;&nbsp;&nbsp;<a href="#[67]">GPIOP4_Handler</a><BR>
 <LI><a href="#[68]">GPIOP5_Handler</a>&nbsp;&nbsp;&nbsp;&rArr;&nbsp;&nbsp;&nbsp;<a href="#[68]">GPIOP5_Handler</a><BR>
 <LI><a href="#[69]">GPIOP6_Handler</a>&nbsp;&nbsp;&nbsp;&rArr;&nbsp;&nbsp;&nbsp;<a href="#[69]">GPIOP6_Handler</a><BR>
 <LI><a href="#[6a]">GPIOP7_Handler</a>&nbsp;&nbsp;&nbsp;&rArr;&nbsp;&nbsp;&nbsp;<a href="#[6a]">GPIOP7_Handler</a><BR>
 <LI><a href="#[6b]">GPIOQ0_Handler</a>&nbsp;&nbsp;&nbsp;&rArr;&nbsp;&nbsp;&nbsp;<a href="#[6b]">GPIOQ0_Handler</a><BR>
 <LI><a href="#[6c]">GPIOQ1_Handler</a>&nbsp;&nbsp;&nbsp;&rArr;&nbsp;&nbsp;&nbsp;<a href="#[6c]">GPIOQ1_Handler</a><BR>
 <LI><a href="#[6d]">GPIOQ2_Handler</a>&nbsp;&nbsp;&nbsp;&rArr;&nbsp;&nbsp;&nbsp;<a href="#[6d]">GPIOQ2_Handler</a><BR>
 <LI><a href="#[6e]">GPIOQ3_Handler</a>&nbsp;&nbsp;&nbsp;&rArr;&nbsp;&nbsp;&nbsp;<a href="#[6e]">GPIOQ3_Handler</a><BR>
 <LI><a href="#[6f]">GPIOQ4_Handler</a>&nbsp;&nbsp;&nbsp;&rArr;&nbsp;&nbsp;&nbsp;<a href="#[6f]">GPIOQ4_Handler</a><BR>
 <LI><a href="#[70]">GPIOQ5_Handler</a>&nbsp;&nbsp;&nbsp;&rArr;&nbsp;&nbsp;&nbsp;<a href="#[70]">GPIOQ5_Handler</a><BR>
 <LI><a href="#[71]">GPIOQ6_Handler</a>&nbsp;&nbsp;&nbsp;&rArr;&nbsp;&nbsp;&nbsp;<a href="#[71]">GPIOQ6_Handler</a><BR>
 <LI><a href="#[72]">GPIOQ7_Handler</a>&nbsp;&nbsp;&nbsp;&rArr;&nbsp;&nbsp;&nbsp;<a href="#[72]">GPIOQ7_Handler</a><BR>
 <LI><a href="#[73]">GPIOR_Handler</a>&nbsp;&nbsp;&nbsp;&rArr;&nbsp;&nbsp;&nbsp;<a href="#[73]">GPIOR_Handler</a><BR>
 <LI><a href="#[74]">GPIOS_Handler</a>&nbsp;&nbsp;&nbsp;&rArr;&nbsp;&nbsp;&nbsp;<a href="#[74]">GPIOS_Handler</a><BR>
 <LI><a href="#[75]">PMW1_0_Handler</a>&nbsp;&nbsp;&nbsp;&rArr;&nbsp;&nbsp;&nbsp;<a href="#[75]">PMW1_0_Handler</a><BR>
 <LI><a href="#[76]">PWM1_1_Handler</a>&nbsp;&nbsp;&nbsp;&rArr;&nbsp;&nbsp;&nbsp;<a href="#[76]">PWM1_1_Handler</a><BR>
 <LI><a href="#[77]">PWM1_2_Handler</a>&nbsp;&nbsp;&nbsp;&rArr;&nbsp;&nbsp;&nbsp;<a href="#[77]">PWM1_2_Handler</a><BR>
 <LI><a href="#[78]">PWM1_3_Handler</a>&nbsp;&nbsp;&nbsp;&rArr;&nbsp;&nbsp;&nbsp;<a href="#[78]">PWM1_3_Handler</a><BR>
 <LI><a href="#[79]">PWM1_FAULT_Handler</a>&nbsp;&nbsp;&nbsp;&rArr;&nbsp;&nbsp;&nbsp;<a href="#[79]">PWM1_FAULT_Handler</a><BR>
 <LI><a href="#[7d]">SVC_Handler</a>&nbsp;&nbsp;&nbsp;&rArr;&nbsp;&nbsp;&nbsp;<a href="#[7d]">SVC_Handler</a><BR>
 <LI><a href="#[7e]">PendSV_Handler</a>&nbsp;&nbsp;&nbsp;&rArr;&nbsp;&nbsp;&nbsp;<a href="#[7e]">PendSV_Handler</a><BR>
 <LI><a href="#[7f]">SysTick_Handler</a>&nbsp;&nbsp;&nbsp;&rArr;&nbsp;&nbsp;&nbsp;<a href="#[7f]">SysTick_Handler</a><BR>
</UL>
<P>
<H3>
Function Pointers
</H3><UL>
 <LI><a href="#[1c]">ADC0SS0_Handler</a> from keiluvisoin_startup.o(.text) referenced from keiluvisoin_startup.o(RESET)
 <LI><a href="#[1d]">ADC0SS1_Handler</a> from keiluvisoin_startup.o(.text) referenced from keiluvisoin_startup.o(RESET)
 <LI><a href="#[1e]">ADC0SS2_Handler</a> from keiluvisoin_startup.o(.text) referenced from keiluvisoin_startup.o(RESET)
 <LI><a href="#[1f]">ADC0SS3_Handler</a> from keiluvisoin_startup.o(.text) referenced from keiluvisoin_startup.o(RESET)
 <LI><a href="#[3d]">ADC1SS0_Handler</a> from keiluvisoin_startup.o(.text) referenced from keiluvisoin_startup.o(RESET)
 <LI><a href="#[3e]">ADC1SS1_Handler</a> from keiluvisoin_startup.o(.text) referenced from keiluvisoin_startup.o(RESET)
 <LI><a href="#[3f]">ADC1SS2_Handler</a> from keiluvisoin_startup.o(.text) referenced from keiluvisoin_startup.o(RESET)
 <LI><a href="#[40]">ADC1SS3_Handler</a> from keiluvisoin_startup.o(.text) referenced from keiluvisoin_startup.o(RESET)
 <LI><a href="#[8]">BusFault_Handler</a> from keiluvisoin_startup.o(.text) referenced from keiluvisoin_startup.o(RESET)
 <LI><a href="#[35]">CAN0_Handler</a> from keiluvisoin_startup.o(.text) referenced from keiluvisoin_startup.o(RESET)
 <LI><a href="#[36]">CAN1_Handler</a> from keiluvisoin_startup.o(.text) referenced from keiluvisoin_startup.o(RESET)
 <LI><a href="#[37]">CAN2_Handler</a> from keiluvisoin_startup.o(.text) referenced from keiluvisoin_startup.o(RESET)
 <LI><a href="#[27]">COMP0_Handler</a> from keiluvisoin_startup.o(.text) referenced from keiluvisoin_startup.o(RESET)
 <LI><a href="#[28]">COMP1_Handler</a> from keiluvisoin_startup.o(.text) referenced from keiluvisoin_startup.o(RESET)
 <LI><a href="#[29]">COMP2_Handler</a> from keiluvisoin_startup.o(.text) referenced from keiluvisoin_startup.o(RESET)
 <LI><a href="#[b]">DebugMon_Handler</a> from keiluvisoin_startup.o(.text) referenced from keiluvisoin_startup.o(RESET)
 <LI><a href="#[2b]">FLASH_Handler</a> from keiluvisoin_startup.o(.text) referenced from keiluvisoin_startup.o(RESET)
 <LI><a href="#[5d]">FPU_Handler</a> from keiluvisoin_startup.o(.text) referenced from keiluvisoin_startup.o(RESET)
 <LI><a href="#[e]">GPIOA_Handler</a> from keiluvisoin_startup.o(.text) referenced from keiluvisoin_startup.o(RESET)
 <LI><a href="#[f]">GPIOB_Handler</a> from keiluvisoin_startup.o(.text) referenced from keiluvisoin_startup.o(RESET)
 <LI><a href="#[10]">GPIOC_Handler</a> from keiluvisoin_startup.o(.text) referenced from keiluvisoin_startup.o(RESET)
 <LI><a href="#[11]">GPIOD_Handler</a> from keiluvisoin_startup.o(.text) referenced from keiluvisoin_startup.o(RESET)
 <LI><a href="#[12]">GPIOE_Handler</a> from keiluvisoin_startup.o(.text) referenced from keiluvisoin_startup.o(RESET)
 <LI><a href="#[2c]">GPIOF_Handler</a> from keiluvisoin_startup.o(.text) referenced from keiluvisoin_startup.o(RESET)
 <LI><a href="#[2d]">GPIOG_Handler</a> from keiluvisoin_startup.o(.text) referenced from keiluvisoin_startup.o(RESET)
 <LI><a href="#[2e]">GPIOH_Handler</a> from keiluvisoin_startup.o(.text) referenced from keiluvisoin_startup.o(RESET)
 <LI><a href="#[41]">GPIOJ_Handler</a> from keiluvisoin_startup.o(.text) referenced from keiluvisoin_startup.o(RESET)
 <LI><a href="#[42]">GPIOK_Handler</a> from keiluvisoin_startup.o(.text) referenced from keiluvisoin_startup.o(RESET)
 <LI><a href="#[43]">GPIOL_Handler</a> from keiluvisoin_startup.o(.text) referenced from keiluvisoin_startup.o(RESET)
 <LI><a href="#[60]">GPIOM_Handler</a> from keiluvisoin_startup.o(.text) referenced from keiluvisoin_startup.o(RESET)
 <LI><a href="#[61]">GPION_Handler</a> from keiluvisoin_startup.o(.text) referenced from keiluvisoin_startup.o(RESET)
 <LI><a href="#[63]">GPIOP0_Handler</a> from keiluvisoin_startup.o(.text) referenced from keiluvisoin_startup.o(RESET)
 <LI><a href="#[64]">GPIOP1_Handler</a> from keiluvisoin_startup.o(.text) referenced from keiluvisoin_startup.o(RESET)
 <LI><a href="#[65]">GPIOP2_Handler</a> from keiluvisoin_startup.o(.text) referenced from keiluvisoin_startup.o(RESET)
 <LI><a href="#[66]">GPIOP3_Handler</a> from keiluvisoin_startup.o(.text) referenced from keiluvisoin_startup.o(RESET)
 <LI><a href="#[67]">GPIOP4_Handler</a> from keiluvisoin_startup.o(.text) referenced from keiluvisoin_startup.o(RESET)
 <LI><a href="#[68]">GPIOP5_Handler</a> from keiluvisoin_startup.o(.text) referenced from keiluvisoin_startup.o(RESET)
 <LI><a href="#[69]">GPIOP6_Handler</a> from keiluvisoin_startup.o(.text) referenced from keiluvisoin_startup.o(RESET)
 <LI><a href="#[6a]">GPIOP7_Handler</a> from keiluvisoin_startup.o(.text) referenced from keiluvisoin_startup.o(RESET)
 <LI><a href="#[6b]">GPIOQ0_Handler</a> from keiluvisoin_startup.o(.text) referenced from keiluvisoin_startup.o(RESET)
 <LI><a href="#[6c]">GPIOQ1_Handler</a> from keiluvisoin_startup.o(.text) referenced from keiluvisoin_startup.o(RESET)
 <LI><a href="#[6d]">GPIOQ2_Handler</a> from keiluvisoin_startup.o(.text) referenced from keiluvisoin_startup.o(RESET)
 <LI><a href="#[6e]">GPIOQ3_Handler</a> from keiluvisoin_startup.o(.text) referenced from keiluvisoin_startup.o(RESET)
 <LI><a href="#[6f]">GPIOQ4_Handler</a> from keiluvisoin_startup.o(.text) referenced from keiluvisoin_startup.o(RESET)
 <LI><a href="#[70]">GPIOQ5_Handler</a> from keiluvisoin_startup.o(.text) referenced from keiluvisoin_startup.o(RESET)
 <LI><a href="#[71]">GPIOQ6_Handler</a> from keiluvisoin_startup.o(.text) referenced from keiluvisoin_startup.o(RESET)
 <LI><a href="#[72]">GPIOQ7_Handler</a> from keiluvisoin_startup.o(.text) referenced from keiluvisoin_startup.o(RESET)
 <LI><a href="#[73]">GPIOR_Handler</a> from keiluvisoin_startup.o(.text) referenced from keiluvisoin_startup.o(RESET)
 <LI><a href="#[74]">GPIOS_Handler</a> from keiluvisoin_startup.o(.text) referenced from keiluvisoin_startup.o(RESET)
 <LI><a href="#[38]">HIB_Handler</a> from keiluvisoin_startup.o(.text) referenced from keiluvisoin_startup.o(RESET)
 <LI><a href="#[6]">HardFault_Handler</a> from keiluvisoin_startup.o(.text) referenced from keiluvisoin_startup.o(RESET)
 <LI><a href="#[16]">I2C0_Handler</a> from keiluvisoin_startup.o(.text) referenced from keiluvisoin_startup.o(RESET)
 <LI><a href="#[33]">I2C1_Handler</a> from keiluvisoin_startup.o(.text) referenced from keiluvisoin_startup.o(RESET)
 <LI><a href="#[4b]">I2C2_Handler</a> from keiluvisoin_startup.o(.text) referenced from keiluvisoin_startup.o(RESET)
 <LI><a href="#[4c]">I2C3_Handler</a> from keiluvisoin_startup.o(.text) referenced from keiluvisoin_startup.o(RESET)
 <LI><a href="#[5e]">I2C4_Handler</a> from keiluvisoin_startup.o(.text) referenced from keiluvisoin_startup.o(RESET)
 <LI><a href="#[5f]">I2C5_Handler</a> from keiluvisoin_startup.o(.text) referenced from keiluvisoin_startup.o(RESET)
 <LI><a href="#[7]">MemManage_Handler</a> from keiluvisoin_startup.o(.text) referenced from keiluvisoin_startup.o(RESET)
 <LI><a href="#[5]">NMI_Handler</a> from keiluvisoin_startup.o(.text) referenced from keiluvisoin_startup.o(RESET)
 <LI><a href="#[c]">OsPort_PendSVHandler</a> from port.o(.text) referenced from keiluvisoin_startup.o(RESET)
 <LI><a href="#[2]">OsTask_ComReceive_Task</a> from schedule.o(.text) referenced 2 times from oscfg.o(.data.OsCfg_TCBs)
 <LI><a href="#[0]">OsTask_Component_Task</a> from schedule.o(.text) referenced 2 times from oscfg.o(.data.OsCfg_TCBs)
 <LI><a href="#[3]">OsTask_IdleMechanism</a> from task.o(.text) referenced 2 times from oscfg.o(.data.OsCfg_TCBs)
 <LI><a href="#[3]">OsTask_IdleMechanism</a> from task.o(.text) referenced from tcbprocessor.o(.text)
 <LI><a href="#[1]">OsTask_Main_Task</a> from schedule.o(.text) referenced 2 times from oscfg.o(.data.OsCfg_TCBs)
 <LI><a href="#[17]">PMW0_FAULT_Handler</a> from keiluvisoin_startup.o(.text) referenced from keiluvisoin_startup.o(RESET)
 <LI><a href="#[75]">PMW1_0_Handler</a> from keiluvisoin_startup.o(.text) referenced from keiluvisoin_startup.o(RESET)
 <LI><a href="#[18]">PWM0_0_Handler</a> from keiluvisoin_startup.o(.text) referenced from keiluvisoin_startup.o(RESET)
 <LI><a href="#[19]">PWM0_1_Handler</a> from keiluvisoin_startup.o(.text) referenced from keiluvisoin_startup.o(RESET)
 <LI><a href="#[1a]">PWM0_2_Handler</a> from keiluvisoin_startup.o(.text) referenced from keiluvisoin_startup.o(RESET)
 <LI><a href="#[3a]">PWM0_3_Handler</a> from keiluvisoin_startup.o(.text) referenced from keiluvisoin_startup.o(RESET)
 <LI><a href="#[76]">PWM1_1_Handler</a> from keiluvisoin_startup.o(.text) referenced from keiluvisoin_startup.o(RESET)
 <LI><a href="#[77]">PWM1_2_Handler</a> from keiluvisoin_startup.o(.text) referenced from keiluvisoin_startup.o(RESET)
 <LI><a href="#[78]">PWM1_3_Handler</a> from keiluvisoin_startup.o(.text) referenced from keiluvisoin_startup.o(RESET)
 <LI><a href="#[79]">PWM1_FAULT_Handler</a> from keiluvisoin_startup.o(.text) referenced from keiluvisoin_startup.o(RESET)
 <LI><a href="#[1b]">QEI0_Handler</a> from keiluvisoin_startup.o(.text) referenced from keiluvisoin_startup.o(RESET)
 <LI><a href="#[34]">QEI1_Handler</a> from keiluvisoin_startup.o(.text) referenced from keiluvisoin_startup.o(RESET)
 <LI><a href="#[62]">QEI2_Handler</a> from keiluvisoin_startup.o(.text) referenced from keiluvisoin_startup.o(RESET)
 <LI><a href="#[4]">Reset_Handler</a> from keiluvisoin_startup.o(.text) referenced from keiluvisoin_startup.o(RESET)
 <LI><a href="#[15]">SSI0_Handler</a> from keiluvisoin_startup.o(.text) referenced from keiluvisoin_startup.o(RESET)
 <LI><a href="#[30]">SSI1_Handler</a> from keiluvisoin_startup.o(.text) referenced from keiluvisoin_startup.o(RESET)
 <LI><a href="#[44]">SSI2_Handler</a> from keiluvisoin_startup.o(.text) referenced from keiluvisoin_startup.o(RESET)
 <LI><a href="#[45]">SSI3_Handler</a> from keiluvisoin_startup.o(.text) referenced from keiluvisoin_startup.o(RESET)
 <LI><a href="#[a]">SVC_Dispatcher</a> from task.o(.text) referenced from keiluvisoin_startup.o(RESET)
 <LI><a href="#[2a]">SYSCTL_Handler</a> from keiluvisoin_startup.o(.text) referenced from keiluvisoin_startup.o(RESET)
 <LI><a href="#[7b]">SystemInit</a> from schedule.o(.text) referenced from keiluvisoin_startup.o(.text)
 <LI><a href="#[d]">SystemTimerHandler</a> from alarm.o(.text) referenced from keiluvisoin_startup.o(RESET)
 <LI><a href="#[21]">TIMER0A_Handler</a> from keiluvisoin_startup.o(.text) referenced from keiluvisoin_startup.o(RESET)
 <LI><a href="#[22]">TIMER0B_Handler</a> from keiluvisoin_startup.o(.text) referenced from keiluvisoin_startup.o(RESET)
 <LI><a href="#[23]">TIMER1A_Handler</a> from keiluvisoin_startup.o(.text) referenced from keiluvisoin_startup.o(RESET)
 <LI><a href="#[24]">TIMER1B_Handler</a> from keiluvisoin_startup.o(.text) referenced from keiluvisoin_startup.o(RESET)
 <LI><a href="#[25]">TIMER2A_Handler</a> from keiluvisoin_startup.o(.text) referenced from keiluvisoin_startup.o(RESET)
 <LI><a href="#[26]">TIMER2B_Handler</a> from keiluvisoin_startup.o(.text) referenced from keiluvisoin_startup.o(RESET)
 <LI><a href="#[31]">TIMER3A_Handler</a> from keiluvisoin_startup.o(.text) referenced from keiluvisoin_startup.o(RESET)
 <LI><a href="#[32]">TIMER3B_Handler</a> from keiluvisoin_startup.o(.text) referenced from keiluvisoin_startup.o(RESET)
 <LI><a href="#[4d]">TIMER4A_Handler</a> from keiluvisoin_startup.o(.text) referenced from keiluvisoin_startup.o(RESET)
 <LI><a href="#[4e]">TIMER4B_Handler</a> from keiluvisoin_startup.o(.text) referenced from keiluvisoin_startup.o(RESET)
 <LI><a href="#[4f]">TIMER5A_Handler</a> from keiluvisoin_startup.o(.text) referenced from keiluvisoin_startup.o(RESET)
 <LI><a href="#[50]">TIMER5B_Handler</a> from keiluvisoin_startup.o(.text) referenced from keiluvisoin_startup.o(RESET)
 <LI><a href="#[13]">UART0_Handler</a> from keiluvisoin_startup.o(.text) referenced from keiluvisoin_startup.o(RESET)
 <LI><a href="#[14]">UART1_Handler</a> from keiluvisoin_startup.o(.text) referenced from keiluvisoin_startup.o(RESET)
 <LI><a href="#[2f]">UART2_Handler</a> from keiluvisoin_startup.o(.text) referenced from keiluvisoin_startup.o(RESET)
 <LI><a href="#[46]">UART3_Handler</a> from keiluvisoin_startup.o(.text) referenced from keiluvisoin_startup.o(RESET)
 <LI><a href="#[47]">UART4_Handler</a> from keiluvisoin_startup.o(.text) referenced from keiluvisoin_startup.o(RESET)
 <LI><a href="#[48]">UART5_Handler</a> from keiluvisoin_startup.o(.text) referenced from keiluvisoin_startup.o(RESET)
 <LI><a href="#[49]">UART6_Handler</a> from keiluvisoin_startup.o(.text) referenced from keiluvisoin_startup.o(RESET)
 <LI><a href="#[4a]">UART7_Handler</a> from keiluvisoin_startup.o(.text) referenced from keiluvisoin_startup.o(RESET)
 <LI><a href="#[3c]">UDMAERR_Handler</a> from keiluvisoin_startup.o(.text) referenced from keiluvisoin_startup.o(RESET)
 <LI><a href="#[3b]">UDMA_Handler</a> from keiluvisoin_startup.o(.text) referenced from keiluvisoin_startup.o(RESET)
 <LI><a href="#[39]">USB0_Handler</a> from keiluvisoin_startup.o(.text) referenced from keiluvisoin_startup.o(RESET)
 <LI><a href="#[9]">UsageFault_Handler</a> from keiluvisoin_startup.o(.text) referenced from keiluvisoin_startup.o(RESET)
 <LI><a href="#[20]">WDT0_Handler</a> from keiluvisoin_startup.o(.text) referenced from keiluvisoin_startup.o(RESET)
 <LI><a href="#[51]">WTIMER0A_Handler</a> from keiluvisoin_startup.o(.text) referenced from keiluvisoin_startup.o(RESET)
 <LI><a href="#[52]">WTIMER0B_Handler</a> from keiluvisoin_startup.o(.text) referenced from keiluvisoin_startup.o(RESET)
 <LI><a href="#[53]">WTIMER1A_Handler</a> from keiluvisoin_startup.o(.text) referenced from keiluvisoin_startup.o(RESET)
 <LI><a href="#[54]">WTIMER1B_Handler</a> from keiluvisoin_startup.o(.text) referenced from keiluvisoin_startup.o(RESET)
 <LI><a href="#[55]">WTIMER2A_Handler</a> from keiluvisoin_startup.o(.text) referenced from keiluvisoin_startup.o(RESET)
 <LI><a href="#[56]">WTIMER2B_Handler</a> from keiluvisoin_startup.o(.text) referenced from keiluvisoin_startup.o(RESET)
 <LI><a href="#[57]">WTIMER3A_Handler</a> from keiluvisoin_startup.o(.text) referenced from keiluvisoin_startup.o(RESET)
 <LI><a href="#[58]">WTIMER3B_Handler</a> from keiluvisoin_startup.o(.text) referenced from keiluvisoin_startup.o(RESET)
 <LI><a href="#[59]">WTIMER4A_Handler</a> from keiluvisoin_startup.o(.text) referenced from keiluvisoin_startup.o(RESET)
 <LI><a href="#[5a]">WTIMER4B_Handler</a> from keiluvisoin_startup.o(.text) referenced from keiluvisoin_startup.o(RESET)
 <LI><a href="#[5b]">WTIMER5A_Handler</a> from keiluvisoin_startup.o(.text) referenced from keiluvisoin_startup.o(RESET)
 <LI><a href="#[5c]">WTIMER5B_Handler</a> from keiluvisoin_startup.o(.text) referenced from keiluvisoin_startup.o(RESET)
 <LI><a href="#[7c]">__main</a> from entry.o(.ARM.Collect$$$$00000000) referenced from keiluvisoin_startup.o(.text)
 <LI><a href="#[7a]">main</a> from schedule.o(.text) referenced from entry9a.o(.ARM.Collect$$$$0000000B)
</UL>
<P>
<H3>
Global Symbols
</H3>
<P><STRONG><a name="[7c]"></a>__main</STRONG> (Thumb, 0 bytes, Stack size unknown bytes, entry.o(.ARM.Collect$$$$00000000))
<BR>[Address Reference Count : 1]<UL><LI> keiluvisoin_startup.o(.text)
</UL>
<P><STRONG><a name="[120]"></a>_main_stk</STRONG> (Thumb, 0 bytes, Stack size unknown bytes, entry2.o(.ARM.Collect$$$$00000001))

<P><STRONG><a name="[80]"></a>_main_scatterload</STRONG> (Thumb, 0 bytes, Stack size unknown bytes, entry5.o(.ARM.Collect$$$$00000004))
<BR><BR>[Calls]<UL><LI><a href="#[81]">&gt;&gt;</a>&nbsp;&nbsp;&nbsp;__scatterload
</UL>

<P><STRONG><a name="[11f]"></a>__main_after_scatterload</STRONG> (Thumb, 0 bytes, Stack size unknown bytes, entry5.o(.ARM.Collect$$$$00000004))
<BR><BR>[Called By]<UL><LI><a href="#[81]">&gt;&gt;</a>&nbsp;&nbsp;&nbsp;__scatterload
</UL>

<P><STRONG><a name="[121]"></a>_main_clock</STRONG> (Thumb, 0 bytes, Stack size unknown bytes, entry7b.o(.ARM.Collect$$$$00000008))

<P><STRONG><a name="[122]"></a>_main_cpp_init</STRONG> (Thumb, 0 bytes, Stack size unknown bytes, entry8b.o(.ARM.Collect$$$$0000000A))

<P><STRONG><a name="[123]"></a>_main_init</STRONG> (Thumb, 0 bytes, Stack size unknown bytes, entry9a.o(.ARM.Collect$$$$0000000B))

<P><STRONG><a name="[124]"></a>__rt_final_cpp</STRONG> (Thumb, 0 bytes, Stack size unknown bytes, entry10a.o(.ARM.Collect$$$$0000000D))

<P><STRONG><a name="[125]"></a>__rt_final_exit</STRONG> (Thumb, 0 bytes, Stack size unknown bytes, entry11a.o(.ARM.Collect$$$$0000000F))

<P><STRONG><a name="[4]"></a>Reset_Handler</STRONG> (Thumb, 8 bytes, Stack size 0 bytes, keiluvisoin_startup.o(.text))
<BR>[Address Reference Count : 1]<UL><LI> keiluvisoin_startup.o(RESET)
</UL>
<P><STRONG><a name="[5]"></a>NMI_Handler</STRONG> (Thumb, 2 bytes, Stack size 0 bytes, keiluvisoin_startup.o(.text))
<BR><BR>[Calls]<UL><LI><a href="#[5]">&gt;&gt;</a>&nbsp;&nbsp;&nbsp;NMI_Handler
</UL>
<BR>[Called By]<UL><LI><a href="#[5]">&gt;&gt;</a>&nbsp;&nbsp;&nbsp;NMI_Handler
</UL>
<BR>[Address Reference Count : 1]<UL><LI> keiluvisoin_startup.o(RESET)
</UL>
<P><STRONG><a name="[6]"></a>HardFault_Handler</STRONG> (Thumb, 2 bytes, Stack size 0 bytes, keiluvisoin_startup.o(.text))
<BR><BR>[Calls]<UL><LI><a href="#[6]">&gt;&gt;</a>&nbsp;&nbsp;&nbsp;HardFault_Handler
</UL>
<BR>[Called By]<UL><LI><a href="#[6]">&gt;&gt;</a>&nbsp;&nbsp;&nbsp;HardFault_Handler
</UL>
<BR>[Address Reference Count : 1]<UL><LI> keiluvisoin_startup.o(RESET)
</UL>
<P><STRONG><a name="[7]"></a>MemManage_Handler</STRONG> (Thumb, 2 bytes, Stack size 0 bytes, keiluvisoin_startup.o(.text))
<BR><BR>[Calls]<UL><LI><a href="#[7]">&gt;&gt;</a>&nbsp;&nbsp;&nbsp;MemManage_Handler
</UL>
<BR>[Called By]<UL><LI><a href="#[7]">&gt;&gt;</a>&nbsp;&nbsp;&nbsp;MemManage_Handler
</UL>
<BR>[Address Reference Count : 1]<UL><LI> keiluvisoin_startup.o(RESET)
</UL>
<P><STRONG><a name="[8]"></a>BusFault_Handler</STRONG> (Thumb, 2 bytes, Stack size 0 bytes, keiluvisoin_startup.o(.text))
<BR><BR>[Calls]<UL><LI><a href="#[8]">&gt;&gt;</a>&nbsp;&nbsp;&nbsp;BusFault_Handler
</UL>
<BR>[Called By]<UL><LI><a href="#[8]">&gt;&gt;</a>&nbsp;&nbsp;&nbsp;BusFault_Handler
</UL>
<BR>[Address Reference Count : 1]<UL><LI> keiluvisoin_startup.o(RESET)
</UL>
<P><STRONG><a name="[9]"></a>UsageFault_Handler</STRONG> (Thumb, 2 bytes, Stack size 0 bytes, keiluvisoin_startup.o(.text))
<BR><BR>[Calls]<UL><LI><a href="#[9]">&gt;&gt;</a>&nbsp;&nbsp;&nbsp;UsageFault_Handler
</UL>
<BR>[Called By]<UL><LI><a href="#[9]">&gt;&gt;</a>&nbsp;&nbsp;&nbsp;UsageFault_Handler
</UL>
<BR>[Address Reference Count : 1]<UL><LI> keiluvisoin_startup.o(RESET)
</UL>
<P><STRONG><a name="[7d]"></a>SVC_Handler</STRONG> (Thumb, 2 bytes, Stack size 0 bytes, keiluvisoin_startup.o(.text), UNUSED, KEPT)
<BR><BR>[Calls]<UL><LI><a href="#[7d]">&gt;&gt;</a>&nbsp;&nbsp;&nbsp;SVC_Handler
</UL>
<BR>[Called By]<UL><LI><a href="#[7d]">&gt;&gt;</a>&nbsp;&nbsp;&nbsp;SVC_Handler
</UL>

<P><STRONG><a name="[b]"></a>DebugMon_Handler</STRONG> (Thumb, 2 bytes, Stack size 0 bytes, keiluvisoin_startup.o(.text))
<BR><BR>[Calls]<UL><LI><a href="#[b]">&gt;&gt;</a>&nbsp;&nbsp;&nbsp;DebugMon_Handler
</UL>
<BR>[Called By]<UL><LI><a href="#[b]">&gt;&gt;</a>&nbsp;&nbsp;&nbsp;DebugMon_Handler
</UL>
<BR>[Address Reference Count : 1]<UL><LI> keiluvisoin_startup.o(RESET)
</UL>
<P><STRONG><a name="[7e]"></a>PendSV_Handler</STRONG> (Thumb, 2 bytes, Stack size 0 bytes, keiluvisoin_startup.o(.text), UNUSED, KEPT)
<BR><BR>[Calls]<UL><LI><a href="#[7e]">&gt;&gt;</a>&nbsp;&nbsp;&nbsp;PendSV_Handler
</UL>
<BR>[Called By]<UL><LI><a href="#[7e]">&gt;&gt;</a>&nbsp;&nbsp;&nbsp;PendSV_Handler
</UL>

<P><STRONG><a name="[7f]"></a>SysTick_Handler</STRONG> (Thumb, 2 bytes, Stack size 0 bytes, keiluvisoin_startup.o(.text), UNUSED, KEPT)
<BR><BR>[Calls]<UL><LI><a href="#[7f]">&gt;&gt;</a>&nbsp;&nbsp;&nbsp;SysTick_Handler
</UL>
<BR>[Called By]<UL><LI><a href="#[7f]">&gt;&gt;</a>&nbsp;&nbsp;&nbsp;SysTick_Handler
</UL>

<P><STRONG><a name="[e]"></a>GPIOA_Handler</STRONG> (Thumb, 2 bytes, Stack size 0 bytes, keiluvisoin_startup.o(.text))
<BR><BR>[Calls]<UL><LI><a href="#[e]">&gt;&gt;</a>&nbsp;&nbsp;&nbsp;GPIOA_Handler
</UL>
<BR>[Called By]<UL><LI><a href="#[e]">&gt;&gt;</a>&nbsp;&nbsp;&nbsp;GPIOA_Handler
</UL>
<BR>[Address Reference Count : 1]<UL><LI> keiluvisoin_startup.o(RESET)
</UL>
<P><STRONG><a name="[f]"></a>GPIOB_Handler</STRONG> (Thumb, 2 bytes, Stack size 0 bytes, keiluvisoin_startup.o(.text))
<BR><BR>[Calls]<UL><LI><a href="#[f]">&gt;&gt;</a>&nbsp;&nbsp;&nbsp;GPIOB_Handler
</UL>
<BR>[Called By]<UL><LI><a href="#[f]">&gt;&gt;</a>&nbsp;&nbsp;&nbsp;GPIOB_Handler
</UL>
<BR>[Address Reference Count : 1]<UL><LI> keiluvisoin_startup.o(RESET)
</UL>
<P><STRONG><a name="[10]"></a>GPIOC_Handler</STRONG> (Thumb, 2 bytes, Stack size 0 bytes, keiluvisoin_startup.o(.text))
<BR><BR>[Calls]<UL><LI><a href="#[10]">&gt;&gt;</a>&nbsp;&nbsp;&nbsp;GPIOC_Handler
</UL>
<BR>[Called By]<UL><LI><a href="#[10]">&gt;&gt;</a>&nbsp;&nbsp;&nbsp;GPIOC_Handler
</UL>
<BR>[Address Reference Count : 1]<UL><LI> keiluvisoin_startup.o(RESET)
</UL>
<P><STRONG><a name="[11]"></a>GPIOD_Handler</STRONG> (Thumb, 2 bytes, Stack size 0 bytes, keiluvisoin_startup.o(.text))
<BR><BR>[Calls]<UL><LI><a href="#[11]">&gt;&gt;</a>&nbsp;&nbsp;&nbsp;GPIOD_Handler
</UL>
<BR>[Called By]<UL><LI><a href="#[11]">&gt;&gt;</a>&nbsp;&nbsp;&nbsp;GPIOD_Handler
</UL>
<BR>[Address Reference Count : 1]<UL><LI> keiluvisoin_startup.o(RESET)
</UL>
<P><STRONG><a name="[12]"></a>GPIOE_Handler</STRONG> (Thumb, 2 bytes, Stack size 0 bytes, keiluvisoin_startup.o(.text))
<BR><BR>[Calls]<UL><LI><a href="#[12]">&gt;&gt;</a>&nbsp;&nbsp;&nbsp;GPIOE_Handler
</UL>
<BR>[Called By]<UL><LI><a href="#[12]">&gt;&gt;</a>&nbsp;&nbsp;&nbsp;GPIOE_Handler
</UL>
<BR>[Address Reference Count : 1]<UL><LI> keiluvisoin_startup.o(RESET)
</UL>
<P><STRONG><a name="[13]"></a>UART0_Handler</STRONG> (Thumb, 2 bytes, Stack size 0 bytes, keiluvisoin_startup.o(.text))
<BR><BR>[Calls]<UL><LI><a href="#[13]">&gt;&gt;</a>&nbsp;&nbsp;&nbsp;UART0_Handler
</UL>
<BR>[Called By]<UL><LI><a href="#[13]">&gt;&gt;</a>&nbsp;&nbsp;&nbsp;UART0_Handler
</UL>
<BR>[Address Reference Count : 1]<UL><LI> keiluvisoin_startup.o(RESET)
</UL>
<P><STRONG><a name="[14]"></a>UART1_Handler</STRONG> (Thumb, 2 bytes, Stack size 0 bytes, keiluvisoin_startup.o(.text))
<BR><BR>[Calls]<UL><LI><a href="#[14]">&gt;&gt;</a>&nbsp;&nbsp;&nbsp;UART1_Handler
</UL>
<BR>[Called By]<UL><LI><a href="#[14]">&gt;&gt;</a>&nbsp;&nbsp;&nbsp;UART1_Handler
</UL>
<BR>[Address Reference Count : 1]<UL><LI> keiluvisoin_startup.o(RESET)
</UL>
<P><STRONG><a name="[15]"></a>SSI0_Handler</STRONG> (Thumb, 2 bytes, Stack size 0 bytes, keiluvisoin_startup.o(.text))
<BR><BR>[Calls]<UL><LI><a href="#[15]">&gt;&gt;</a>&nbsp;&nbsp;&nbsp;SSI0_Handler
</UL>
<BR>[Called By]<UL><LI><a href="#[15]">&gt;&gt;</a>&nbsp;&nbsp;&nbsp;SSI0_Handler
</UL>
<BR>[Address Reference Count : 1]<UL><LI> keiluvisoin_startup.o(RESET)
</UL>
<P><STRONG><a name="[16]"></a>I2C0_Handler</STRONG> (Thumb, 2 bytes, Stack size 0 bytes, keiluvisoin_startup.o(.text))
<BR><BR>[Calls]<UL><LI><a href="#[16]">&gt;&gt;</a>&nbsp;&nbsp;&nbsp;I2C0_Handler
</UL>
<BR>[Called By]<UL><LI><a href="#[16]">&gt;&gt;</a>&nbsp;&nbsp;&nbsp;I2C0_Handler
</UL>
<BR>[Address Reference Count : 1]<UL><LI> keiluvisoin_startup.o(RESET)
</UL>
<P><STRONG><a name="[17]"></a>PMW0_FAULT_Handler</STRONG> (Thumb, 2 bytes, Stack size 0 bytes, keiluvisoin_startup.o(.text))
<BR><BR>[Calls]<UL><LI><a href="#[17]">&gt;&gt;</a>&nbsp;&nbsp;&nbsp;PMW0_FAULT_Handler
</UL>
<BR>[Called By]<UL><LI><a href="#[17]">&gt;&gt;</a>&nbsp;&nbsp;&nbsp;PMW0_FAULT_Handler
</UL>
<BR>[Address Reference Count : 1]<UL><LI> keiluvisoin_startup.o(RESET)
</UL>
<P><STRONG><a name="[18]"></a>PWM0_0_Handler</STRONG> (Thumb, 2 bytes, Stack size 0 bytes, keiluvisoin_startup.o(.text))
<BR><BR>[Calls]<UL><LI><a href="#[18]">&gt;&gt;</a>&nbsp;&nbsp;&nbsp;PWM0_0_Handler
</UL>
<BR>[Called By]<UL><LI><a href="#[18]">&gt;&gt;</a>&nbsp;&nbsp;&nbsp;PWM0_0_Handler
</UL>
<BR>[Address Reference Count : 1]<UL><LI> keiluvisoin_startup.o(RESET)
</UL>
<P><STRONG><a name="[19]"></a>PWM0_1_Handler</STRONG> (Thumb, 2 bytes, Stack size 0 bytes, keiluvisoin_startup.o(.text))
<BR><BR>[Calls]<UL><LI><a href="#[19]">&gt;&gt;</a>&nbsp;&nbsp;&nbsp;PWM0_1_Handler
</UL>
<BR>[Called By]<UL><LI><a href="#[19]">&gt;&gt;</a>&nbsp;&nbsp;&nbsp;PWM0_1_Handler
</UL>
<BR>[Address Reference Count : 1]<UL><LI> keiluvisoin_startup.o(RESET)
</UL>
<P><STRONG><a name="[1a]"></a>PWM0_2_Handler</STRONG> (Thumb, 2 bytes, Stack size 0 bytes, keiluvisoin_startup.o(.text))
<BR><BR>[Calls]<UL><LI><a href="#[1a]">&gt;&gt;</a>&nbsp;&nbsp;&nbsp;PWM0_2_Handler
</UL>
<BR>[Called By]<UL><LI><a href="#[1a]">&gt;&gt;</a>&nbsp;&nbsp;&nbsp;PWM0_2_Handler
</UL>
<BR>[Address Reference Count : 1]<UL><LI> keiluvisoin_startup.o(RESET)
</UL>
<P><STRONG><a name="[1b]"></a>QEI0_Handler</STRONG> (Thumb, 2 bytes, Stack size 0 bytes, keiluvisoin_startup.o(.text))
<BR><BR>[Calls]<UL><LI><a href="#[1b]">&gt;&gt;</a>&nbsp;&nbsp;&nbsp;QEI0_Handler
</UL>
<BR>[Called By]<UL><LI><a href="#[1b]">&gt;&gt;</a>&nbsp;&nbsp;&nbsp;QEI0_Handler
</UL>
<BR>[Address Reference Count : 1]<UL><LI> keiluvisoin_startup.o(RESET)
</UL>
<P><STRONG><a name="[1c]"></a>ADC0SS0_Handler</STRONG> (Thumb, 2 bytes, Stack size 0 bytes, keiluvisoin_startup.o(.text))
<BR><BR>[Calls]<UL><LI><a href="#[1c]">&gt;&gt;</a>&nbsp;&nbsp;&nbsp;ADC0SS0_Handler
</UL>
<BR>[Called By]<UL><LI><a href="#[1c]">&gt;&gt;</a>&nbsp;&nbsp;&nbsp;ADC0SS0_Handler
</UL>
<BR>[Address Reference Count : 1]<UL><LI> keiluvisoin_startup.o(RESET)
</UL>
<P><STRONG><a name="[1d]"></a>ADC0SS1_Handler</STRONG> (Thumb, 2 bytes, Stack size 0 bytes, keiluvisoin_startup.o(.text))
<BR><BR>[Calls]<UL><LI><a href="#[1d]">&gt;&gt;</a>&nbsp;&nbsp;&nbsp;ADC0SS1_Handler
</UL>
<BR>[Called By]<UL><LI><a href="#[1d]">&gt;&gt;</a>&nbsp;&nbsp;&nbsp;ADC0SS1_Handler
</UL>
<BR>[Address Reference Count : 1]<UL><LI> keiluvisoin_startup.o(RESET)
</UL>
<P><STRONG><a name="[1e]"></a>ADC0SS2_Handler</STRONG> (Thumb, 2 bytes, Stack size 0 bytes, keiluvisoin_startup.o(.text))
<BR><BR>[Calls]<UL><LI><a href="#[1e]">&gt;&gt;</a>&nbsp;&nbsp;&nbsp;ADC0SS2_Handler
</UL>
<BR>[Called By]<UL><LI><a href="#[1e]">&gt;&gt;</a>&nbsp;&nbsp;&nbsp;ADC0SS2_Handler
</UL>
<BR>[Address Reference Count : 1]<UL><LI> keiluvisoin_startup.o(RESET)
</UL>
<P><STRONG><a name="[1f]"></a>ADC0SS3_Handler</STRONG> (Thumb, 2 bytes, Stack size 0 bytes, keiluvisoin_startup.o(.text))
<BR><BR>[Calls]<UL><LI><a href="#[1f]">&gt;&gt;</a>&nbsp;&nbsp;&nbsp;ADC0SS3_Handler
</UL>
<BR>[Called By]<UL><LI><a href="#[1f]">&gt;&gt;</a>&nbsp;&nbsp;&nbsp;ADC0SS3_Handler
</UL>
<BR>[Address Reference Count : 1]<UL><LI> keiluvisoin_startup.o(RESET)
</UL>
<P><STRONG><a name="[20]"></a>WDT0_Handler</STRONG> (Thumb, 2 bytes, Stack size 0 bytes, keiluvisoin_startup.o(.text))
<BR><BR>[Calls]<UL><LI><a href="#[20]">&gt;&gt;</a>&nbsp;&nbsp;&nbsp;WDT0_Handler
</UL>
<BR>[Called By]<UL><LI><a href="#[20]">&gt;&gt;</a>&nbsp;&nbsp;&nbsp;WDT0_Handler
</UL>
<BR>[Address Reference Count : 1]<UL><LI> keiluvisoin_startup.o(RESET)
</UL>
<P><STRONG><a name="[21]"></a>TIMER0A_Handler</STRONG> (Thumb, 2 bytes, Stack size 0 bytes, keiluvisoin_startup.o(.text))
<BR><BR>[Calls]<UL><LI><a href="#[21]">&gt;&gt;</a>&nbsp;&nbsp;&nbsp;TIMER0A_Handler
</UL>
<BR>[Called By]<UL><LI><a href="#[21]">&gt;&gt;</a>&nbsp;&nbsp;&nbsp;TIMER0A_Handler
</UL>
<BR>[Address Reference Count : 1]<UL><LI> keiluvisoin_startup.o(RESET)
</UL>
<P><STRONG><a name="[22]"></a>TIMER0B_Handler</STRONG> (Thumb, 2 bytes, Stack size 0 bytes, keiluvisoin_startup.o(.text))
<BR><BR>[Calls]<UL><LI><a href="#[22]">&gt;&gt;</a>&nbsp;&nbsp;&nbsp;TIMER0B_Handler
</UL>
<BR>[Called By]<UL><LI><a href="#[22]">&gt;&gt;</a>&nbsp;&nbsp;&nbsp;TIMER0B_Handler
</UL>
<BR>[Address Reference Count : 1]<UL><LI> keiluvisoin_startup.o(RESET)
</UL>
<P><STRONG><a name="[23]"></a>TIMER1A_Handler</STRONG> (Thumb, 2 bytes, Stack size 0 bytes, keiluvisoin_startup.o(.text))
<BR><BR>[Calls]<UL><LI><a href="#[23]">&gt;&gt;</a>&nbsp;&nbsp;&nbsp;TIMER1A_Handler
</UL>
<BR>[Called By]<UL><LI><a href="#[23]">&gt;&gt;</a>&nbsp;&nbsp;&nbsp;TIMER1A_Handler
</UL>
<BR>[Address Reference Count : 1]<UL><LI> keiluvisoin_startup.o(RESET)
</UL>
<P><STRONG><a name="[24]"></a>TIMER1B_Handler</STRONG> (Thumb, 2 bytes, Stack size 0 bytes, keiluvisoin_startup.o(.text))
<BR><BR>[Calls]<UL><LI><a href="#[24]">&gt;&gt;</a>&nbsp;&nbsp;&nbsp;TIMER1B_Handler
</UL>
<BR>[Called By]<UL><LI><a href="#[24]">&gt;&gt;</a>&nbsp;&nbsp;&nbsp;TIMER1B_Handler
</UL>
<BR>[Address Reference Count : 1]<UL><LI> keiluvisoin_startup.o(RESET)
</UL>
<P><STRONG><a name="[25]"></a>TIMER2A_Handler</STRONG> (Thumb, 2 bytes, Stack size 0 bytes, keiluvisoin_startup.o(.text))
<BR><BR>[Calls]<UL><LI><a href="#[25]">&gt;&gt;</a>&nbsp;&nbsp;&nbsp;TIMER2A_Handler
</UL>
<BR>[Called By]<UL><LI><a href="#[25]">&gt;&gt;</a>&nbsp;&nbsp;&nbsp;TIMER2A_Handler
</UL>
<BR>[Address Reference Count : 1]<UL><LI> keiluvisoin_startup.o(RESET)
</UL>
<P><STRONG><a name="[26]"></a>TIMER2B_Handler</STRONG> (Thumb, 2 bytes, Stack size 0 bytes, keiluvisoin_startup.o(.text))
<BR><BR>[Calls]<UL><LI><a href="#[26]">&gt;&gt;</a>&nbsp;&nbsp;&nbsp;TIMER2B_Handler
</UL>
<BR>[Called By]<UL><LI><a href="#[26]">&gt;&gt;</a>&nbsp;&nbsp;&nbsp;TIMER2B_Handler
</UL>
<BR>[Address Reference Count : 1]<UL><LI> keiluvisoin_startup.o(RESET)
</UL>
<P><STRONG><a name="[27]"></a>COMP0_Handler</STRONG> (Thumb, 2 bytes, Stack size 0 bytes, keiluvisoin_startup.o(.text))
<BR><BR>[Calls]<UL><LI><a href="#[27]">&gt;&gt;</a>&nbsp;&nbsp;&nbsp;COMP0_Handler
</UL>
<BR>[Called By]<UL><LI><a href="#[27]">&gt;&gt;</a>&nbsp;&nbsp;&nbsp;COMP0_Handler
</UL>
<BR>[Address Reference Count : 1]<UL><LI> keiluvisoin_startup.o(RESET)
</UL>
<P><STRONG><a name="[28]"></a>COMP1_Handler</STRONG> (Thumb, 2 bytes, Stack size 0 bytes, keiluvisoin_startup.o(.text))
<BR><BR>[Calls]<UL><LI><a href="#[28]">&gt;&gt;</a>&nbsp;&nbsp;&nbsp;COMP1_Handler
</UL>
<BR>[Called By]<UL><LI><a href="#[28]">&gt;&gt;</a>&nbsp;&nbsp;&nbsp;COMP1_Handler
</UL>
<BR>[Address Reference Count : 1]<UL><LI> keiluvisoin_startup.o(RESET)
</UL>
<P><STRONG><a name="[29]"></a>COMP2_Handler</STRONG> (Thumb, 2 bytes, Stack size 0 bytes, keiluvisoin_startup.o(.text))
<BR><BR>[Calls]<UL><LI><a href="#[29]">&gt;&gt;</a>&nbsp;&nbsp;&nbsp;COMP2_Handler
</UL>
<BR>[Called By]<UL><LI><a href="#[29]">&gt;&gt;</a>&nbsp;&nbsp;&nbsp;COMP2_Handler
</UL>
<BR>[Address Reference Count : 1]<UL><LI> keiluvisoin_startup.o(RESET)
</UL>
<P><STRONG><a name="[2a]"></a>SYSCTL_Handler</STRONG> (Thumb, 2 bytes, Stack size 0 bytes, keiluvisoin_startup.o(.text))
<BR><BR>[Calls]<UL><LI><a href="#[2a]">&gt;&gt;</a>&nbsp;&nbsp;&nbsp;SYSCTL_Handler
</UL>
<BR>[Called By]<UL><LI><a href="#[2a]">&gt;&gt;</a>&nbsp;&nbsp;&nbsp;SYSCTL_Handler
</UL>
<BR>[Address Reference Count : 1]<UL><LI> keiluvisoin_startup.o(RESET)
</UL>
<P><STRONG><a name="[2b]"></a>FLASH_Handler</STRONG> (Thumb, 2 bytes, Stack size 0 bytes, keiluvisoin_startup.o(.text))
<BR><BR>[Calls]<UL><LI><a href="#[2b]">&gt;&gt;</a>&nbsp;&nbsp;&nbsp;FLASH_Handler
</UL>
<BR>[Called By]<UL><LI><a href="#[2b]">&gt;&gt;</a>&nbsp;&nbsp;&nbsp;FLASH_Handler
</UL>
<BR>[Address Reference Count : 1]<UL><LI> keiluvisoin_startup.o(RESET)
</UL>
<P><STRONG><a name="[2c]"></a>GPIOF_Handler</STRONG> (Thumb, 2 bytes, Stack size 0 bytes, keiluvisoin_startup.o(.text))
<BR><BR>[Calls]<UL><LI><a href="#[2c]">&gt;&gt;</a>&nbsp;&nbsp;&nbsp;GPIOF_Handler
</UL>
<BR>[Called By]<UL><LI><a href="#[2c]">&gt;&gt;</a>&nbsp;&nbsp;&nbsp;GPIOF_Handler
</UL>
<BR>[Address Reference Count : 1]<UL><LI> keiluvisoin_startup.o(RESET)
</UL>
<P><STRONG><a name="[2d]"></a>GPIOG_Handler</STRONG> (Thumb, 2 bytes, Stack size 0 bytes, keiluvisoin_startup.o(.text))
<BR><BR>[Calls]<UL><LI><a href="#[2d]">&gt;&gt;</a>&nbsp;&nbsp;&nbsp;GPIOG_Handler
</UL>
<BR>[Called By]<UL><LI><a href="#[2d]">&gt;&gt;</a>&nbsp;&nbsp;&nbsp;GPIOG_Handler
</UL>
<BR>[Address Reference Count : 1]<UL><LI> keiluvisoin_startup.o(RESET)
</UL>
<P><STRONG><a name="[2e]"></a>GPIOH_Handler</STRONG> (Thumb, 2 bytes, Stack size 0 bytes, keiluvisoin_startup.o(.text))
<BR><BR>[Calls]<UL><LI><a href="#[2e]">&gt;&gt;</a>&nbsp;&nbsp;&nbsp;GPIOH_Handler
</UL>
<BR>[Called By]<UL><LI><a href="#[2e]">&gt;&gt;</a>&nbsp;&nbsp;&nbsp;GPIOH_Handler
</UL>
<BR>[Address Reference Count : 1]<UL><LI> keiluvisoin_startup.o(RESET)
</UL>
<P><STRONG><a name="[2f]"></a>UART2_Handler</STRONG> (Thumb, 2 bytes, Stack size 0 bytes, keiluvisoin_startup.o(.text))
<BR><BR>[Calls]<UL><LI><a href="#[2f]">&gt;&gt;</a>&nbsp;&nbsp;&nbsp;UART2_Handler
</UL>
<BR>[Called By]<UL><LI><a href="#[2f]">&gt;&gt;</a>&nbsp;&nbsp;&nbsp;UART2_Handler
</UL>
<BR>[Address Reference Count : 1]<UL><LI> keiluvisoin_startup.o(RESET)
</UL>
<P><STRONG><a name="[30]"></a>SSI1_Handler</STRONG> (Thumb, 2 bytes, Stack size 0 bytes, keiluvisoin_startup.o(.text))
<BR><BR>[Calls]<UL><LI><a href="#[30]">&gt;&gt;</a>&nbsp;&nbsp;&nbsp;SSI1_Handler
</UL>
<BR>[Called By]<UL><LI><a href="#[30]">&gt;&gt;</a>&nbsp;&nbsp;&nbsp;SSI1_Handler
</UL>
<BR>[Address Reference Count : 1]<UL><LI> keiluvisoin_startup.o(RESET)
</UL>
<P><STRONG><a name="[31]"></a>TIMER3A_Handler</STRONG> (Thumb, 2 bytes, Stack size 0 bytes, keiluvisoin_startup.o(.text))
<BR><BR>[Calls]<UL><LI><a href="#[31]">&gt;&gt;</a>&nbsp;&nbsp;&nbsp;TIMER3A_Handler
</UL>
<BR>[Called By]<UL><LI><a href="#[31]">&gt;&gt;</a>&nbsp;&nbsp;&nbsp;TIMER3A_Handler
</UL>
<BR>[Address Reference Count : 1]<UL><LI> keiluvisoin_startup.o(RESET)
</UL>
<P><STRONG><a name="[32]"></a>TIMER3B_Handler</STRONG> (Thumb, 2 bytes, Stack size 0 bytes, keiluvisoin_startup.o(.text))
<BR><BR>[Calls]<UL><LI><a href="#[32]">&gt;&gt;</a>&nbsp;&nbsp;&nbsp;TIMER3B_Handler
</UL>
<BR>[Called By]<UL><LI><a href="#[32]">&gt;&gt;</a>&nbsp;&nbsp;&nbsp;TIMER3B_Handler
</UL>
<BR>[Address Reference Count : 1]<UL><LI> keiluvisoin_startup.o(RESET)
</UL>
<P><STRONG><a name="[33]"></a>I2C1_Handler</STRONG> (Thumb, 2 bytes, Stack size 0 bytes, keiluvisoin_startup.o(.text))
<BR><BR>[Calls]<UL><LI><a href="#[33]">&gt;&gt;</a>&nbsp;&nbsp;&nbsp;I2C1_Handler
</UL>
<BR>[Called By]<UL><LI><a href="#[33]">&gt;&gt;</a>&nbsp;&nbsp;&nbsp;I2C1_Handler
</UL>
<BR>[Address Reference Count : 1]<UL><LI> keiluvisoin_startup.o(RESET)
</UL>
<P><STRONG><a name="[34]"></a>QEI1_Handler</STRONG> (Thumb, 2 bytes, Stack size 0 bytes, keiluvisoin_startup.o(.text))
<BR><BR>[Calls]<UL><LI><a href="#[34]">&gt;&gt;</a>&nbsp;&nbsp;&nbsp;QEI1_Handler
</UL>
<BR>[Called By]<UL><LI><a href="#[34]">&gt;&gt;</a>&nbsp;&nbsp;&nbsp;QEI1_Handler
</UL>
<BR>[Address Reference Count : 1]<UL><LI> keiluvisoin_startup.o(RESET)
</UL>
<P><STRONG><a name="[35]"></a>CAN0_Handler</STRONG> (Thumb, 2 bytes, Stack size 0 bytes, keiluvisoin_startup.o(.text))
<BR><BR>[Calls]<UL><LI><a href="#[35]">&gt;&gt;</a>&nbsp;&nbsp;&nbsp;CAN0_Handler
</UL>
<BR>[Called By]<UL><LI><a href="#[35]">&gt;&gt;</a>&nbsp;&nbsp;&nbsp;CAN0_Handler
</UL>
<BR>[Address Reference Count : 1]<UL><LI> keiluvisoin_startup.o(RESET)
</UL>
<P><STRONG><a name="[36]"></a>CAN1_Handler</STRONG> (Thumb, 2 bytes, Stack size 0 bytes, keiluvisoin_startup.o(.text))
<BR><BR>[Calls]<UL><LI><a href="#[36]">&gt;&gt;</a>&nbsp;&nbsp;&nbsp;CAN1_Handler
</UL>
<BR>[Called By]<UL><LI><a href="#[36]">&gt;&gt;</a>&nbsp;&nbsp;&nbsp;CAN1_Handler
</UL>
<BR>[Address Reference Count : 1]<UL><LI> keiluvisoin_startup.o(RESET)
</UL>
<P><STRONG><a name="[37]"></a>CAN2_Handler</STRONG> (Thumb, 2 bytes, Stack size 0 bytes, keiluvisoin_startup.o(.text))
<BR><BR>[Calls]<UL><LI><a href="#[37]">&gt;&gt;</a>&nbsp;&nbsp;&nbsp;CAN2_Handler
</UL>
<BR>[Called By]<UL><LI><a href="#[37]">&gt;&gt;</a>&nbsp;&nbsp;&nbsp;CAN2_Handler
</UL>
<BR>[Address Reference Count : 1]<UL><LI> keiluvisoin_startup.o(RESET)
</UL>
<P><STRONG><a name="[38]"></a>HIB_Handler</STRONG> (Thumb, 2 bytes, Stack size 0 bytes, keiluvisoin_startup.o(.text))
<BR><BR>[Calls]<UL><LI><a href="#[38]">&gt;&gt;</a>&nbsp;&nbsp;&nbsp;HIB_Handler
</UL>
<BR>[Called By]<UL><LI><a href="#[38]">&gt;&gt;</a>&nbsp;&nbsp;&nbsp;HIB_Handler
</UL>
<BR>[Address Reference Count : 1]<UL><LI> keiluvisoin_startup.o(RESET)
</UL>
<P><STRONG><a name="[39]"></a>USB0_Handler</STRONG> (Thumb, 2 bytes, Stack size 0 bytes, keiluvisoin_startup.o(.text))
<BR><BR>[Calls]<UL><LI><a href="#[39]">&gt;&gt;</a>&nbsp;&nbsp;&nbsp;USB0_Handler
</UL>
<BR>[Called By]<UL><LI><a href="#[39]">&gt;&gt;</a>&nbsp;&nbsp;&nbsp;USB0_Handler
</UL>
<BR>[Address Reference Count : 1]<UL><LI> keiluvisoin_startup.o(RESET)
</UL>
<P><STRONG><a name="[3a]"></a>PWM0_3_Handler</STRONG> (Thumb, 2 bytes, Stack size 0 bytes, keiluvisoin_startup.o(.text))
<BR><BR>[Calls]<UL><LI><a href="#[3a]">&gt;&gt;</a>&nbsp;&nbsp;&nbsp;PWM0_3_Handler
</UL>
<BR>[Called By]<UL><LI><a href="#[3a]">&gt;&gt;</a>&nbsp;&nbsp;&nbsp;PWM0_3_Handler
</UL>
<BR>[Address Reference Count : 1]<UL><LI> keiluvisoin_startup.o(RESET)
</UL>
<P><STRONG><a name="[3b]"></a>UDMA_Handler</STRONG> (Thumb, 2 bytes, Stack size 0 bytes, keiluvisoin_startup.o(.text))
<BR><BR>[Calls]<UL><LI><a href="#[3b]">&gt;&gt;</a>&nbsp;&nbsp;&nbsp;UDMA_Handler
</UL>
<BR>[Called By]<UL><LI><a href="#[3b]">&gt;&gt;</a>&nbsp;&nbsp;&nbsp;UDMA_Handler
</UL>
<BR>[Address Reference Count : 1]<UL><LI> keiluvisoin_startup.o(RESET)
</UL>
<P><STRONG><a name="[3c]"></a>UDMAERR_Handler</STRONG> (Thumb, 2 bytes, Stack size 0 bytes, keiluvisoin_startup.o(.text))
<BR><BR>[Calls]<UL><LI><a href="#[3c]">&gt;&gt;</a>&nbsp;&nbsp;&nbsp;UDMAERR_Handler
</UL>
<BR>[Called By]<UL><LI><a href="#[3c]">&gt;&gt;</a>&nbsp;&nbsp;&nbsp;UDMAERR_Handler
</UL>
<BR>[Address Reference Count : 1]<UL><LI> keiluvisoin_startup.o(RESET)
</UL>
<P><STRONG><a name="[3d]"></a>ADC1SS0_Handler</STRONG> (Thumb, 2 bytes, Stack size 0 bytes, keiluvisoin_startup.o(.text))
<BR><BR>[Calls]<UL><LI><a href="#[3d]">&gt;&gt;</a>&nbsp;&nbsp;&nbsp;ADC1SS0_Handler
</UL>
<BR>[Called By]<UL><LI><a href="#[3d]">&gt;&gt;</a>&nbsp;&nbsp;&nbsp;ADC1SS0_Handler
</UL>
<BR>[Address Reference Count : 1]<UL><LI> keiluvisoin_startup.o(RESET)
</UL>
<P><STRONG><a name="[3e]"></a>ADC1SS1_Handler</STRONG> (Thumb, 2 bytes, Stack size 0 bytes, keiluvisoin_startup.o(.text))
<BR><BR>[Calls]<UL><LI><a href="#[3e]">&gt;&gt;</a>&nbsp;&nbsp;&nbsp;ADC1SS1_Handler
</UL>
<BR>[Called By]<UL><LI><a href="#[3e]">&gt;&gt;</a>&nbsp;&nbsp;&nbsp;ADC1SS1_Handler
</UL>
<BR>[Address Reference Count : 1]<UL><LI> keiluvisoin_startup.o(RESET)
</UL>
<P><STRONG><a name="[3f]"></a>ADC1SS2_Handler</STRONG> (Thumb, 2 bytes, Stack size 0 bytes, keiluvisoin_startup.o(.text))
<BR><BR>[Calls]<UL><LI><a href="#[3f]">&gt;&gt;</a>&nbsp;&nbsp;&nbsp;ADC1SS2_Handler
</UL>
<BR>[Called By]<UL><LI><a href="#[3f]">&gt;&gt;</a>&nbsp;&nbsp;&nbsp;ADC1SS2_Handler
</UL>
<BR>[Address Reference Count : 1]<UL><LI> keiluvisoin_startup.o(RESET)
</UL>
<P><STRONG><a name="[40]"></a>ADC1SS3_Handler</STRONG> (Thumb, 2 bytes, Stack size 0 bytes, keiluvisoin_startup.o(.text))
<BR><BR>[Calls]<UL><LI><a href="#[40]">&gt;&gt;</a>&nbsp;&nbsp;&nbsp;ADC1SS3_Handler
</UL>
<BR>[Called By]<UL><LI><a href="#[40]">&gt;&gt;</a>&nbsp;&nbsp;&nbsp;ADC1SS3_Handler
</UL>
<BR>[Address Reference Count : 1]<UL><LI> keiluvisoin_startup.o(RESET)
</UL>
<P><STRONG><a name="[41]"></a>GPIOJ_Handler</STRONG> (Thumb, 2 bytes, Stack size 0 bytes, keiluvisoin_startup.o(.text))
<BR><BR>[Calls]<UL><LI><a href="#[41]">&gt;&gt;</a>&nbsp;&nbsp;&nbsp;GPIOJ_Handler
</UL>
<BR>[Called By]<UL><LI><a href="#[41]">&gt;&gt;</a>&nbsp;&nbsp;&nbsp;GPIOJ_Handler
</UL>
<BR>[Address Reference Count : 1]<UL><LI> keiluvisoin_startup.o(RESET)
</UL>
<P><STRONG><a name="[42]"></a>GPIOK_Handler</STRONG> (Thumb, 2 bytes, Stack size 0 bytes, keiluvisoin_startup.o(.text))
<BR><BR>[Calls]<UL><LI><a href="#[42]">&gt;&gt;</a>&nbsp;&nbsp;&nbsp;GPIOK_Handler
</UL>
<BR>[Called By]<UL><LI><a href="#[42]">&gt;&gt;</a>&nbsp;&nbsp;&nbsp;GPIOK_Handler
</UL>
<BR>[Address Reference Count : 1]<UL><LI> keiluvisoin_startup.o(RESET)
</UL>
<P><STRONG><a name="[43]"></a>GPIOL_Handler</STRONG> (Thumb, 2 bytes, Stack size 0 bytes, keiluvisoin_startup.o(.text))
<BR><BR>[Calls]<UL><LI><a href="#[43]">&gt;&gt;</a>&nbsp;&nbsp;&nbsp;GPIOL_Handler
</UL>
<BR>[Called By]<UL><LI><a href="#[43]">&gt;&gt;</a>&nbsp;&nbsp;&nbsp;GPIOL_Handler
</UL>
<BR>[Address Reference Count : 1]<UL><LI> keiluvisoin_startup.o(RESET)
</UL>
<P><STRONG><a name="[44]"></a>SSI2_Handler</STRONG> (Thumb, 2 bytes, Stack size 0 bytes, keiluvisoin_startup.o(.text))
<BR><BR>[Calls]<UL><LI><a href="#[44]">&gt;&gt;</a>&nbsp;&nbsp;&nbsp;SSI2_Handler
</UL>
<BR>[Called By]<UL><LI><a href="#[44]">&gt;&gt;</a>&nbsp;&nbsp;&nbsp;SSI2_Handler
</UL>
<BR>[Address Reference Count : 1]<UL><LI> keiluvisoin_startup.o(RESET)
</UL>
<P><STRONG><a name="[45]"></a>SSI3_Handler</STRONG> (Thumb, 2 bytes, Stack size 0 bytes, keiluvisoin_startup.o(.text))
<BR><BR>[Calls]<UL><LI><a href="#[45]">&gt;&gt;</a>&nbsp;&nbsp;&nbsp;SSI3_Handler
</UL>
<BR>[Called By]<UL><LI><a href="#[45]">&gt;&gt;</a>&nbsp;&nbsp;&nbsp;SSI3_Handler
</UL>
<BR>[Address Reference Count : 1]<UL><LI> keiluvisoin_startup.o(RESET)
</UL>
<P><STRONG><a name="[46]"></a>UART3_Handler</STRONG> (Thumb, 2 bytes, Stack size 0 bytes, keiluvisoin_startup.o(.text))
<BR><BR>[Calls]<UL><LI><a href="#[46]">&gt;&gt;</a>&nbsp;&nbsp;&nbsp;UART3_Handler
</UL>
<BR>[Called By]<UL><LI><a href="#[46]">&gt;&gt;</a>&nbsp;&nbsp;&nbsp;UART3_Handler
</UL>
<BR>[Address Reference Count : 1]<UL><LI> keiluvisoin_startup.o(RESET)
</UL>
<P><STRONG><a name="[47]"></a>UART4_Handler</STRONG> (Thumb, 2 bytes, Stack size 0 bytes, keiluvisoin_startup.o(.text))
<BR><BR>[Calls]<UL><LI><a href="#[47]">&gt;&gt;</a>&nbsp;&nbsp;&nbsp;UART4_Handler
</UL>
<BR>[Called By]<UL><LI><a href="#[47]">&gt;&gt;</a>&nbsp;&nbsp;&nbsp;UART4_Handler
</UL>
<BR>[Address Reference Count : 1]<UL><LI> keiluvisoin_startup.o(RESET)
</UL>
<P><STRONG><a name="[48]"></a>UART5_Handler</STRONG> (Thumb, 2 bytes, Stack size 0 bytes, keiluvisoin_startup.o(.text))
<BR><BR>[Calls]<UL><LI><a href="#[48]">&gt;&gt;</a>&nbsp;&nbsp;&nbsp;UART5_Handler
</UL>
<BR>[Called By]<UL><LI><a href="#[48]">&gt;&gt;</a>&nbsp;&nbsp;&nbsp;UART5_Handler
</UL>
<BR>[Address Reference Count : 1]<UL><LI> keiluvisoin_startup.o(RESET)
</UL>
<P><STRONG><a name="[49]"></a>UART6_Handler</STRONG> (Thumb, 2 bytes, Stack size 0 bytes, keiluvisoin_startup.o(.text))
<BR><BR>[Calls]<UL><LI><a href="#[49]">&gt;&gt;</a>&nbsp;&nbsp;&nbsp;UART6_Handler
</UL>
<BR>[Called By]<UL><LI><a href="#[49]">&gt;&gt;</a>&nbsp;&nbsp;&nbsp;UART6_Handler
</UL>
<BR>[Address Reference Count : 1]<UL><LI> keiluvisoin_startup.o(RESET)
</UL>
<P><STRONG><a name="[4a]"></a>UART7_Handler</STRONG> (Thumb, 2 bytes, Stack size 0 bytes, keiluvisoin_startup.o(.text))
<BR><BR>[Calls]<UL><LI><a href="#[4a]">&gt;&gt;</a>&nbsp;&nbsp;&nbsp;UART7_Handler
</UL>
<BR>[Called By]<UL><LI><a href="#[4a]">&gt;&gt;</a>&nbsp;&nbsp;&nbsp;UART7_Handler
</UL>
<BR>[Address Reference Count : 1]<UL><LI> keiluvisoin_startup.o(RESET)
</UL>
<P><STRONG><a name="[4b]"></a>I2C2_Handler</STRONG> (Thumb, 2 bytes, Stack size 0 bytes, keiluvisoin_startup.o(.text))
<BR><BR>[Calls]<UL><LI><a href="#[4b]">&gt;&gt;</a>&nbsp;&nbsp;&nbsp;I2C2_Handler
</UL>
<BR>[Called By]<UL><LI><a href="#[4b]">&gt;&gt;</a>&nbsp;&nbsp;&nbsp;I2C2_Handler
</UL>
<BR>[Address Reference Count : 1]<UL><LI> keiluvisoin_startup.o(RESET)
</UL>
<P><STRONG><a name="[4c]"></a>I2C3_Handler</STRONG> (Thumb, 2 bytes, Stack size 0 bytes, keiluvisoin_startup.o(.text))
<BR><BR>[Calls]<UL><LI><a href="#[4c]">&gt;&gt;</a>&nbsp;&nbsp;&nbsp;I2C3_Handler
</UL>
<BR>[Called By]<UL><LI><a href="#[4c]">&gt;&gt;</a>&nbsp;&nbsp;&nbsp;I2C3_Handler
</UL>
<BR>[Address Reference Count : 1]<UL><LI> keiluvisoin_startup.o(RESET)
</UL>
<P><STRONG><a name="[4d]"></a>TIMER4A_Handler</STRONG> (Thumb, 2 bytes, Stack size 0 bytes, keiluvisoin_startup.o(.text))
<BR><BR>[Calls]<UL><LI><a href="#[4d]">&gt;&gt;</a>&nbsp;&nbsp;&nbsp;TIMER4A_Handler
</UL>
<BR>[Called By]<UL><LI><a href="#[4d]">&gt;&gt;</a>&nbsp;&nbsp;&nbsp;TIMER4A_Handler
</UL>
<BR>[Address Reference Count : 1]<UL><LI> keiluvisoin_startup.o(RESET)
</UL>
<P><STRONG><a name="[4e]"></a>TIMER4B_Handler</STRONG> (Thumb, 2 bytes, Stack size 0 bytes, keiluvisoin_startup.o(.text))
<BR><BR>[Calls]<UL><LI><a href="#[4e]">&gt;&gt;</a>&nbsp;&nbsp;&nbsp;TIMER4B_Handler
</UL>
<BR>[Called By]<UL><LI><a href="#[4e]">&gt;&gt;</a>&nbsp;&nbsp;&nbsp;TIMER4B_Handler
</UL>
<BR>[Address Reference Count : 1]<UL><LI> keiluvisoin_startup.o(RESET)
</UL>
<P><STRONG><a name="[4f]"></a>TIMER5A_Handler</STRONG> (Thumb, 2 bytes, Stack size 0 bytes, keiluvisoin_startup.o(.text))
<BR><BR>[Calls]<UL><LI><a href="#[4f]">&gt;&gt;</a>&nbsp;&nbsp;&nbsp;TIMER5A_Handler
</UL>
<BR>[Called By]<UL><LI><a href="#[4f]">&gt;&gt;</a>&nbsp;&nbsp;&nbsp;TIMER5A_Handler
</UL>
<BR>[Address Reference Count : 1]<UL><LI> keiluvisoin_startup.o(RESET)
</UL>
<P><STRONG><a name="[50]"></a>TIMER5B_Handler</STRONG> (Thumb, 2 bytes, Stack size 0 bytes, keiluvisoin_startup.o(.text))
<BR><BR>[Calls]<UL><LI><a href="#[50]">&gt;&gt;</a>&nbsp;&nbsp;&nbsp;TIMER5B_Handler
</UL>
<BR>[Called By]<UL><LI><a href="#[50]">&gt;&gt;</a>&nbsp;&nbsp;&nbsp;TIMER5B_Handler
</UL>
<BR>[Address Reference Count : 1]<UL><LI> keiluvisoin_startup.o(RESET)
</UL>
<P><STRONG><a name="[51]"></a>WTIMER0A_Handler</STRONG> (Thumb, 2 bytes, Stack size 0 bytes, keiluvisoin_startup.o(.text))
<BR><BR>[Calls]<UL><LI><a href="#[51]">&gt;&gt;</a>&nbsp;&nbsp;&nbsp;WTIMER0A_Handler
</UL>
<BR>[Called By]<UL><LI><a href="#[51]">&gt;&gt;</a>&nbsp;&nbsp;&nbsp;WTIMER0A_Handler
</UL>
<BR>[Address Reference Count : 1]<UL><LI> keiluvisoin_startup.o(RESET)
</UL>
<P><STRONG><a name="[52]"></a>WTIMER0B_Handler</STRONG> (Thumb, 2 bytes, Stack size 0 bytes, keiluvisoin_startup.o(.text))
<BR><BR>[Calls]<UL><LI><a href="#[52]">&gt;&gt;</a>&nbsp;&nbsp;&nbsp;WTIMER0B_Handler
</UL>
<BR>[Called By]<UL><LI><a href="#[52]">&gt;&gt;</a>&nbsp;&nbsp;&nbsp;WTIMER0B_Handler
</UL>
<BR>[Address Reference Count : 1]<UL><LI> keiluvisoin_startup.o(RESET)
</UL>
<P><STRONG><a name="[53]"></a>WTIMER1A_Handler</STRONG> (Thumb, 2 bytes, Stack size 0 bytes, keiluvisoin_startup.o(.text))
<BR><BR>[Calls]<UL><LI><a href="#[53]">&gt;&gt;</a>&nbsp;&nbsp;&nbsp;WTIMER1A_Handler
</UL>
<BR>[Called By]<UL><LI><a href="#[53]">&gt;&gt;</a>&nbsp;&nbsp;&nbsp;WTIMER1A_Handler
</UL>
<BR>[Address Reference Count : 1]<UL><LI> keiluvisoin_startup.o(RESET)
</UL>
<P><STRONG><a name="[54]"></a>WTIMER1B_Handler</STRONG> (Thumb, 2 bytes, Stack size 0 bytes, keiluvisoin_startup.o(.text))
<BR><BR>[Calls]<UL><LI><a href="#[54]">&gt;&gt;</a>&nbsp;&nbsp;&nbsp;WTIMER1B_Handler
</UL>
<BR>[Called By]<UL><LI><a href="#[54]">&gt;&gt;</a>&nbsp;&nbsp;&nbsp;WTIMER1B_Handler
</UL>
<BR>[Address Reference Count : 1]<UL><LI> keiluvisoin_startup.o(RESET)
</UL>
<P><STRONG><a name="[55]"></a>WTIMER2A_Handler</STRONG> (Thumb, 2 bytes, Stack size 0 bytes, keiluvisoin_startup.o(.text))
<BR><BR>[Calls]<UL><LI><a href="#[55]">&gt;&gt;</a>&nbsp;&nbsp;&nbsp;WTIMER2A_Handler
</UL>
<BR>[Called By]<UL><LI><a href="#[55]">&gt;&gt;</a>&nbsp;&nbsp;&nbsp;WTIMER2A_Handler
</UL>
<BR>[Address Reference Count : 1]<UL><LI> keiluvisoin_startup.o(RESET)
</UL>
<P><STRONG><a name="[56]"></a>WTIMER2B_Handler</STRONG> (Thumb, 2 bytes, Stack size 0 bytes, keiluvisoin_startup.o(.text))
<BR><BR>[Calls]<UL><LI><a href="#[56]">&gt;&gt;</a>&nbsp;&nbsp;&nbsp;WTIMER2B_Handler
</UL>
<BR>[Called By]<UL><LI><a href="#[56]">&gt;&gt;</a>&nbsp;&nbsp;&nbsp;WTIMER2B_Handler
</UL>
<BR>[Address Reference Count : 1]<UL><LI> keiluvisoin_startup.o(RESET)
</UL>
<P><STRONG><a name="[57]"></a>WTIMER3A_Handler</STRONG> (Thumb, 2 bytes, Stack size 0 bytes, keiluvisoin_startup.o(.text))
<BR><BR>[Calls]<UL><LI><a href="#[57]">&gt;&gt;</a>&nbsp;&nbsp;&nbsp;WTIMER3A_Handler
</UL>
<BR>[Called By]<UL><LI><a href="#[57]">&gt;&gt;</a>&nbsp;&nbsp;&nbsp;WTIMER3A_Handler
</UL>
<BR>[Address Reference Count : 1]<UL><LI> keiluvisoin_startup.o(RESET)
</UL>
<P><STRONG><a name="[58]"></a>WTIMER3B_Handler</STRONG> (Thumb, 2 bytes, Stack size 0 bytes, keiluvisoin_startup.o(.text))
<BR><BR>[Calls]<UL><LI><a href="#[58]">&gt;&gt;</a>&nbsp;&nbsp;&nbsp;WTIMER3B_Handler
</UL>
<BR>[Called By]<UL><LI><a href="#[58]">&gt;&gt;</a>&nbsp;&nbsp;&nbsp;WTIMER3B_Handler
</UL>
<BR>[Address Reference Count : 1]<UL><LI> keiluvisoin_startup.o(RESET)
</UL>
<P><STRONG><a name="[59]"></a>WTIMER4A_Handler</STRONG> (Thumb, 2 bytes, Stack size 0 bytes, keiluvisoin_startup.o(.text))
<BR><BR>[Calls]<UL><LI><a href="#[59]">&gt;&gt;</a>&nbsp;&nbsp;&nbsp;WTIMER4A_Handler
</UL>
<BR>[Called By]<UL><LI><a href="#[59]">&gt;&gt;</a>&nbsp;&nbsp;&nbsp;WTIMER4A_Handler
</UL>
<BR>[Address Reference Count : 1]<UL><LI> keiluvisoin_startup.o(RESET)
</UL>
<P><STRONG><a name="[5a]"></a>WTIMER4B_Handler</STRONG> (Thumb, 2 bytes, Stack size 0 bytes, keiluvisoin_startup.o(.text))
<BR><BR>[Calls]<UL><LI><a href="#[5a]">&gt;&gt;</a>&nbsp;&nbsp;&nbsp;WTIMER4B_Handler
</UL>
<BR>[Called By]<UL><LI><a href="#[5a]">&gt;&gt;</a>&nbsp;&nbsp;&nbsp;WTIMER4B_Handler
</UL>
<BR>[Address Reference Count : 1]<UL><LI> keiluvisoin_startup.o(RESET)
</UL>
<P><STRONG><a name="[5b]"></a>WTIMER5A_Handler</STRONG> (Thumb, 2 bytes, Stack size 0 bytes, keiluvisoin_startup.o(.text))
<BR><BR>[Calls]<UL><LI><a href="#[5b]">&gt;&gt;</a>&nbsp;&nbsp;&nbsp;WTIMER5A_Handler
</UL>
<BR>[Called By]<UL><LI><a href="#[5b]">&gt;&gt;</a>&nbsp;&nbsp;&nbsp;WTIMER5A_Handler
</UL>
<BR>[Address Reference Count : 1]<UL><LI> keiluvisoin_startup.o(RESET)
</UL>
<P><STRONG><a name="[5c]"></a>WTIMER5B_Handler</STRONG> (Thumb, 2 bytes, Stack size 0 bytes, keiluvisoin_startup.o(.text))
<BR><BR>[Calls]<UL><LI><a href="#[5c]">&gt;&gt;</a>&nbsp;&nbsp;&nbsp;WTIMER5B_Handler
</UL>
<BR>[Called By]<UL><LI><a href="#[5c]">&gt;&gt;</a>&nbsp;&nbsp;&nbsp;WTIMER5B_Handler
</UL>
<BR>[Address Reference Count : 1]<UL><LI> keiluvisoin_startup.o(RESET)
</UL>
<P><STRONG><a name="[5d]"></a>FPU_Handler</STRONG> (Thumb, 2 bytes, Stack size 0 bytes, keiluvisoin_startup.o(.text))
<BR><BR>[Calls]<UL><LI><a href="#[5d]">&gt;&gt;</a>&nbsp;&nbsp;&nbsp;FPU_Handler
</UL>
<BR>[Called By]<UL><LI><a href="#[5d]">&gt;&gt;</a>&nbsp;&nbsp;&nbsp;FPU_Handler
</UL>
<BR>[Address Reference Count : 1]<UL><LI> keiluvisoin_startup.o(RESET)
</UL>
<P><STRONG><a name="[5e]"></a>I2C4_Handler</STRONG> (Thumb, 2 bytes, Stack size 0 bytes, keiluvisoin_startup.o(.text))
<BR><BR>[Calls]<UL><LI><a href="#[5e]">&gt;&gt;</a>&nbsp;&nbsp;&nbsp;I2C4_Handler
</UL>
<BR>[Called By]<UL><LI><a href="#[5e]">&gt;&gt;</a>&nbsp;&nbsp;&nbsp;I2C4_Handler
</UL>
<BR>[Address Reference Count : 1]<UL><LI> keiluvisoin_startup.o(RESET)
</UL>
<P><STRONG><a name="[5f]"></a>I2C5_Handler</STRONG> (Thumb, 2 bytes, Stack size 0 bytes, keiluvisoin_startup.o(.text))
<BR><BR>[Calls]<UL><LI><a href="#[5f]">&gt;&gt;</a>&nbsp;&nbsp;&nbsp;I2C5_Handler
</UL>
<BR>[Called By]<UL><LI><a href="#[5f]">&gt;&gt;</a>&nbsp;&nbsp;&nbsp;I2C5_Handler
</UL>
<BR>[Address Reference Count : 1]<UL><LI> keiluvisoin_startup.o(RESET)
</UL>
<P><STRONG><a name="[60]"></a>GPIOM_Handler</STRONG> (Thumb, 2 bytes, Stack size 0 bytes, keiluvisoin_startup.o(.text))
<BR><BR>[Calls]<UL><LI><a href="#[60]">&gt;&gt;</a>&nbsp;&nbsp;&nbsp;GPIOM_Handler
</UL>
<BR>[Called By]<UL><LI><a href="#[60]">&gt;&gt;</a>&nbsp;&nbsp;&nbsp;GPIOM_Handler
</UL>
<BR>[Address Reference Count : 1]<UL><LI> keiluvisoin_startup.o(RESET)
</UL>
<P><STRONG><a name="[61]"></a>GPION_Handler</STRONG> (Thumb, 2 bytes, Stack size 0 bytes, keiluvisoin_startup.o(.text))
<BR><BR>[Calls]<UL><LI><a href="#[61]">&gt;&gt;</a>&nbsp;&nbsp;&nbsp;GPION_Handler
</UL>
<BR>[Called By]<UL><LI><a href="#[61]">&gt;&gt;</a>&nbsp;&nbsp;&nbsp;GPION_Handler
</UL>
<BR>[Address Reference Count : 1]<UL><LI> keiluvisoin_startup.o(RESET)
</UL>
<P><STRONG><a name="[62]"></a>QEI2_Handler</STRONG> (Thumb, 2 bytes, Stack size 0 bytes, keiluvisoin_startup.o(.text))
<BR><BR>[Calls]<UL><LI><a href="#[62]">&gt;&gt;</a>&nbsp;&nbsp;&nbsp;QEI2_Handler
</UL>
<BR>[Called By]<UL><LI><a href="#[62]">&gt;&gt;</a>&nbsp;&nbsp;&nbsp;QEI2_Handler
</UL>
<BR>[Address Reference Count : 1]<UL><LI> keiluvisoin_startup.o(RESET)
</UL>
<P><STRONG><a name="[63]"></a>GPIOP0_Handler</STRONG> (Thumb, 2 bytes, Stack size 0 bytes, keiluvisoin_startup.o(.text))
<BR><BR>[Calls]<UL><LI><a href="#[63]">&gt;&gt;</a>&nbsp;&nbsp;&nbsp;GPIOP0_Handler
</UL>
<BR>[Called By]<UL><LI><a href="#[63]">&gt;&gt;</a>&nbsp;&nbsp;&nbsp;GPIOP0_Handler
</UL>
<BR>[Address Reference Count : 1]<UL><LI> keiluvisoin_startup.o(RESET)
</UL>
<P><STRONG><a name="[64]"></a>GPIOP1_Handler</STRONG> (Thumb, 2 bytes, Stack size 0 bytes, keiluvisoin_startup.o(.text))
<BR><BR>[Calls]<UL><LI><a href="#[64]">&gt;&gt;</a>&nbsp;&nbsp;&nbsp;GPIOP1_Handler
</UL>
<BR>[Called By]<UL><LI><a href="#[64]">&gt;&gt;</a>&nbsp;&nbsp;&nbsp;GPIOP1_Handler
</UL>
<BR>[Address Reference Count : 1]<UL><LI> keiluvisoin_startup.o(RESET)
</UL>
<P><STRONG><a name="[65]"></a>GPIOP2_Handler</STRONG> (Thumb, 2 bytes, Stack size 0 bytes, keiluvisoin_startup.o(.text))
<BR><BR>[Calls]<UL><LI><a href="#[65]">&gt;&gt;</a>&nbsp;&nbsp;&nbsp;GPIOP2_Handler
</UL>
<BR>[Called By]<UL><LI><a href="#[65]">&gt;&gt;</a>&nbsp;&nbsp;&nbsp;GPIOP2_Handler
</UL>
<BR>[Address Reference Count : 1]<UL><LI> keiluvisoin_startup.o(RESET)
</UL>
<P><STRONG><a name="[66]"></a>GPIOP3_Handler</STRONG> (Thumb, 2 bytes, Stack size 0 bytes, keiluvisoin_startup.o(.text))
<BR><BR>[Calls]<UL><LI><a href="#[66]">&gt;&gt;</a>&nbsp;&nbsp;&nbsp;GPIOP3_Handler
</UL>
<BR>[Called By]<UL><LI><a href="#[66]">&gt;&gt;</a>&nbsp;&nbsp;&nbsp;GPIOP3_Handler
</UL>
<BR>[Address Reference Count : 1]<UL><LI> keiluvisoin_startup.o(RESET)
</UL>
<P><STRONG><a name="[67]"></a>GPIOP4_Handler</STRONG> (Thumb, 2 bytes, Stack size 0 bytes, keiluvisoin_startup.o(.text))
<BR><BR>[Calls]<UL><LI><a href="#[67]">&gt;&gt;</a>&nbsp;&nbsp;&nbsp;GPIOP4_Handler
</UL>
<BR>[Called By]<UL><LI><a href="#[67]">&gt;&gt;</a>&nbsp;&nbsp;&nbsp;GPIOP4_Handler
</UL>
<BR>[Address Reference Count : 1]<UL><LI> keiluvisoin_startup.o(RESET)
</UL>
<P><STRONG><a name="[68]"></a>GPIOP5_Handler</STRONG> (Thumb, 2 bytes, Stack size 0 bytes, keiluvisoin_startup.o(.text))
<BR><BR>[Calls]<UL><LI><a href="#[68]">&gt;&gt;</a>&nbsp;&nbsp;&nbsp;GPIOP5_Handler
</UL>
<BR>[Called By]<UL><LI><a href="#[68]">&gt;&gt;</a>&nbsp;&nbsp;&nbsp;GPIOP5_Handler
</UL>
<BR>[Address Reference Count : 1]<UL><LI> keiluvisoin_startup.o(RESET)
</UL>
<P><STRONG><a name="[69]"></a>GPIOP6_Handler</STRONG> (Thumb, 2 bytes, Stack size 0 bytes, keiluvisoin_startup.o(.text))
<BR><BR>[Calls]<UL><LI><a href="#[69]">&gt;&gt;</a>&nbsp;&nbsp;&nbsp;GPIOP6_Handler
</UL>
<BR>[Called By]<UL><LI><a href="#[69]">&gt;&gt;</a>&nbsp;&nbsp;&nbsp;GPIOP6_Handler
</UL>
<BR>[Address Reference Count : 1]<UL><LI> keiluvisoin_startup.o(RESET)
</UL>
<P><STRONG><a name="[6a]"></a>GPIOP7_Handler</STRONG> (Thumb, 2 bytes, Stack size 0 bytes, keiluvisoin_startup.o(.text))
<BR><BR>[Calls]<UL><LI><a href="#[6a]">&gt;&gt;</a>&nbsp;&nbsp;&nbsp;GPIOP7_Handler
</UL>
<BR>[Called By]<UL><LI><a href="#[6a]">&gt;&gt;</a>&nbsp;&nbsp;&nbsp;GPIOP7_Handler
</UL>
<BR>[Address Reference Count : 1]<UL><LI> keiluvisoin_startup.o(RESET)
</UL>
<P><STRONG><a name="[6b]"></a>GPIOQ0_Handler</STRONG> (Thumb, 2 bytes, Stack size 0 bytes, keiluvisoin_startup.o(.text))
<BR><BR>[Calls]<UL><LI><a href="#[6b]">&gt;&gt;</a>&nbsp;&nbsp;&nbsp;GPIOQ0_Handler
</UL>
<BR>[Called By]<UL><LI><a href="#[6b]">&gt;&gt;</a>&nbsp;&nbsp;&nbsp;GPIOQ0_Handler
</UL>
<BR>[Address Reference Count : 1]<UL><LI> keiluvisoin_startup.o(RESET)
</UL>
<P><STRONG><a name="[6c]"></a>GPIOQ1_Handler</STRONG> (Thumb, 2 bytes, Stack size 0 bytes, keiluvisoin_startup.o(.text))
<BR><BR>[Calls]<UL><LI><a href="#[6c]">&gt;&gt;</a>&nbsp;&nbsp;&nbsp;GPIOQ1_Handler
</UL>
<BR>[Called By]<UL><LI><a href="#[6c]">&gt;&gt;</a>&nbsp;&nbsp;&nbsp;GPIOQ1_Handler
</UL>
<BR>[Address Reference Count : 1]<UL><LI> keiluvisoin_startup.o(RESET)
</UL>
<P><STRONG><a name="[6d]"></a>GPIOQ2_Handler</STRONG> (Thumb, 2 bytes, Stack size 0 bytes, keiluvisoin_startup.o(.text))
<BR><BR>[Calls]<UL><LI><a href="#[6d]">&gt;&gt;</a>&nbsp;&nbsp;&nbsp;GPIOQ2_Handler
</UL>
<BR>[Called By]<UL><LI><a href="#[6d]">&gt;&gt;</a>&nbsp;&nbsp;&nbsp;GPIOQ2_Handler
</UL>
<BR>[Address Reference Count : 1]<UL><LI> keiluvisoin_startup.o(RESET)
</UL>
<P><STRONG><a name="[6e]"></a>GPIOQ3_Handler</STRONG> (Thumb, 2 bytes, Stack size 0 bytes, keiluvisoin_startup.o(.text))
<BR><BR>[Calls]<UL><LI><a href="#[6e]">&gt;&gt;</a>&nbsp;&nbsp;&nbsp;GPIOQ3_Handler
</UL>
<BR>[Called By]<UL><LI><a href="#[6e]">&gt;&gt;</a>&nbsp;&nbsp;&nbsp;GPIOQ3_Handler
</UL>
<BR>[Address Reference Count : 1]<UL><LI> keiluvisoin_startup.o(RESET)
</UL>
<P><STRONG><a name="[6f]"></a>GPIOQ4_Handler</STRONG> (Thumb, 2 bytes, Stack size 0 bytes, keiluvisoin_startup.o(.text))
<BR><BR>[Calls]<UL><LI><a href="#[6f]">&gt;&gt;</a>&nbsp;&nbsp;&nbsp;GPIOQ4_Handler
</UL>
<BR>[Called By]<UL><LI><a href="#[6f]">&gt;&gt;</a>&nbsp;&nbsp;&nbsp;GPIOQ4_Handler
</UL>
<BR>[Address Reference Count : 1]<UL><LI> keiluvisoin_startup.o(RESET)
</UL>
<P><STRONG><a name="[70]"></a>GPIOQ5_Handler</STRONG> (Thumb, 2 bytes, Stack size 0 bytes, keiluvisoin_startup.o(.text))
<BR><BR>[Calls]<UL><LI><a href="#[70]">&gt;&gt;</a>&nbsp;&nbsp;&nbsp;GPIOQ5_Handler
</UL>
<BR>[Called By]<UL><LI><a href="#[70]">&gt;&gt;</a>&nbsp;&nbsp;&nbsp;GPIOQ5_Handler
</UL>
<BR>[Address Reference Count : 1]<UL><LI> keiluvisoin_startup.o(RESET)
</UL>
<P><STRONG><a name="[71]"></a>GPIOQ6_Handler</STRONG> (Thumb, 2 bytes, Stack size 0 bytes, keiluvisoin_startup.o(.text))
<BR><BR>[Calls]<UL><LI><a href="#[71]">&gt;&gt;</a>&nbsp;&nbsp;&nbsp;GPIOQ6_Handler
</UL>
<BR>[Called By]<UL><LI><a href="#[71]">&gt;&gt;</a>&nbsp;&nbsp;&nbsp;GPIOQ6_Handler
</UL>
<BR>[Address Reference Count : 1]<UL><LI> keiluvisoin_startup.o(RESET)
</UL>
<P><STRONG><a name="[72]"></a>GPIOQ7_Handler</STRONG> (Thumb, 2 bytes, Stack size 0 bytes, keiluvisoin_startup.o(.text))
<BR><BR>[Calls]<UL><LI><a href="#[72]">&gt;&gt;</a>&nbsp;&nbsp;&nbsp;GPIOQ7_Handler
</UL>
<BR>[Called By]<UL><LI><a href="#[72]">&gt;&gt;</a>&nbsp;&nbsp;&nbsp;GPIOQ7_Handler
</UL>
<BR>[Address Reference Count : 1]<UL><LI> keiluvisoin_startup.o(RESET)
</UL>
<P><STRONG><a name="[73]"></a>GPIOR_Handler</STRONG> (Thumb, 2 bytes, Stack size 0 bytes, keiluvisoin_startup.o(.text))
<BR><BR>[Calls]<UL><LI><a href="#[73]">&gt;&gt;</a>&nbsp;&nbsp;&nbsp;GPIOR_Handler
</UL>
<BR>[Called By]<UL><LI><a href="#[73]">&gt;&gt;</a>&nbsp;&nbsp;&nbsp;GPIOR_Handler
</UL>
<BR>[Address Reference Count : 1]<UL><LI> keiluvisoin_startup.o(RESET)
</UL>
<P><STRONG><a name="[74]"></a>GPIOS_Handler</STRONG> (Thumb, 2 bytes, Stack size 0 bytes, keiluvisoin_startup.o(.text))
<BR><BR>[Calls]<UL><LI><a href="#[74]">&gt;&gt;</a>&nbsp;&nbsp;&nbsp;GPIOS_Handler
</UL>
<BR>[Called By]<UL><LI><a href="#[74]">&gt;&gt;</a>&nbsp;&nbsp;&nbsp;GPIOS_Handler
</UL>
<BR>[Address Reference Count : 1]<UL><LI> keiluvisoin_startup.o(RESET)
</UL>
<P><STRONG><a name="[75]"></a>PMW1_0_Handler</STRONG> (Thumb, 2 bytes, Stack size 0 bytes, keiluvisoin_startup.o(.text))
<BR><BR>[Calls]<UL><LI><a href="#[75]">&gt;&gt;</a>&nbsp;&nbsp;&nbsp;PMW1_0_Handler
</UL>
<BR>[Called By]<UL><LI><a href="#[75]">&gt;&gt;</a>&nbsp;&nbsp;&nbsp;PMW1_0_Handler
</UL>
<BR>[Address Reference Count : 1]<UL><LI> keiluvisoin_startup.o(RESET)
</UL>
<P><STRONG><a name="[76]"></a>PWM1_1_Handler</STRONG> (Thumb, 2 bytes, Stack size 0 bytes, keiluvisoin_startup.o(.text))
<BR><BR>[Calls]<UL><LI><a href="#[76]">&gt;&gt;</a>&nbsp;&nbsp;&nbsp;PWM1_1_Handler
</UL>
<BR>[Called By]<UL><LI><a href="#[76]">&gt;&gt;</a>&nbsp;&nbsp;&nbsp;PWM1_1_Handler
</UL>
<BR>[Address Reference Count : 1]<UL><LI> keiluvisoin_startup.o(RESET)
</UL>
<P><STRONG><a name="[77]"></a>PWM1_2_Handler</STRONG> (Thumb, 2 bytes, Stack size 0 bytes, keiluvisoin_startup.o(.text))
<BR><BR>[Calls]<UL><LI><a href="#[77]">&gt;&gt;</a>&nbsp;&nbsp;&nbsp;PWM1_2_Handler
</UL>
<BR>[Called By]<UL><LI><a href="#[77]">&gt;&gt;</a>&nbsp;&nbsp;&nbsp;PWM1_2_Handler
</UL>
<BR>[Address Reference Count : 1]<UL><LI> keiluvisoin_startup.o(RESET)
</UL>
<P><STRONG><a name="[78]"></a>PWM1_3_Handler</STRONG> (Thumb, 2 bytes, Stack size 0 bytes, keiluvisoin_startup.o(.text))
<BR><BR>[Calls]<UL><LI><a href="#[78]">&gt;&gt;</a>&nbsp;&nbsp;&nbsp;PWM1_3_Handler
</UL>
<BR>[Called By]<UL><LI><a href="#[78]">&gt;&gt;</a>&nbsp;&nbsp;&nbsp;PWM1_3_Handler
</UL>
<BR>[Address Reference Count : 1]<UL><LI> keiluvisoin_startup.o(RESET)
</UL>
<P><STRONG><a name="[79]"></a>PWM1_FAULT_Handler</STRONG> (Thumb, 2 bytes, Stack size 0 bytes, keiluvisoin_startup.o(.text))
<BR><BR>[Calls]<UL><LI><a href="#[79]">&gt;&gt;</a>&nbsp;&nbsp;&nbsp;PWM1_FAULT_Handler
</UL>
<BR>[Called By]<UL><LI><a href="#[79]">&gt;&gt;</a>&nbsp;&nbsp;&nbsp;PWM1_FAULT_Handler
</UL>
<BR>[Address Reference Count : 1]<UL><LI> keiluvisoin_startup.o(RESET)
</UL>
<P><STRONG><a name="[e5]"></a>SysTick_Init</STRONG> (Thumb, 78 bytes, Stack size 0 bytes, counter.o(.text))
<BR><BR>[Called By]<UL><LI><a href="#[83]">&gt;&gt;</a>&nbsp;&nbsp;&nbsp;StartOS
</UL>

<P><STRONG><a name="[d9]"></a>OsCnt_IncrSystemCounter</STRONG> (Thumb, 30 bytes, Stack size 0 bytes, counter.o(.text))
<BR><BR>[Called By]<UL><LI><a href="#[d]">&gt;&gt;</a>&nbsp;&nbsp;&nbsp;SystemTimerHandler
</UL>

<P><STRONG><a name="[c4]"></a>OsCnt_GetSystemCounter</STRONG> (Thumb, 12 bytes, Stack size 0 bytes, counter.o(.text))
<BR><BR>[Called By]<UL><LI><a href="#[d]">&gt;&gt;</a>&nbsp;&nbsp;&nbsp;SystemTimerHandler
<LI><a href="#[ca]">&gt;&gt;</a>&nbsp;&nbsp;&nbsp;SetRelAlarm
<LI><a href="#[c2]">&gt;&gt;</a>&nbsp;&nbsp;&nbsp;GetAlarm
</UL>

<P><STRONG><a name="[d2]"></a>ErrorHook</STRONG> (Thumb, 2 bytes, Stack size 0 bytes, hook.o(.text))
<BR><BR>[Called By]<UL><LI><a href="#[cd]">&gt;&gt;</a>&nbsp;&nbsp;&nbsp;OsAlrm_AlarmActionExecute
<LI><a href="#[f6]">&gt;&gt;</a>&nbsp;&nbsp;&nbsp;OsTcb_WaitEventProcessor
<LI><a href="#[f1]">&gt;&gt;</a>&nbsp;&nbsp;&nbsp;OsTcb_TerminateTaskTCBProcessor
<LI><a href="#[f5]">&gt;&gt;</a>&nbsp;&nbsp;&nbsp;OsTcb_SetEventProcessor
<LI><a href="#[f2]">&gt;&gt;</a>&nbsp;&nbsp;&nbsp;OsTcb_ScheduleProcessor
<LI><a href="#[f7]">&gt;&gt;</a>&nbsp;&nbsp;&nbsp;OsTcb_ClearEventProcessor
<LI><a href="#[f4]">&gt;&gt;</a>&nbsp;&nbsp;&nbsp;OsTcb_ChainTaskTCBProcessor
<LI><a href="#[f3]">&gt;&gt;</a>&nbsp;&nbsp;&nbsp;OsTcb_ActivateTaskTCBProcesor
<LI><a href="#[f8]">&gt;&gt;</a>&nbsp;&nbsp;&nbsp;OsRes_GetResourceProcessor
<LI><a href="#[f9]">&gt;&gt;</a>&nbsp;&nbsp;&nbsp;OsRcb_ReleaseResourceProcessor
<LI><a href="#[df]">&gt;&gt;</a>&nbsp;&nbsp;&nbsp;OsTcb_GetEventProcessor
<LI><a href="#[cf]">&gt;&gt;</a>&nbsp;&nbsp;&nbsp;OsTcb_GetTaskStateProcessor
</UL>

<P><STRONG><a name="[e2]"></a>StartupHook</STRONG> (Thumb, 2 bytes, Stack size 0 bytes, hook.o(.text))
<BR><BR>[Called By]<UL><LI><a href="#[83]">&gt;&gt;</a>&nbsp;&nbsp;&nbsp;StartOS
</UL>

<P><STRONG><a name="[115]"></a>PreTaskHook</STRONG> (Thumb, 2 bytes, Stack size 0 bytes, hook.o(.text))
<BR><BR>[Called By]<UL><LI><a href="#[e4]">&gt;&gt;</a>&nbsp;&nbsp;&nbsp;OsTcb_JumpToNextTCB
</UL>

<P><STRONG><a name="[113]"></a>PostTaskHook</STRONG> (Thumb, 2 bytes, Stack size 0 bytes, hook.o(.text))
<BR><BR>[Called By]<UL><LI><a href="#[f6]">&gt;&gt;</a>&nbsp;&nbsp;&nbsp;OsTcb_WaitEventProcessor
<LI><a href="#[f1]">&gt;&gt;</a>&nbsp;&nbsp;&nbsp;OsTcb_TerminateTaskTCBProcessor
<LI><a href="#[e4]">&gt;&gt;</a>&nbsp;&nbsp;&nbsp;OsTcb_JumpToNextTCB
<LI><a href="#[f4]">&gt;&gt;</a>&nbsp;&nbsp;&nbsp;OsTcb_ChainTaskTCBProcessor
</UL>

<P><STRONG><a name="[ee]"></a>StackOverFlowHook</STRONG> (Thumb, 2 bytes, Stack size 0 bytes, hook.o(.text))
<BR><BR>[Called By]<UL><LI><a href="#[a]">&gt;&gt;</a>&nbsp;&nbsp;&nbsp;SVC_Dispatcher
</UL>

<P><STRONG><a name="[7b]"></a>SystemInit</STRONG> (Thumb, 2 bytes, Stack size 0 bytes, schedule.o(.text))
<BR>[Address Reference Count : 1]<UL><LI> keiluvisoin_startup.o(.text)
</UL>
<P><STRONG><a name="[7a]"></a>main</STRONG> (Thumb, 18 bytes, Stack size 0 bytes, schedule.o(.text))
<BR><BR>[Stack]<UL><LI>Max Depth = 40 + Unknown Stack Size
<LI>Call Chain = main &rArr; StartOS &rArr; OsTcb_JumpToNextTCB
</UL>
<BR>[Calls]<UL><LI><a href="#[83]">&gt;&gt;</a>&nbsp;&nbsp;&nbsp;StartOS
<LI><a href="#[82]">&gt;&gt;</a>&nbsp;&nbsp;&nbsp;Rte_Call_RP_WdgM_Init
</UL>
<BR>[Address Reference Count : 1]<UL><LI> entry9a.o(.ARM.Collect$$$$0000000B)
</UL>
<P><STRONG><a name="[0]"></a>OsTask_Component_Task</STRONG> (Thumb, 34 bytes, Stack size 0 bytes, schedule.o(.text))
<BR><BR>[Stack]<UL><LI>Max Depth = 40<LI>Call Chain = OsTask_Component_Task &rArr; Rte_EV_Component &rArr; FanControl_Runable &rArr; Rte_Call_RP_AdjustFan_ControlFan &rArr; AdjustFanControl
</UL>
<BR>[Calls]<UL><LI><a href="#[84]">&gt;&gt;</a>&nbsp;&nbsp;&nbsp;WaitEvent
<LI><a href="#[85]">&gt;&gt;</a>&nbsp;&nbsp;&nbsp;Rte_EV_Component
<LI><a href="#[86]">&gt;&gt;</a>&nbsp;&nbsp;&nbsp;ClearEvent
</UL>
<BR>[Address Reference Count : 1]<UL><LI> oscfg.o(.data.OsCfg_TCBs)
</UL>
<P><STRONG><a name="[1]"></a>OsTask_Main_Task</STRONG> (Thumb, 94 bytes, Stack size 0 bytes, schedule.o(.text))
[...]
</UL>

<P><STRONG><a name="[f6]"></a>OsTcb_WaitEventProcessor</STRONG> (Thumb, 154 bytes, Stack size 24 bytes, tcbprocessor.o(.text))
<BR><BR>[Stack]<UL><LI>Max Depth = 32<LI>Call Chain = OsTcb_WaitEventProcessor &rArr; OsTcb_CheckEventTrigger
</UL>
<BR>[Calls]<UL><LI><a href="#[113]">&gt;&gt;</a>&nbsp;&nbsp;&nbsp;PostTaskHook
<LI><a href="#[d2]">&gt;&gt;</a>&nbsp;&nbsp;&nbsp;ErrorHook
<LI><a href="#[112]">&gt;&gt;</a>&nbsp;&nbsp;&nbsp;OsTcb_GetResOccupied
<LI><a href="#[10d]">&gt;&gt;</a>&nbsp;&nbsp;&nbsp;OsTcb_TaskModelIsBasic
<LI><a href="#[11a]">&gt;&gt;</a>&nbsp;&nbsp;&nbsp;OsTcb_CheckEventTrigger
<LI><a href="#[10c]">&gt;&gt;</a>&nbsp;&nbsp;&nbsp;OsTcb_SetTaskState
<LI><a href="#[118]">&gt;&gt;</a>&nbsp;&nbsp;&nbsp;SVCCnxt_EventMgrGetEventMsk
<LI><a href="#[104]">&gt;&gt;</a>&nbsp;&nbsp;&nbsp;SVCCnxt_SetErrCode
<LI><a href="#[11b]">&gt;&gt;</a>&nbsp;&nbsp;&nbsp;OsErrMgr_StoreEventID
<LI><a href="#[e3]">&gt;&gt;</a>&nbsp;&nbsp;&nbsp;OsTcb_SetScheduleReq
<LI><a href="#[da]">&gt;&gt;</a>&nbsp;&nbsp;&nbsp;OsTcb_GetTaskIDProcessor
<LI><a href="#[d1]">&gt;&gt;</a>&nbsp;&nbsp;&nbsp;OsErrMgr_SetServiceID
</UL>
<BR>[Called By]<UL><LI><a href="#[a]">&gt;&gt;</a>&nbsp;&nbsp;&nbsp;SVC_Dispatcher
</UL>

<P><STRONG><a name="[cf]"></a>OsTcb_GetTaskStateProcessor</STRONG> (Thumb, 60 bytes, Stack size 16 bytes, tcbprocessor.o(.text))
<BR><BR>[Stack]<UL><LI>Max Depth = 16<LI>Call Chain = OsTcb_GetTaskStateProcessor
</UL>
<BR>[Calls]<UL><LI><a href="#[d2]">&gt;&gt;</a>&nbsp;&nbsp;&nbsp;ErrorHook
<LI><a href="#[10b]">&gt;&gt;</a>&nbsp;&nbsp;&nbsp;OsTcb_GetTaskState
<LI><a href="#[10a]">&gt;&gt;</a>&nbsp;&nbsp;&nbsp;OsTcb_TaskIDValid
<LI><a href="#[10f]">&gt;&gt;</a>&nbsp;&nbsp;&nbsp;OsErrMgr_StoreTaskID
<LI><a href="#[d1]">&gt;&gt;</a>&nbsp;&nbsp;&nbsp;OsErrMgr_SetServiceID
</UL>
<BR>[Called By]<UL><LI><a href="#[cd]">&gt;&gt;</a>&nbsp;&nbsp;&nbsp;OsAlrm_AlarmActionExecute
<LI><a href="#[ec]">&gt;&gt;</a>&nbsp;&nbsp;&nbsp;GetTaskState
</UL>

<P><STRONG><a name="[d3]"></a>OsTcb_TaskAlrmExpiredProcessor</STRONG> (Thumb, 32 bytes, Stack size 8 bytes, tcbprocessor.o(.text))
<BR><BR>[Stack]<UL><LI>Max Depth = 8<LI>Call Chain = OsTcb_TaskAlrmExpiredProcessor
</UL>
<BR>[Calls]<UL><LI><a href="#[10c]">&gt;&gt;</a>&nbsp;&nbsp;&nbsp;OsTcb_SetTaskState
</UL>
<BR>[Called By]<UL><LI><a href="#[cd]">&gt;&gt;</a>&nbsp;&nbsp;&nbsp;OsAlrm_AlarmActionExecute
</UL>

<P><STRONG><a name="[d0]"></a>OsTcb_EventAlrmExpiredProcessor</STRONG> (Thumb, 32 bytes, Stack size 16 bytes, tcbprocessor.o(.text))
<BR><BR>[Stack]<UL><LI>Max Depth = 24<LI>Call Chain = OsTcb_EventAlrmExpiredProcessor &rArr; OsTcb_SetTaskEvent
</UL>
<BR>[Calls]<UL><LI><a href="#[119]">&gt;&gt;</a>&nbsp;&nbsp;&nbsp;OsTcb_SetTaskEvent
<LI><a href="#[11a]">&gt;&gt;</a>&nbsp;&nbsp;&nbsp;OsTcb_CheckEventTrigger
<LI><a href="#[10c]">&gt;&gt;</a>&nbsp;&nbsp;&nbsp;OsTcb_SetTaskState
</UL>
<BR>[Called By]<UL><LI><a href="#[cd]">&gt;&gt;</a>&nbsp;&nbsp;&nbsp;OsAlrm_AlarmActionExecute
</UL>

<P><STRONG><a name="[101]"></a>OsTcb_SetTaskPri</STRONG> (Thumb, 18 bytes, Stack size 0 bytes, tcbprocessor.o(.text))
<BR><BR>[Called By]<UL><LI><a href="#[f8]">&gt;&gt;</a>&nbsp;&nbsp;&nbsp;OsRes_GetResourceProcessor
<LI><a href="#[f9]">&gt;&gt;</a>&nbsp;&nbsp;&nbsp;OsRcb_ReleaseResourceProcessor
</UL>

<P><STRONG><a name="[100]"></a>OsTcb_GetTaskPriorityEx</STRONG> (Thumb, 12 bytes, Stack size 8 bytes, tcbprocessor.o(.text))
<BR><BR>[Stack]<UL><LI>Max Depth = 8<LI>Call Chain = OsTcb_GetTaskPriorityEx
</UL>
<BR>[Calls]<UL><LI><a href="#[114]">&gt;&gt;</a>&nbsp;&nbsp;&nbsp;OsTcb_GetTaskPriority
</UL>
<BR>[Called By]<UL><LI><a href="#[f8]">&gt;&gt;</a>&nbsp;&nbsp;&nbsp;OsRes_GetResourceProcessor
</UL>

<P><STRONG><a name="[102]"></a>OsTcb_SetResOccupied</STRONG> (Thumb, 14 bytes, Stack size 0 bytes, tcbprocessor.o(.text))
<BR><BR>[Called By]<UL><LI><a href="#[f8]">&gt;&gt;</a>&nbsp;&nbsp;&nbsp;OsRes_GetResourceProcessor
<LI><a href="#[f9]">&gt;&gt;</a>&nbsp;&nbsp;&nbsp;OsRcb_ReleaseResourceProcessor
</UL>

<P><STRONG><a name="[fb]"></a>OsTcb_GetCurrentTCBRef</STRONG> (Thumb, 8 bytes, Stack size 0 bytes, tcbprocessor.o(.text))
<BR><BR>[Called By]<UL><LI><a href="#[e6]">&gt;&gt;</a>&nbsp;&nbsp;&nbsp;OsPort_JumpToApp
</UL>

<P><STRONG><a name="[11c]"></a>OsTcb_GetTcbSP</STRONG> (Thumb, 14 bytes, Stack size 0 bytes, tcbprocessor.o(.text))
<BR><BR>[Called By]<UL><LI><a href="#[fc]">&gt;&gt;</a>&nbsp;&nbsp;&nbsp;OsTcb_UpdatePSP
</UL>

<P><STRONG><a name="[d8]"></a>OsTcb_UpdateTCBSP</STRONG> (Thumb, 36 bytes, Stack size 16 bytes, tcbprocessor.o(.text))
<BR><BR>[Stack]<UL><LI>Max Depth = 16<LI>Call Chain = OsTcb_UpdateTCBSP
</UL>
<BR>[Calls]<UL><LI><a href="#[ef]">&gt;&gt;</a>&nbsp;&nbsp;&nbsp;OsPort_GetPSP
<LI><a href="#[da]">&gt;&gt;</a>&nbsp;&nbsp;&nbsp;OsTcb_GetTaskIDProcessor
</UL>
<BR>[Called By]<UL><LI><a href="#[d]">&gt;&gt;</a>&nbsp;&nbsp;&nbsp;SystemTimerHandler
<LI><a href="#[a]">&gt;&gt;</a>&nbsp;&nbsp;&nbsp;SVC_Dispatcher
</UL>

<P><STRONG><a name="[fc]"></a>OsTcb_UpdatePSP</STRONG> (Thumb, 56 bytes, Stack size 16 bytes, tcbprocessor.o(.text))
<BR><BR>[Stack]<UL><LI>Max Depth = 16<LI>Call Chain = OsTcb_UpdatePSP
</UL>
<BR>[Calls]<UL><LI><a href="#[11d]">&gt;&gt;</a>&nbsp;&nbsp;&nbsp;OsPort_SetPSP
<LI><a href="#[11c]">&gt;&gt;</a>&nbsp;&nbsp;&nbsp;OsTcb_GetTcbSP
<LI><a href="#[da]">&gt;&gt;</a>&nbsp;&nbsp;&nbsp;OsTcb_GetTaskIDProcessor
</UL>
<BR>[Called By]<UL><LI><a href="#[c]">&gt;&gt;</a>&nbsp;&nbsp;&nbsp;OsPort_PendSVHandler
</UL>

<P><STRONG><a name="[d4]"></a>OsTcb_SilenceHook</STRONG> (Thumb, 8 bytes, Stack size 0 bytes, tcbprocessor.o(.text))
<BR><BR>[Called By]<UL><LI><a href="#[cd]">&gt;&gt;</a>&nbsp;&nbsp;&nbsp;OsAlrm_AlarmActionExecute
<LI><a href="#[a]">&gt;&gt;</a>&nbsp;&nbsp;&nbsp;SVC_Dispatcher
<LI><a href="#[d6]">&gt;&gt;</a>&nbsp;&nbsp;&nbsp;SystemAlarmsProcessor
</UL>

<P><STRONG><a name="[f2]"></a>OsTcb_ScheduleProcessor</STRONG> (Thumb, 92 bytes, Stack size 8 bytes, tcbprocessor.o(.text))
<BR><BR>[Stack]<UL><LI>Max Depth = 8<LI>Call Chain = OsTcb_ScheduleProcessor
</UL>
<BR>[Calls]<UL><LI><a href="#[d2]">&gt;&gt;</a>&nbsp;&nbsp;&nbsp;ErrorHook
<LI><a href="#[104]">&gt;&gt;</a>&nbsp;&nbsp;&nbsp;SVCCnxt_SetErrCode
<LI><a href="#[d1]">&gt;&gt;</a>&nbsp;&nbsp;&nbsp;OsErrMgr_SetServiceID
</UL>
<BR>[Called By]<UL><LI><a href="#[a]">&gt;&gt;</a>&nbsp;&nbsp;&nbsp;SVC_Dispatcher
</UL>

<P><STRONG><a name="[ed]"></a>OsTcb_ThreadStackOverFlow</STRONG> (Thumb, 44 bytes, Stack size 16 bytes, tcbprocessor.o(.text))
<BR><BR>[Stack]<UL><LI>Max Depth = 16<LI>Call Chain = OsTcb_ThreadStackOverFlow
</UL>
<BR>[Calls]<UL><LI><a href="#[11e]">&gt;&gt;</a>&nbsp;&nbsp;&nbsp;OsErrMgr_SetOverFlowContext
</UL>
<BR>[Called By]<UL><LI><a href="#[a]">&gt;&gt;</a>&nbsp;&nbsp;&nbsp;SVC_Dispatcher
</UL>

<P><STRONG><a name="[111]"></a>OsPort_SetInitialStack</STRONG> (Thumb, 90 bytes, Stack size 0 bytes, portable.o(.text))
<BR><BR>[Called By]<UL><LI><a href="#[106]">&gt;&gt;</a>&nbsp;&nbsp;&nbsp;OsTcb_IdleTaskInit
<LI><a href="#[110]">&gt;&gt;</a>&nbsp;&nbsp;&nbsp;OsTcb_ResetTCB
</UL>

<P><STRONG><a name="[f0]"></a>OsPort_GetSVCNumber</STRONG> (Thumb, 14 bytes, Stack size 0 bytes, portable.o(.text))
<BR><BR>[Called By]<UL><LI><a href="#[a]">&gt;&gt;</a>&nbsp;&nbsp;&nbsp;SVC_Dispatcher
</UL>

<P><STRONG><a name="[ef]"></a>OsPort_GetPSP</STRONG> (Thumb, 8 bytes, Stack size 0 bytes, portable.o(.text))
<BR><BR>[Called By]<UL><LI><a href="#[a]">&gt;&gt;</a>&nbsp;&nbsp;&nbsp;SVC_Dispatcher
<LI><a href="#[d8]">&gt;&gt;</a>&nbsp;&nbsp;&nbsp;OsTcb_UpdateTCBSP
</UL>

<P><STRONG><a name="[11d]"></a>OsPort_SetPSP</STRONG> (Thumb, 6 bytes, Stack size 0 bytes, portable.o(.text))
<BR><BR>[Called By]<UL><LI><a href="#[fc]">&gt;&gt;</a>&nbsp;&nbsp;&nbsp;OsTcb_UpdatePSP
</UL>

<P><STRONG><a name="[fa]"></a>OsPort_SetThreadMode</STRONG> (Thumb, 14 bytes, Stack size 0 bytes, portable.o(.text))
<BR><BR>[Called By]<UL><LI><a href="#[e6]">&gt;&gt;</a>&nbsp;&nbsp;&nbsp;OsPort_JumpToApp
</UL>

<P><STRONG><a name="[e0]"></a>OsPort_CoreInit</STRONG> (Thumb, 14 bytes, Stack size 0 bytes, portable.o(.text))
<BR><BR>[Called By]<UL><LI><a href="#[83]">&gt;&gt;</a>&nbsp;&nbsp;&nbsp;StartOS
</UL>

<P><STRONG><a name="[b0]"></a>rand</STRONG> (Thumb, 20 bytes, Stack size 0 bytes, rand.o(.text))
<BR><BR>[Called By]<UL><LI><a href="#[af]">&gt;&gt;</a>&nbsp;&nbsp;&nbsp;Handle_Can_Interrupt
</UL>

<P><STRONG><a name="[135]"></a>srand</STRONG> (Thumb, 6 bytes, Stack size 0 bytes, rand.o(.text), UNUSED)

<P><STRONG><a name="[ae]"></a>__aeabi_memcpy</STRONG> (Thumb, 36 bytes, Stack size 0 bytes, memcpya.o(.text))
<BR><BR>[Called By]<UL><LI><a href="#[b1]">&gt;&gt;</a>&nbsp;&nbsp;&nbsp;Com_ReceiveSignal
<LI><a href="#[a3]">&gt;&gt;</a>&nbsp;&nbsp;&nbsp;Fls_Write
</UL>

<P><STRONG><a name="[136]"></a>__aeabi_memcpy4</STRONG> (Thumb, 0 bytes, Stack size 0 bytes, memcpya.o(.text), UNUSED)

<P><STRONG><a name="[137]"></a>__aeabi_memcpy8</STRONG> (Thumb, 0 bytes, Stack size 0 bytes, memcpya.o(.text), UNUSED)

<P><STRONG><a name="[81]"></a>__scatterload</STRONG> (Thumb, 28 bytes, Stack size 0 bytes, init.o(.text))
<BR><BR>[Calls]<UL><LI><a href="#[11f]">&gt;&gt;</a>&nbsp;&nbsp;&nbsp;__main_after_scatterload
</UL>
<BR>[Called By]<UL><LI><a href="#[80]">&gt;&gt;</a>&nbsp;&nbsp;&nbsp;_main_scatterload
</UL>

<P><STRONG><a name="[138]"></a>__scatterload_rt2</STRONG> (Thumb, 0 bytes, Stack size 0 bytes, init.o(.text), UNUSED)

<P><STRONG><a name="[139]"></a>__decompress</STRONG> (Thumb, 0 bytes, Stack size unknown bytes, __dczerorl.o(.text), UNUSED)

<P><STRONG><a name="[13a]"></a>__decompress0</STRONG> (Thumb, 58 bytes, Stack size unknown bytes, __dczerorl.o(.text), UNUSED)

<P><STRONG><a name="[13b]"></a>__scatterload_copy</STRONG> (Thumb, 14 bytes, Stack size unknown bytes, handlers.o(i.__scatterload_copy), UNUSED)

<P><STRONG><a name="[13c]"></a>__scatterload_null</STRONG> (Thumb, 2 bytes, Stack size unknown bytes, handlers.o(i.__scatterload_null), UNUSED)

<P><STRONG><a name="[13d]"></a>__scatterload_zeroinit</STRONG> (Thumb, 14 bytes, Stack size unknown bytes, handlers.o(i.__scatterload_zeroinit), UNUSED)
<P>
<H3>
Local Symbols
</H3>
<P><STRONG><a name="[c9]"></a>OsAlrm_AssignAlarmEntry</STRONG> (Thumb, 38 bytes, Stack size 12 bytes, alarm.o(.text), UNUSED)
<BR><BR>[Called By]<UL><LI><a href="#[ca]">&gt;&gt;</a>&nbsp;&nbsp;&nbsp;SetRelAlarm
<LI><a href="#[c6]">&gt;&gt;</a>&nbsp;&nbsp;&nbsp;SetAbsAlarm
</UL>

<P><STRONG><a name="[c8]"></a>OsAlrm_ValidateStartValue</STRONG> (Thumb, 44 bytes, Stack size 8 bytes, alarm.o(.text), UNUSED)
<BR><BR>[Called By]<UL><LI><a href="#[ca]">&gt;&gt;</a>&nbsp;&nbsp;&nbsp;SetRelAlarm
<LI><a href="#[c6]">&gt;&gt;</a>&nbsp;&nbsp;&nbsp;SetAbsAlarm
</UL>

<P><STRONG><a name="[c7]"></a>OsAlrm_ValidateCycle</STRONG> (Thumb, 46 bytes, Stack size 8 bytes, alarm.o(.text), UNUSED)
<BR><BR>[Called By]<UL><LI><a href="#[ca]">&gt;&gt;</a>&nbsp;&nbsp;&nbsp;SetRelAlarm
<LI><a href="#[c6]">&gt;&gt;</a>&nbsp;&nbsp;&nbsp;SetAbsAlarm
</UL>

<P><STRONG><a name="[cd]"></a>OsAlrm_AlarmActionExecute</STRONG> (Thumb, 200 bytes, Stack size 24 bytes, alarm.o(.text))
<BR><BR>[Stack]<UL><LI>Max Depth = 48<LI>Call Chain = OsAlrm_AlarmActionExecute &rArr; OsTcb_EventAlrmExpiredProcessor &rArr; OsTcb_SetTaskEvent
</UL>
<BR>[Calls]<UL><LI><a href="#[d2]">&gt;&gt;</a>&nbsp;&nbsp;&nbsp;ErrorHook
<LI><a href="#[d3]">&gt;&gt;</a>&nbsp;&nbsp;&nbsp;OsTcb_TaskAlrmExpiredProcessor
<LI><a href="#[d4]">&gt;&gt;</a>&nbsp;&nbsp;&nbsp;OsTcb_SilenceHook
<LI><a href="#[cf]">&gt;&gt;</a>&nbsp;&nbsp;&nbsp;OsTcb_GetTaskStateProcessor
<LI><a href="#[d0]">&gt;&gt;</a>&nbsp;&nbsp;&nbsp;OsTcb_EventAlrmExpiredProcessor
<LI><a href="#[d1]">&gt;&gt;</a>&nbsp;&nbsp;&nbsp;OsErrMgr_SetServiceID
<LI><a href="#[ce]">&gt;&gt;</a>&nbsp;&nbsp;&nbsp;OsAlrm_GetAlrmTaskID
</UL>
<BR>[Called By]<UL><LI><a href="#[d6]">&gt;&gt;</a>&nbsp;&nbsp;&nbsp;SystemAlarmsProcessor
</UL>

<P><STRONG><a name="[d5]"></a>OsAlrm_AlarmFireProcessor</STRONG> (Thumb, 82 bytes, Stack size 16 bytes, alarm.o(.text))
<BR><BR>[Stack]<UL><LI>Max Depth = 16<LI>Call Chain = OsAlrm_AlarmFireProcessor
</UL>
<BR>[Calls]<UL><LI><a href="#[cc]">&gt;&gt;</a>&nbsp;&nbsp;&nbsp;OsAlrm_DisableAlarm
<LI><a href="#[c5]">&gt;&gt;</a>&nbsp;&nbsp;&nbsp;OsAlrm_GetFirePoint
</UL>
<BR>[Called By]<UL><LI><a href="#[d6]">&gt;&gt;</a>&nbsp;&nbsp;&nbsp;SystemAlarmsProcessor
</UL>

<P><STRONG><a name="[d6]"></a>SystemAlarmsProcessor</STRONG> (Thumb, 74 bytes, Stack size 16 bytes, alarm.o(.text))
<BR><BR>[Stack]<UL><LI>Max Depth = 64<LI>Call Chain = SystemAlarmsProcessor &rArr; OsAlrm_AlarmActionExecute &rArr; OsTcb_EventAlrmExpiredProcessor &rArr; OsTcb_SetTaskEvent
</UL>
<BR>[Calls]<UL><LI><a href="#[cd]">&gt;&gt;</a>&nbsp;&nbsp;&nbsp;OsAlrm_AlarmActionExecute
<LI><a href="#[d4]">&gt;&gt;</a>&nbsp;&nbsp;&nbsp;OsTcb_SilenceHook
<LI><a href="#[c3]">&gt;&gt;</a>&nbsp;&nbsp;&nbsp;OsAlrm_AlarmIsEnabled
<LI><a href="#[d5]">&gt;&gt;</a>&nbsp;&nbsp;&nbsp;OsAlrm_AlarmFireProcessor
</UL>
<BR>[Called By]<UL><LI><a href="#[d]">&gt;&gt;</a>&nbsp;&nbsp;&nbsp;SystemTimerHandler
</UL>

<P><STRONG><a name="[c1]"></a>OsAlrm_ValidateID</STRONG> (Thumb, 16 bytes, Stack size 0 bytes, alarm.o(.text), UNUSED)
<BR><BR>[Called By]<UL><LI><a href="#[cb]">&gt;&gt;</a>&nbsp;&nbsp;&nbsp;CancelAlarm
<LI><a href="#[ca]">&gt;&gt;</a>&nbsp;&nbsp;&nbsp;SetRelAlarm
<LI><a href="#[c6]">&gt;&gt;</a>&nbsp;&nbsp;&nbsp;SetAbsAlarm
<LI><a href="#[c2]">&gt;&gt;</a>&nbsp;&nbsp;&nbsp;GetAlarm
<LI><a href="#[c0]">&gt;&gt;</a>&nbsp;&nbsp;&nbsp;GetAlarmBase
</UL>

<P><STRONG><a name="[c5]"></a>OsAlrm_GetFirePoint</STRONG> (Thumb, 14 bytes, Stack size 0 bytes, alarm.o(.text))
<BR><BR>[Called By]<UL><LI><a href="#[c2]">&gt;&gt;</a>&nbsp;&nbsp;&nbsp;GetAlarm
<LI><a href="#[d5]">&gt;&gt;</a>&nbsp;&nbsp;&nbsp;OsAlrm_AlarmFireProcessor
</UL>

<P><STRONG><a name="[c3]"></a>OsAlrm_AlarmIsEnabled</STRONG> (Thumb, 16 bytes, Stack size 0 bytes, alarm.o(.text))
<BR><BR>[Called By]<UL><LI><a href="#[cb]">&gt;&gt;</a>&nbsp;&nbsp;&nbsp;CancelAlarm
<LI><a href="#[ca]">&gt;&gt;</a>&nbsp;&nbsp;&nbsp;SetRelAlarm
<LI><a href="#[c6]">&gt;&gt;</a>&nbsp;&nbsp;&nbsp;SetAbsAlarm
<LI><a href="#[c2]">&gt;&gt;</a>&nbsp;&nbsp;&nbsp;GetAlarm
<LI><a href="#[d6]">&gt;&gt;</a>&nbsp;&nbsp;&nbsp;SystemAlarmsProcessor
</UL>

<P><STRONG><a name="[cc]"></a>OsAlrm_DisableAlarm</STRONG> (Thumb, 16 bytes, Stack size 0 bytes, alarm.o(.text))
<BR><BR>[Called By]<UL><LI><a href="#[cb]">&gt;&gt;</a>&nbsp;&nbsp;&nbsp;CancelAlarm
<LI><a href="#[d5]">&gt;&gt;</a>&nbsp;&nbsp;&nbsp;OsAlrm_AlarmFireProcessor
</UL>

<P><STRONG><a name="[ce]"></a>OsAlrm_GetAlrmTaskID</STRONG> (Thumb, 16 bytes, Stack size 0 bytes, alarm.o(.text))
<BR><BR>[Called By]<UL><LI><a href="#[cd]">&gt;&gt;</a>&nbsp;&nbsp;&nbsp;OsAlrm_AlarmActionExecute
</UL>

<P><STRONG><a name="[107]"></a>OsTcb_SetInitialStack</STRONG> (Thumb, 252 bytes, Stack size 0 bytes, tcbprocessor.o(.text))
<BR><BR>[Called By]<UL><LI><a href="#[e1]">&gt;&gt;</a>&nbsp;&nbsp;&nbsp;OsTcb_TasksInit
</UL>

<P><STRONG><a name="[105]"></a>OsTcb_StackPointersInit</STRONG> (Thumb, 110 bytes, Stack size 16 bytes, tcbprocessor.o(.text))
<BR><BR>[Stack]<UL><LI>Max Depth = 16<LI>Call Chain = OsTcb_StackPointersInit
</UL>
<BR>[Called By]<UL><LI><a href="#[e1]">&gt;&gt;</a>&nbsp;&nbsp;&nbsp;OsTcb_TasksInit
</UL>

<P><STRONG><a name="[10c]"></a>OsTcb_SetTaskState</STRONG> (Thumb, 20 bytes, Stack size 0 bytes, tcbprocessor.o(.text))
<BR><BR>[Called By]<UL><LI><a href="#[f6]">&gt;&gt;</a>&nbsp;&nbsp;&nbsp;OsTcb_WaitEventProcessor
<LI><a href="#[f5]">&gt;&gt;</a>&nbsp;&nbsp;&nbsp;OsTcb_SetEventProcessor
<LI><a href="#[e4]">&gt;&gt;</a>&nbsp;&nbsp;&nbsp;OsTcb_JumpToNextTCB
<LI><a href="#[f4]">&gt;&gt;</a>&nbsp;&nbsp;&nbsp;OsTcb_ChainTaskTCBProcessor
<LI><a href="#[f3]">&gt;&gt;</a>&nbsp;&nbsp;&nbsp;OsTcb_ActivateTaskTCBProcesor
<LI><a href="#[d3]">&gt;&gt;</a>&nbsp;&nbsp;&nbsp;OsTcb_TaskAlrmExpiredProcessor
<LI><a href="#[d0]">&gt;&gt;</a>&nbsp;&nbsp;&nbsp;OsTcb_EventAlrmExpiredProcessor
</UL>

<P><STRONG><a name="[10e]"></a>OsTcb_ResetTaskEvent</STRONG> (Thumb, 26 bytes, Stack size 0 bytes, tcbprocessor.o(.text))
<BR><BR>[Called By]<UL><LI><a href="#[f4]">&gt;&gt;</a>&nbsp;&nbsp;&nbsp;OsTcb_ChainTaskTCBProcessor
<LI><a href="#[f3]">&gt;&gt;</a>&nbsp;&nbsp;&nbsp;OsTcb_ActivateTaskTCBProcesor
</UL>

<P><STRONG><a name="[110]"></a>OsTcb_ResetTCB</STRONG> (Thumb, 66 bytes, Stack size 8 bytes, tcbprocessor.o(.text))
<BR><BR>[Stack]<UL><LI>Max Depth = 8<LI>Call Chain = OsTcb_ResetTCB
</UL>
<BR>[Calls]<UL><LI><a href="#[111]">&gt;&gt;</a>&nbsp;&nbsp;&nbsp;OsPort_SetInitialStack
</UL>
<BR>[Called By]<UL><LI><a href="#[f1]">&gt;&gt;</a>&nbsp;&nbsp;&nbsp;OsTcb_TerminateTaskTCBProcessor
<LI><a href="#[f4]">&gt;&gt;</a>&nbsp;&nbsp;&nbsp;OsTcb_ChainTaskTCBProcessor
</UL>

<P><STRONG><a name="[11a]"></a>OsTcb_CheckEventTrigger</STRONG> (Thumb, 42 bytes, Stack size 8 bytes, tcbprocessor.o(.text))
<BR><BR>[Stack]<UL><LI>Max Depth = 8<LI>Call Chain = OsTcb_CheckEventTrigger
</UL>
<BR>[Called By]<UL><LI><a href="#[f6]">&gt;&gt;</a>&nbsp;&nbsp;&nbsp;OsTcb_WaitEventProcessor
<LI><a href="#[f5]">&gt;&gt;</a>&nbsp;&nbsp;&nbsp;OsTcb_SetEventProcessor
<LI><a href="#[d0]">&gt;&gt;</a>&nbsp;&nbsp;&nbsp;OsTcb_EventAlrmExpiredProcessor
</UL>

<P><STRONG><a name="[119]"></a>OsTcb_SetTaskEvent</STRONG> (Thumb, 30 bytes, Stack size 8 bytes, tcbprocessor.o(.text))
<BR><BR>[Stack]<UL><LI>Max Depth = 8<LI>Call Chain = OsTcb_SetTaskEvent
</UL>
<BR>[Called By]<UL><LI><a href="#[f5]">&gt;&gt;</a>&nbsp;&nbsp;&nbsp;OsTcb_SetEventProcessor
<LI><a href="#[d0]">&gt;&gt;</a>&nbsp;&nbsp;&nbsp;OsTcb_EventAlrmExpiredProcessor
</UL>

<P><STRONG><a name="[108]"></a>OsTcb_StackCanarInit</STRONG> (Thumb, 114 bytes, Stack size 16 bytes, tcbprocessor.o(.text))
<BR><BR>[Stack]<UL><LI>Max Depth = 16<LI>Call Chain = OsTcb_StackCanarInit
</UL>
<BR>[Called By]<UL><LI><a href="#[e1]">&gt;&gt;</a>&nbsp;&nbsp;&nbsp;OsTcb_TasksInit
</UL>

<P><STRONG><a name="[106]"></a>OsTcb_IdleTaskInit</STRONG> (Thumb, 144 bytes, Stack size 8 bytes, tcbprocessor.o(.text))
<BR><BR>[Stack]<UL><LI>Max Depth = 8<LI>Call Chain = OsTcb_IdleTaskInit
</UL>
<BR>[Calls]<UL><LI><a href="#[111]">&gt;&gt;</a>&nbsp;&nbsp;&nbsp;OsPort_SetInitialStack
</UL>
<BR>[Called By]<UL><LI><a href="#[e1]">&gt;&gt;</a>&nbsp;&nbsp;&nbsp;OsTcb_TasksInit
</UL>

<P><STRONG><a name="[114]"></a>OsTcb_GetTaskPriority</STRONG> (Thumb, 16 bytes, Stack size 0 bytes, tcbprocessor.o(.text))
<BR><BR>[Called By]<UL><LI><a href="#[100]">&gt;&gt;</a>&nbsp;&nbsp;&nbsp;OsTcb_GetTaskPriorityEx
<LI><a href="#[e4]">&gt;&gt;</a>&nbsp;&nbsp;&nbsp;OsTcb_JumpToNextTCB
</UL>

<P><STRONG><a name="[10d]"></a>OsTcb_TaskModelIsBasic</STRONG> (Thumb, 24 bytes, Stack size 0 bytes, tcbprocessor.o(.text))
<BR><BR>[Called By]<UL><LI><a href="#[f6]">&gt;&gt;</a>&nbsp;&nbsp;&nbsp;OsTcb_WaitEventProcessor
<LI><a href="#[f5]">&gt;&gt;</a>&nbsp;&nbsp;&nbsp;OsTcb_SetEventProcessor
<LI><a href="#[f7]">&gt;&gt;</a>&nbsp;&nbsp;&nbsp;OsTcb_ClearEventProcessor
<LI><a href="#[f4]">&gt;&gt;</a>&nbsp;&nbsp;&nbsp;OsTcb_ChainTaskTCBProcessor
<LI><a href="#[f3]">&gt;&gt;</a>&nbsp;&nbsp;&nbsp;OsTcb_ActivateTaskTCBProcesor
<LI><a href="#[df]">&gt;&gt;</a>&nbsp;&nbsp;&nbsp;OsTcb_GetEventProcessor
</UL>

<P><STRONG><a name="[10a]"></a>OsTcb_TaskIDValid</STRONG> (Thumb, 18 bytes, Stack size 0 bytes, tcbprocessor.o(.text))
<BR><BR>[Called By]<UL><LI><a href="#[f5]">&gt;&gt;</a>&nbsp;&nbsp;&nbsp;OsTcb_SetEventProcessor
<LI><a href="#[f4]">&gt;&gt;</a>&nbsp;&nbsp;&nbsp;OsTcb_ChainTaskTCBProcessor
<LI><a href="#[f3]">&gt;&gt;</a>&nbsp;&nbsp;&nbsp;OsTcb_ActivateTaskTCBProcesor
<LI><a href="#[df]">&gt;&gt;</a>&nbsp;&nbsp;&nbsp;OsTcb_GetEventProcessor
<LI><a href="#[cf]">&gt;&gt;</a>&nbsp;&nbsp;&nbsp;OsTcb_GetTaskStateProcessor
</UL>

<P><STRONG><a name="[116]"></a>OsTcb_SetCurrentTCBRef</STRONG> (Thumb, 16 bytes, Stack size 0 bytes, tcbprocessor.o(.text))
<BR><BR>[Called By]<UL><LI><a href="#[e4]">&gt;&gt;</a>&nbsp;&nbsp;&nbsp;OsTcb_JumpToNextTCB
</UL>
<P>
<H3>
Undefined Global Symbols
</H3><HR></body></html>
